02-15 12:20:12.298  1685  1685 I ContentCaptureManagerService: Content capture data sharing session terminated successfully for package 'com.google.android.googlequicksearchbox'
02-15 12:20:16.378  1685  6947 W ProcessStats: Tracking association SourceState{f3d0540 com.google.android.gm/10186 Top #191914} whose proc state 1 is better than process ProcessState{414ec79 com.google.android.gms.persistent/10146 pkg=com.google.android.gms} proc state 2 (8 skipped)
02-15 12:20:31.304  1685  6947 W ProcessStats: Tracking association SourceState{4f4e74b com.google.android.gm/10186 Top #191925} whose proc state 1 is better than process ProcessState{414ec79 com.google.android.gms.persistent/10146 pkg=com.google.android.gms} proc state 2 (16 skipped)
02-15 12:20:34.132  1685  1866 W AppOps  : Noting op not finished: uid 10146 pkg com.google.android.gms code 79 startTime of in progress event=1676394842951
02-15 12:20:34.133  1685  1866 W AppOps  : Noting op not finished: uid 10146 pkg com.google.android.gms code 79 startTime of in progress event=1676394842951
02-15 12:20:34.134  1685  1866 W AppOps  : Noting op not finished: uid 10146 pkg com.google.android.gms code 79 startTime of in progress event=1676394842951
02-15 12:20:34.134  1685  1866 W AppOps  : Noting op not finished: uid 10146 pkg com.google.android.gms code 79 startTime of in progress event=1676394842951
02-15 12:20:34.135  1685  1866 W AppOps  : Noting op not finished: uid 10146 pkg com.google.android.gms code 79 startTime of in progress event=1676394842951
02-15 12:20:34.135  1685  1866 W AppOps  : Noting op not finished: uid 10146 pkg com.google.android.gms code 79 startTime of in progress event=1676394842951
02-15 12:20:34.136  1685  1866 W AppOps  : Noting op not finished: uid 10146 pkg com.google.android.gms code 79 startTime of in progress event=1676394842951
02-15 12:20:34.136  1685  1866 W AppOps  : Noting op not finished: uid 10146 pkg com.google.android.gms code 79 startTime of in progress event=1676394842951
02-15 12:20:34.137  1685  1866 W AppOps  : Noting op not finished: uid 10146 pkg com.google.android.gms code 79 startTime of in progress event=1676394842951
02-15 12:20:34.137  1685  1866 W AppOps  : Noting op not finished: uid 10146 pkg com.google.android.gms code 79 startTime of in progress event=1676394842951
02-15 12:20:34.138  1685  1866 W AppOps  : Noting op not finished: uid 10146 pkg com.google.android.gms code 79 startTime of in progress event=1676394842951
02-15 12:20:34.138  1685  1866 W AppOps  : Noting op not finished: uid 10146 pkg com.google.android.gms code 79 startTime of in progress event=1676394842951
02-15 12:20:34.139  1685  1866 W AppOps  : Noting op not finished: uid 10146 pkg com.google.android.gms code 79 startTime of in progress event=1676394842951
02-15 12:20:34.139  1685  1866 W AppOps  : Noting op not finished: uid 10146 pkg com.google.android.gms code 79 startTime of in progress event=1676394842951
02-15 12:20:34.140  1685  1866 W AppOps  : Noting op not finished: uid 10146 pkg com.google.android.gms code 79 startTime of in progress event=1676394842951
02-15 12:20:34.140  1685  1866 W AppOps  : Noting op not finished: uid 10146 pkg com.google.android.gms code 79 startTime of in progress event=1676394842951
02-15 12:20:46.374  1685  5544 W ProcessStats: Tracking association SourceState{f3d0540 com.google.android.gm/10186 Top #191939} whose proc state 1 is better than process ProcessState{414ec79 com.google.android.gms.persistent/10146 pkg=com.google.android.gms} proc state 2 (15 skipped)
02-15 12:21:01.326  1685  6947 W ProcessStats: Tracking association SourceState{f3d0540 com.google.android.gm/10186 Top #191946} whose proc state 1 is better than process ProcessState{414ec79 com.google.android.gms.persistent/10146 pkg=com.google.android.gms} proc state 2 (6 skipped)
02-15 12:21:16.424  1685  5998 W ProcessStats: Tracking association SourceState{f3d0540 com.google.android.gm/10186 Top #191957} whose proc state 1 is better than process ProcessState{414ec79 com.google.android.gms.persistent/10146 pkg=com.google.android.gms} proc state 2 (8 skipped)
02-15 12:21:27.878  1685  1782 I UsageStatsService: User[0] Flushing usage stats to disk
02-15 12:21:27.921  1685  1782 I UsageStatsService: User[10] Flushing usage stats to disk
02-15 12:21:34.423  1685  1866 W AppOps  : Noting op not finished: uid 10146 pkg com.google.android.gms code 79 startTime of in progress event=1676394842951
02-15 12:21:34.424  1685  1866 W AppOps  : Noting op not finished: uid 10146 pkg com.google.android.gms code 79 startTime of in progress event=1676394842951
02-15 12:21:34.424  1685  1866 W AppOps  : Noting op not finished: uid 10146 pkg com.google.android.gms code 79 startTime of in progress event=1676394842951
02-15 12:21:34.424  1685  1866 W AppOps  : Noting op not finished: uid 10146 pkg com.google.android.gms code 79 startTime of in progress event=1676394842951
02-15 12:21:34.424  1685  1866 W AppOps  : Noting op not finished: uid 10146 pkg com.google.android.gms code 79 startTime of in progress event=1676394842951
02-15 12:21:34.424  1685  1866 W AppOps  : Noting op not finished: uid 10146 pkg com.google.android.gms code 79 startTime of in progress event=1676394842951
02-15 12:21:34.424  1685  1866 W AppOps  : Noting op not finished: uid 10146 pkg com.google.android.gms code 79 startTime of in progress event=1676394842951
02-15 12:21:35.031  1685  1783 W ProcessStats: Tracking association SourceState{4f4e74b com.google.android.gm/10186 Top #191967} whose proc state 1 is better than process ProcessState{414ec79 com.google.android.gms.persistent/10146 pkg=com.google.android.gms} proc state 2 (16 skipped)
02-15 12:21:50.530  1685  5998 W ProcessStats: Tracking association SourceState{f3d0540 com.google.android.gm/10186 Top #191983} whose proc state 1 is better than process ProcessState{414ec79 com.google.android.gms.persistent/10146 pkg=com.google.android.gms} proc state 2 (19 skipped)
02-15 12:22:05.474  1685  5998 W ProcessStats: Tracking association SourceState{f3d0540 com.google.android.gm/10186 Top #191991} whose proc state 1 is better than process ProcessState{414ec79 com.google.android.gms.persistent/10146 pkg=com.google.android.gms} proc state 2 (7 skipped)
02-15 12:22:20.539  1685  5998 W ProcessStats: Tracking association SourceState{f3d0540 com.google.android.gm/10186 Top #192003} whose proc state 1 is better than process ProcessState{414ec79 com.google.android.gms.persistent/10146 pkg=com.google.android.gms} proc state 2 (9 skipped)
02-15 12:22:35.481  1685  6947 W ProcessStats: Tracking association SourceState{4f4e74b com.google.android.gm/10186 Top #192013} whose proc state 1 is better than process ProcessState{414ec79 com.google.android.gms.persistent/10146 pkg=com.google.android.gms} proc state 2 (16 skipped)
02-15 12:22:50.548  1685  5998 W ProcessStats: Tracking association SourceState{f3d0540 com.google.android.gm/10186 Top #192027} whose proc state 1 is better than process ProcessState{414ec79 com.google.android.gms.persistent/10146 pkg=com.google.android.gms} proc state 2 (15 skipped)
02-15 12:22:56.517  1685  1866 W AppOps  : Noting op not finished: uid 10146 pkg com.google.android.gms code 79 startTime of in progress event=1676394842951
02-15 12:22:56.518  1685  1866 W AppOps  : Noting op not finished: uid 10146 pkg com.google.android.gms code 79 startTime of in progress event=1676394842951
02-15 12:22:56.518  1685  1866 W AppOps  : Noting op not finished: uid 10146 pkg com.google.android.gms code 79 startTime of in progress event=1676394842951
02-15 12:22:56.519  1685  1866 W AppOps  : Noting op not finished: uid 10146 pkg com.google.android.gms code 79 startTime of in progress event=1676394842951
02-15 12:22:56.519  1685  1866 W AppOps  : Noting op not finished: uid 10146 pkg com.google.android.gms code 79 startTime of in progress event=1676394842951
02-15 12:22:56.519  1685  1866 W AppOps  : Noting op not finished: uid 10146 pkg com.google.android.gms code 79 startTime of in progress event=1676394842951
02-15 12:22:56.520  1685  1866 W AppOps  : Noting op not finished: uid 10146 pkg com.google.android.gms code 79 startTime of in progress event=1676394842951
02-15 12:23:05.501  1685  5544 W ProcessStats: Tracking association SourceState{f3d0540 com.google.android.gm/10186 Top #192034} whose proc state 1 is better than process ProcessState{414ec79 com.google.android.gms.persistent/10146 pkg=com.google.android.gms} proc state 2 (6 skipped)
02-15 12:23:20.568  1685  6947 W ProcessStats: Tracking association SourceState{f3d0540 com.google.android.gm/10186 Top #192045} whose proc state 1 is better than process ProcessState{414ec79 com.google.android.gms.persistent/10146 pkg=com.google.android.gms} proc state 2 (8 skipped)
02-15 12:23:35.528  1685  5544 W ProcessStats: Tracking association SourceState{4f4e74b com.google.android.gm/10186 Top #192055} whose proc state 1 is better than process ProcessState{414ec79 com.google.android.gms.persistent/10146 pkg=com.google.android.gms} proc state 2 (16 skipped)
02-15 12:23:50.636  1685  5998 W ProcessStats: Tracking association SourceState{f3d0540 com.google.android.gm/10186 Top #192072} whose proc state 1 is better than process ProcessState{414ec79 com.google.android.gms.persistent/10146 pkg=com.google.android.gms} proc state 2 (17 skipped)
02-15 12:24:05.541  1685  6947 W ProcessStats: Tracking association SourceState{f3d0540 com.google.android.gm/10186 Top #192080} whose proc state 1 is better than process ProcessState{414ec79 com.google.android.gms.persistent/10146 pkg=com.google.android.gms} proc state 2 (7 skipped)
02-15 12:24:14.437  1685  1782 E DiscreteRegistry: Deleting file 1675854862036tl
02-15 12:24:20.644  1685  6947 W ProcessStats: Tracking association SourceState{f3d0540 com.google.android.gm/10186 Top #192094} whose proc state 1 is better than process ProcessState{414ec79 com.google.android.gms.persistent/10146 pkg=com.google.android.gms} proc state 2 (11 skipped)
02-15 12:24:35.124  1685  6947 W ProcessStats: Tracking association SourceState{4f4e74b com.google.android.gm/10186 Top #192109} whose proc state 1 is better than process ProcessState{414ec79 com.google.android.gms.persistent/10146 pkg=com.google.android.gms} proc state 2 (20 skipped)
02-15 12:24:50.656  1685  6005 W ProcessStats: Tracking association SourceState{f3d0540 com.google.android.gm/10186 Top #192126} whose proc state 1 is better than process ProcessState{414ec79 com.google.android.gms.persistent/10146 pkg=com.google.android.gms} proc state 2 (19 skipped)
02-15 12:25:05.546  1685  1833 W ProcessStats: Tracking association SourceState{f3d0540 com.google.android.gm/10186 Top #192145} whose proc state 1 is better than process ProcessState{414ec79 com.google.android.gms.persistent/10146 pkg=com.google.android.gms} proc state 2 (15 skipped)
02-15 12:25:14.917  1685  1879 D ActivityManager: freezing 302 com.google.android.partnersetup
02-15 12:25:15.034  1685  1879 D ActivityManager: freezing 32749 com.google.android.partnersetup
02-15 12:25:15.302  1685  1879 D ActivityManager: freezing 25427 com.google.android.turboadapter
02-15 12:25:15.318  1685  1879 D ActivityManager: freezing 21820 com.google.android.apps.turbo
02-15 12:25:15.338  1685  1879 D ActivityManager: freezing 29373 com.google.android.apps.internal.betterbug
02-15 12:25:15.369  1685  1879 D ActivityManager: freezing 29318 com.google.android.apps.internal.betterbug
02-15 12:25:15.806  1685  1879 D ActivityManager: freezing 414 com.google.android.apps.work.clouddpc
02-15 12:25:16.329  1685  1879 D ActivityManager: freezing 799 com.android.providers.calendar
02-15 12:25:16.563  1685  1879 D ActivityManager: freezing 528 com.google.android.apps.turbo:aab
02-15 12:25:16.612  1685  1879 D ActivityManager: freezing 439 com.google.android.apps.wellbeing
02-15 12:25:20.607  1685  5998 W ProcessStats: Tracking association SourceState{f3d0540 com.google.android.gm/10186 Top #192159} whose proc state 1 is better than process ProcessState{414ec79 com.google.android.gms.persistent/10146 pkg=com.google.android.gms} proc state 2 (11 skipped)
02-15 12:25:35.565  1685  1833 W ProcessStats: Tracking association SourceState{4f4e74b com.google.android.gm/10186 Top #192172} whose proc state 1 is better than process ProcessState{414ec79 com.google.android.gms.persistent/10146 pkg=com.google.android.gms} proc state 2 (19 skipped)
02-15 12:25:47.671  1685  1879 D ActivityManager: freezing 25058 android.process.media
02-15 12:25:47.682  1685  1879 D ActivityManager: freezing 31020 android.process.acore
02-15 12:25:47.685  1685  1879 D ActivityManager: freezing 26182 com.google.process.gapps
02-15 12:25:47.709  1685  1879 D ActivityManager: freezing 29454 com.google.android.apps.healthdata
02-15 12:25:50.667  1685  5544 W ProcessStats: Tracking association SourceState{f3d0540 com.google.android.gm/10186 Top #192187} whose proc state 1 is better than process ProcessState{414ec79 com.google.android.gms.persistent/10146 pkg=com.google.android.gms} proc state 2 (17 skipped)
02-15 12:26:05.570  1685  1833 W ProcessStats: Tracking association SourceState{f3d0540 com.google.android.gm/10186 Top #192195} whose proc state 1 is better than process ProcessState{414ec79 com.google.android.gms.persistent/10146 pkg=com.google.android.gms} proc state 2 (7 skipped)
02-15 12:26:16.175  1685  1879 D ActivityManager: freezing 947 com.google.android.apps.fitness
02-15 12:26:20.652  1685  1833 W ProcessStats: Tracking association SourceState{f3d0540 com.google.android.gm/10186 Top #192207} whose proc state 1 is better than process ProcessState{414ec79 com.google.android.gms.persistent/10146 pkg=com.google.android.gms} proc state 2 (9 skipped)
02-15 12:26:28.446  1685  1879 D ActivityManager: freezing 31118 com.google.android.cellbroadcastreceiver
02-15 12:26:33.314  1685  1833 W ProcessStats: Tracking association SourceState{4f4e74b com.google.android.gm/10186 Top #192217} whose proc state 1 is better than process ProcessState{414ec79 com.google.android.gms.persistent/10146 pkg=com.google.android.gms} proc state 2 (16 skipped)
02-15 12:26:33.341  1685  1783 D ActivityManager: sync unfroze 26182 com.google.process.gapps
02-15 12:26:33.605  1685  6005 W AppOps  : Noting op not finished: uid 10168 pkg com.google.android.gms.location.history code 79 startTime of in progress event=1676394841327
02-15 12:28:04.876  1685  1879 D ActivityManager: freezing 26297 com.google.android.apps.photos
02-15 12:30:07.360  1685  6005 W ProcessStats: Tracking association SourceState{f3d0540 com.google.android.gm/10186 Top #192297} whose proc state 1 is better than process ProcessState{414ec79 com.google.android.gms.persistent/10146 pkg=com.google.android.gms} proc state 2 (124 skipped)
02-15 12:30:25.284  1685  1783 W ProcessCpuTracker: Failed to stat(/proc/2056): android.system.ErrnoException: stat failed: ENOENT (No such file or directory)
02-15 12:30:25.284  1685  1783 W ProcessCpuTracker: Skipping unknown process pid 2056
02-15 12:30:38.699  1685  1879 D ActivityManager: freezing 29718 com.google.android.settings.intelligence
02-15 12:30:38.721  1685  1879 D ActivityManager: freezing 29834 .ShannonImsService
02-15 12:30:41.993  1685  1879 D ActivityManager: freezing 1090 com.shannon.rcsservice:shannonrcsservice
02-15 12:30:43.562  1685  6005 W ProcessStats: Tracking association SourceState{f3d0540 com.google.android.gm/10186 Top #192322} whose proc state 1 is better than process ProcessState{414ec79 com.google.android.gms.persistent/10146 pkg=com.google.android.gms} proc state 2 (23 skipped)
02-15 12:30:59.711  1685  6947 W ProcessStats: Tracking association SourceState{f3d0540 com.google.android.gm/10186 Top #192338} whose proc state 1 is better than process ProcessState{414ec79 com.google.android.gms.persistent/10146 pkg=com.google.android.gms} proc state 2 (13 skipped)
02-15 12:31:13.412  1685  6947 W ProcessStats: Tracking association SourceState{4f4e74b com.google.android.gm/10186 Top #192348} whose proc state 1 is better than process ProcessState{414ec79 com.google.android.gms.persistent/10146 pkg=com.google.android.gms} proc state 2 (8 skipped)
02-15 12:31:14.724  1685  1879 D ActivityManager: freezing 22003 com.google.android.apps.messaging
02-15 12:31:28.502  1685  6947 W ProcessStats: Tracking association SourceState{f3d0540 com.google.android.gm/10186 Top #192362} whose proc state 1 is better than process ProcessState{414ec79 com.google.android.gms.persistent/10146 pkg=com.google.android.gms} proc state 2 (25 skipped)
02-15 12:31:42.569  1685  1879 D ActivityManager: freezing 29976 com.google.android.gms.unstable
02-15 12:31:44.819  1685  6947 W ProcessStats: Tracking association SourceState{f3d0540 com.google.android.gm/10186 Top #192378} whose proc state 1 is better than process ProcessState{414ec79 com.google.android.gms.persistent/10146 pkg=com.google.android.gms} proc state 2 (14 skipped)
02-15 12:31:59.736  1685  5998 W ProcessStats: Tracking association SourceState{f3d0540 com.google.android.gm/10186 Top #192389} whose proc state 1 is better than process ProcessState{414ec79 com.google.android.gms.persistent/10146 pkg=com.google.android.gms} proc state 2 (9 skipped)
02-15 12:32:13.431  1685  5998 W ProcessStats: Tracking association SourceState{4f4e74b com.google.android.gm/10186 Top #192398} whose proc state 1 is better than process ProcessState{414ec79 com.google.android.gms.persistent/10146 pkg=com.google.android.gms} proc state 2 (7 skipped)
02-15 12:32:28.504  1685  6005 W ProcessStats: Tracking association SourceState{f3d0540 com.google.android.gm/10186 Top #192410} whose proc state 1 is better than process ProcessState{414ec79 com.google.android.gms.persistent/10146 pkg=com.google.android.gms} proc state 2 (21 skipped)
02-15 12:32:28.513  1685  1879 D ActivityManager: freezing 31851 org.telegram.messenger
02-15 12:32:44.887  1685  5998 W ProcessStats: Tracking association SourceState{f3d0540 com.google.android.gm/10186 Top #192422} whose proc state 1 is better than process ProcessState{414ec79 com.google.android.gms.persistent/10146 pkg=com.google.android.gms} proc state 2 (10 skipped)
02-15 12:32:58.728  1685  1783 W ProcessStats: Tracking association SourceState{f3d0540 com.google.android.gm/10186 Top #192431} whose proc state 1 is better than process ProcessState{414ec79 com.google.android.gms.persistent/10146 pkg=com.google.android.gms} proc state 2 (7 skipped)
02-15 12:33:13.448  1685  5998 W ProcessStats: Tracking association SourceState{4f4e74b com.google.android.gm/10186 Top #192442} whose proc state 1 is better than process ProcessState{414ec79 com.google.android.gms.persistent/10146 pkg=com.google.android.gms} proc state 2 (9 skipped)
02-15 12:33:28.489  1685  5544 W ProcessStats: Tracking association SourceState{f3d0540 com.google.android.gm/10186 Top #192454} whose proc state 1 is better than process ProcessState{414ec79 com.google.android.gms.persistent/10146 pkg=com.google.android.gms} proc state 2 (21 skipped)
02-15 12:33:44.916  1685  6005 W ProcessStats: Tracking association SourceState{f3d0540 com.google.android.gm/10186 Top #192466} whose proc state 1 is better than process ProcessState{414ec79 com.google.android.gms.persistent/10146 pkg=com.google.android.gms} proc state 2 (10 skipped)
02-15 12:33:59.827  1685  5998 W ProcessStats: Tracking association SourceState{f3d0540 com.google.android.gm/10186 Top #192477} whose proc state 1 is better than process ProcessState{414ec79 com.google.android.gms.persistent/10146 pkg=com.google.android.gms} proc state 2 (7 skipped)
02-15 12:34:13.812  1685  5998 W ProcessStats: Tracking association SourceState{4f4e74b com.google.android.gm/10186 Top #192488} whose proc state 1 is better than process ProcessState{414ec79 com.google.android.gms.persistent/10146 pkg=com.google.android.gms} proc state 2 (10 skipped)
02-15 12:34:28.484  1685  5544 W ProcessStats: Tracking association SourceState{f3d0540 com.google.android.gm/10186 Top #192500} whose proc state 1 is better than process ProcessState{414ec79 com.google.android.gms.persistent/10146 pkg=com.google.android.gms} proc state 2 (21 skipped)
02-15 12:34:44.956  1685  6005 W ProcessStats: Tracking association SourceState{f3d0540 com.google.android.gm/10186 Top #192512} whose proc state 1 is better than process ProcessState{414ec79 com.google.android.gms.persistent/10146 pkg=com.google.android.gms} proc state 2 (10 skipped)
02-15 12:34:59.878  1685  6947 W ProcessStats: Tracking association SourceState{f3d0540 com.google.android.gm/10186 Top #192524} whose proc state 1 is better than process ProcessState{414ec79 com.google.android.gms.persistent/10146 pkg=com.google.android.gms} proc state 2 (8 skipped)
02-15 12:35:13.482  1685  6947 W ProcessStats: Tracking association SourceState{4f4e74b com.google.android.gm/10186 Top #192533} whose proc state 1 is better than process ProcessState{414ec79 com.google.android.gms.persistent/10146 pkg=com.google.android.gms} proc state 2 (7 skipped)
02-15 12:35:28.535  1685  5544 W ProcessStats: Tracking association SourceState{f3d0540 com.google.android.gm/10186 Top #192548} whose proc state 1 is better than process ProcessState{414ec79 com.google.android.gms.persistent/10146 pkg=com.google.android.gms} proc state 2 (25 skipped)
02-15 12:35:31.352  1685  1783 I ActivityManager: Killing 15437:com.google.android.gm/u10a186 (adj 700): excessive cpu 14790 during 300122 dur=991249 limit=2
02-15 12:35:31.591  1685  3999 I WindowManager: WIN DEATH: Window{4feeade u10 com.google.android.gm/com.google.android.apps.dynamite.features.hub.navigation.PeopleActivity}
02-15 12:35:31.595  1685  3928 I WindowManager: WIN DEATH: Window{355dd u10 com.google.android.gm/com.google.android.apps.dynamite.features.hub.navigation.PeopleActivity}
02-15 12:35:31.596  1685  5023 I WindowManager: WIN DEATH: Window{f68f640 u10 com.google.android.gm/com.google.android.gm.ui.MailActivityGmail}
02-15 12:35:31.598  1685  3377 I WindowManager: WIN DEATH: Window{fa12251 u10 com.google.android.gm/com.google.android.apps.dynamite.features.hub.navigation.PeopleActivity}
02-15 12:35:31.603  1685  2182 I WindowManager: WIN DEATH: Window{e6bce17 u10 com.google.android.gm/com.google.android.apps.dynamite.features.hub.navigation.PeopleActivity}
02-15 12:35:31.607  1685  5243 I WindowManager: WIN DEATH: Window{4f78855 u10 com.google.android.gm/com.google.android.apps.dynamite.features.hub.navigation.RoomsActivity}
02-15 12:35:31.609  1685  6005 I WindowManager: WIN DEATH: Window{f2bd202 u10 com.google.android.gm/com.google.android.apps.dynamite.features.hub.navigation.RoomsActivity}
02-15 12:35:31.625  1685  5544 I ActivityManager: Killing 26182:com.google.process.gapps/u0a146 (adj 975): empty #33
02-15 12:35:31.626  1685  1774 W ActivityManager: setHasOverlayUi called on unknown pid: 15437
02-15 12:35:31.835  1685  1782 W UsageStatsService: Unexpected activity event reported! (com.google.android.gm/com.google.android.apps.dynamite.features.hub.navigation.PeopleActivity event : 23 instanceId : 15145704)
02-15 12:35:31.835  1685  1782 W UsageStatsService: Unexpected activity event reported! (com.google.android.gm/com.google.android.apps.dynamite.features.hub.navigation.RoomsActivity event : 23 instanceId : 152653898)
02-15 12:35:31.835  1685  1782 W UsageStatsService: Unexpected activity event reported! (com.google.android.gm/com.google.android.apps.dynamite.features.hub.navigation.PeopleActivity event : 23 instanceId : 225042589)
02-15 12:35:31.835  1685  1782 W UsageStatsService: Unexpected activity event reported! (com.google.android.gm/com.google.android.apps.dynamite.features.hub.navigation.PeopleActivity event : 23 instanceId : 102498237)
02-15 12:35:31.835  1685  1782 W UsageStatsService: Unexpected activity event reported! (com.google.android.gm/com.google.android.gm.ui.MailActivityGmail event : 23 instanceId : 104796691)
02-15 12:35:31.835  1685  1782 W UsageStatsService: Unexpected activity event reported! (com.google.android.gm/com.google.android.apps.dynamite.features.hub.navigation.RoomsActivity event : 23 instanceId : 263361637)
02-15 12:35:31.835  1685  1782 W UsageStatsService: Unexpected activity event reported! (com.google.android.gm/com.google.android.apps.dynamite.features.hub.navigation.PeopleActivity event : 23 instanceId : 145713251)
02-15 12:35:56.566  1685  1743 I ActivityManager: Killing 302:com.google.android.partnersetup/u10a100 (adj 975): empty #33
02-15 12:37:54.443  1685  1783 W ProcessStats: Tracking association SourceState{f3d0540 com.google.android.gm/10186 Top #192574} whose proc state 1 is better than process ProcessState{414ec79 com.google.android.gms.persistent/10146 pkg=com.google.android.gms} proc state 2 (23 skipped)
02-15 12:37:54.444  1685  1783 D CompatibilityChangeReporter: Compat change id reported: 168419799; UID 1010130; state: DISABLED
02-15 12:38:26.126  1685  1866 W AppOps  : Noting op not finished: uid 10146 pkg com.google.android.gms code 79 startTime of in progress event=1676394842951
02-15 12:38:26.127  1685  1866 W AppOps  : Noting op not finished: uid 10146 pkg com.google.android.gms code 79 startTime of in progress event=1676394842951
02-15 12:38:26.127  1685  1866 W AppOps  : Noting op not finished: uid 10146 pkg com.google.android.gms code 79 startTime of in progress event=1676394842951
02-15 12:38:26.127  1685  1866 W AppOps  : Noting op not finished: uid 10146 pkg com.google.android.gms code 79 startTime of in progress event=1676394842951
02-15 12:38:26.127  1685  1866 W AppOps  : Noting op not finished: uid 10146 pkg com.google.android.gms code 79 startTime of in progress event=1676394842951
02-15 12:38:26.127  1685  1866 W AppOps  : Noting op not finished: uid 10146 pkg com.google.android.gms code 79 startTime of in progress event=1676394842951
02-15 12:38:26.128  1685  1866 W AppOps  : Noting op not finished: uid 10146 pkg com.google.android.gms code 79 startTime of in progress event=1676394842951
02-15 12:38:26.128  1685  1866 W AppOps  : Noting op not finished: uid 10146 pkg com.google.android.gms code 79 startTime of in progress event=1676394842951
02-15 12:38:26.128  1685  1866 W AppOps  : Noting op not finished: uid 10146 pkg com.google.android.gms code 79 startTime of in progress event=1676394842951
02-15 12:38:26.128  1685  1866 W AppOps  : Noting op not finished: uid 10146 pkg com.google.android.gms code 79 startTime of in progress event=1676394842951
02-15 12:38:26.128  1685  1866 W AppOps  : Noting op not finished: uid 10146 pkg com.google.android.gms code 79 startTime of in progress event=1676394842951
02-15 12:38:26.129  1685  1866 W AppOps  : Noting op not finished: uid 10146 pkg com.google.android.gms code 79 startTime of in progress event=1676394842951
02-15 12:38:26.129  1685  1866 W AppOps  : Noting op not finished: uid 10146 pkg com.google.android.gms code 79 startTime of in progress event=1676394842951
02-15 12:39:35.478  1685  1782 E DiscreteRegistry: Deleting file 1675855823060tl
02-15 12:39:42.376  1685  5544 W ProcessStats: Tracking association SourceState{f3d0540 com.google.android.gm/10186 Top #192612} whose proc state 1 is better than process ProcessState{414ec79 com.google.android.gms.persistent/10146 pkg=com.google.android.gms} proc state 2 (21 skipped)
02-15 12:39:57.761  1685  5544 W ProcessStats: Tracking association SourceState{f3d0540 com.google.android.gm/10186 Top #192632} whose proc state 1 is better than process ProcessState{414ec79 com.google.android.gms.persistent/10146 pkg=com.google.android.gms} proc state 2 (15 skipped)
02-15 12:40:12.633  1685  2192 W ProcessStats: Tracking association SourceState{4f4e74b com.google.android.gm/10186 Top #192648} whose proc state 1 is better than process ProcessState{414ec79 com.google.android.gms.persistent/10146 pkg=com.google.android.gms} proc state 2 (19 skipped)
02-15 12:40:27.738  1685  5544 W ProcessStats: Tracking association SourceState{f3d0540 com.google.android.gm/10186 Top #192665} whose proc state 1 is better than process ProcessState{414ec79 com.google.android.gms.persistent/10146 pkg=com.google.android.gms} proc state 2 (19 skipped)
02-15 12:40:36.370  1685  1783 D CompatibilityChangeReporter: Compat change id reported: 168419799; UID 10138; state: DISABLED
02-15 12:40:36.406  1685  2192 D ActivityManager: sync unfroze 21820 com.google.android.apps.turbo
02-15 12:40:36.407  1685  2192 D CompatibilityChangeReporter: Compat change id reported: 168419799; UID 1010138; state: DISABLED
02-15 12:40:42.655  1685  2192 W ProcessStats: Tracking association SourceState{f3d0540 com.google.android.gm/10186 Top #192689} whose proc state 1 is better than process ProcessState{414ec79 com.google.android.gms.persistent/10146 pkg=com.google.android.gms} proc state 2 (19 skipped)
02-15 12:40:54.876  1685  2192 W ProcessStats: Tracking association SourceState{f3d0540 com.google.android.gm/10186 Top #192706} whose proc state 1 is better than process ProcessState{414ec79 com.google.android.gms.persistent/10146 pkg=com.google.android.gms} proc state 2 (12 skipped)
02-15 12:40:54.893  1685  1783 D ActivityManager: sync unfroze 31851 org.telegram.messenger
02-15 12:40:57.828  1685  2183 I ActivityManager: Killing 32749:com.google.android.partnersetup/u0a100 (adj 999): empty #33
02-15 12:41:05.174  1685  1743 W ProcessStats: Tracking association SourceState{4f4e74b com.google.android.gm/10186 Top #192732} whose proc state 1 is better than process ProcessState{414ec79 com.google.android.gms.persistent/10146 pkg=com.google.android.gms} proc state 2 (18 skipped)
02-15 12:41:14.758  1685  1866 W AppOps  : Noting op not finished: uid 10146 pkg com.google.android.gms code 79 startTime of in progress event=1676394842951
02-15 12:41:14.760  1685  1866 W AppOps  : Noting op not finished: uid 10146 pkg com.google.android.gms code 79 startTime of in progress event=1676394842951
02-15 12:41:14.761  1685  1866 W AppOps  : Noting op not finished: uid 10146 pkg com.google.android.gms code 79 startTime of in progress event=1676394842951
02-15 12:41:14.761  1685  1866 W AppOps  : Noting op not finished: uid 10146 pkg com.google.android.gms code 79 startTime of in progress event=1676394842951
02-15 12:41:14.762  1685  1866 W AppOps  : Noting op not finished: uid 10146 pkg com.google.android.gms code 79 startTime of in progress event=1676394842951
02-15 12:41:14.762  1685  1866 W AppOps  : Noting op not finished: uid 10146 pkg com.google.android.gms code 79 startTime of in progress event=1676394842951
02-15 12:41:14.762  1685  1866 W AppOps  : Noting op not finished: uid 10146 pkg com.google.android.gms code 79 startTime of in progress event=1676394842951
02-15 12:41:14.763  1685  1866 W AppOps  : Noting op not finished: uid 10146 pkg com.google.android.gms code 79 startTime of in progress event=1676394842951
02-15 12:41:14.763  1685  1866 W AppOps  : Noting op not finished: uid 10146 pkg com.google.android.gms code 79 startTime of in progress event=1676394842951
02-15 12:41:14.763  1685  1866 W AppOps  : Noting op not finished: uid 10146 pkg com.google.android.gms code 79 startTime of in progress event=1676394842951
02-15 12:41:14.764  1685  1866 W AppOps  : Noting op not finished: uid 10146 pkg com.google.android.gms code 79 startTime of in progress event=1676394842951
02-15 12:41:14.764  1685  1866 W AppOps  : Noting op not finished: uid 10146 pkg com.google.android.gms code 79 startTime of in progress event=1676394842951
02-15 12:41:14.764  1685  1866 W AppOps  : Noting op not finished: uid 10146 pkg com.google.android.gms code 79 startTime of in progress event=1676394842951
02-15 12:41:14.764  1685  1866 W AppOps  : Noting op not finished: uid 10146 pkg com.google.android.gms code 79 startTime of in progress event=1676394842951
02-15 12:41:14.765  1685  1866 W AppOps  : Noting op not finished: uid 10146 pkg com.google.android.gms code 79 startTime of in progress event=1676394842951
02-15 12:41:14.765  1685  1866 W AppOps  : Noting op not finished: uid 10146 pkg com.google.android.gms code 79 startTime of in progress event=1676394842951
02-15 12:41:14.765  1685  1866 W AppOps  : Noting op not finished: uid 10146 pkg com.google.android.gms code 79 startTime of in progress event=1676394842951
02-15 12:41:14.765  1685  1866 W AppOps  : Noting op not finished: uid 10146 pkg com.google.android.gms code 79 startTime of in progress event=1676394842951
02-15 12:41:14.765  1685  1866 W AppOps  : Noting op not finished: uid 10146 pkg com.google.android.gms code 79 startTime of in progress event=1676394842951
02-15 12:41:18.506  1685  2033 W ProcessStats: Tracking association SourceState{4f4e74b com.google.android.gm/10186 Top #192750} whose proc state 1 is better than process ProcessState{414ec79 com.google.android.gms.persistent/10146 pkg=com.google.android.gms} proc state 2 (29 skipped)
02-15 12:41:28.772  1685  2033 W ProcessStats: Tracking association SourceState{f3d0540 com.google.android.gm/10186 Top #192764} whose proc state 1 is better than process ProcessState{414ec79 com.google.android.gms.persistent/10146 pkg=com.google.android.gms} proc state 2 (12 skipped)
02-15 12:41:42.707  1685  2033 W ProcessStats: Tracking association SourceState{f3d0540 com.google.android.gm/10186 Top #192772} whose proc state 1 is better than process ProcessState{414ec79 com.google.android.gms.persistent/10146 pkg=com.google.android.gms} proc state 2 (7 skipped)
02-15 12:41:57.846  1685  2192 W ProcessStats: Tracking association SourceState{f3d0540 com.google.android.gm/10186 Top #192788} whose proc state 1 is better than process ProcessState{414ec79 com.google.android.gms.persistent/10146 pkg=com.google.android.gms} proc state 2 (11 skipped)
02-15 12:42:08.564  1685  1743 W ProcessStats: Tracking association SourceState{4f4e74b com.google.android.gm/10186 Top #192807} whose proc state 1 is better than process ProcessState{414ec79 com.google.android.gms.persistent/10146 pkg=com.google.android.gms} proc state 2 (21 skipped)
02-15 12:42:18.747  1685  2192 W ProcessStats: Tracking association SourceState{4f4e74b com.google.android.gm/10186 Top #192818} whose proc state 1 is better than process ProcessState{414ec79 com.google.android.gms.persistent/10146 pkg=com.google.android.gms} proc state 2 (15 skipped)
02-15 12:42:28.788  1685  5544 W ProcessStats: Tracking association SourceState{f3d0540 com.google.android.gm/10186 Top #192835} whose proc state 1 is better than process ProcessState{414ec79 com.google.android.gms.persistent/10146 pkg=com.google.android.gms} proc state 2 (13 skipped)
02-15 12:42:42.770  1685  5243 W ProcessStats: Tracking association SourceState{f3d0540 com.google.android.gm/10186 Top #192844} whose proc state 1 is better than process ProcessState{414ec79 com.google.android.gms.persistent/10146 pkg=com.google.android.gms} proc state 2 (8 skipped)
02-15 12:42:57.869  1685  5544 W ProcessStats: Tracking association SourceState{f3d0540 com.google.android.gm/10186 Top #192860} whose proc state 1 is better than process ProcessState{414ec79 com.google.android.gms.persistent/10146 pkg=com.google.android.gms} proc state 2 (11 skipped)
02-15 12:43:12.807  1685  5544 W ProcessStats: Tracking association SourceState{4f4e74b com.google.android.gm/10186 Top #192878} whose proc state 1 is better than process ProcessState{414ec79 com.google.android.gms.persistent/10146 pkg=com.google.android.gms} proc state 2 (21 skipped)
02-15 12:43:17.343  1685  1783 D ActivityManager: sync unfroze 29976 com.google.android.gms.unstable
02-15 12:43:17.545  1685  6005 W AppOps  : Noting op not finished: uid 10168 pkg com.google.android.gms.location.history code 79 startTime of in progress event=1676394841327
02-15 12:43:27.871  1685  2192 W ProcessStats: Tracking association SourceState{f3d0540 com.google.android.gm/10186 Top #192945} whose proc state 1 is better than process ProcessState{414ec79 com.google.android.gms.persistent/10146 pkg=com.google.android.gms} proc state 2 (92 skipped)
02-15 12:43:41.651  1685  5544 W ProcessStats: Tracking association SourceState{f3d0540 com.google.android.gm/10186 Top #192969} whose proc state 1 is better than process ProcessState{414ec79 com.google.android.gms.persistent/10146 pkg=com.google.android.gms} proc state 2 (21 skipped)
02-15 12:43:51.821  1685  1743 W ProcessStats: Tracking association SourceState{f3d0540 com.google.android.gm/10186 Top #192981} whose proc state 1 is better than process ProcessState{414ec79 com.google.android.gms.persistent/10146 pkg=com.google.android.gms} proc state 2 (8 skipped)
02-15 12:44:02.596  1685  1743 W ProcessStats: Tracking association SourceState{f3d0540 com.google.android.gm/10186 Top #193000} whose proc state 1 is better than process ProcessState{414ec79 com.google.android.gms.persistent/10146 pkg=com.google.android.gms} proc state 2 (16 skipped)
02-15 12:44:12.860  1685  1743 W ProcessStats: Tracking association SourceState{4f4e74b com.google.android.gm/10186 Top #193006} whose proc state 1 is better than process ProcessState{414ec79 com.google.android.gms.persistent/10146 pkg=com.google.android.gms} proc state 2 (10 skipped)
02-15 12:44:27.945  1685  2033 W ProcessStats: Tracking association SourceState{f3d0540 com.google.android.gm/10186 Top #193027} whose proc state 1 is better than process ProcessState{414ec79 com.google.android.gms.persistent/10146 pkg=com.google.android.gms} proc state 2 (25 skipped)
02-15 12:44:51.440  1685  1866 W AppOps  : Noting op not finished: uid 10146 pkg com.google.android.gms code 79 startTime of in progress event=1676394842951
02-15 12:44:51.440  1685  1866 W AppOps  : Noting op not finished: uid 10146 pkg com.google.android.gms code 79 startTime of in progress event=1676394842951
02-15 12:44:51.440  1685  1866 W AppOps  : Noting op not finished: uid 10146 pkg com.google.android.gms code 79 startTime of in progress event=1676394842951
02-15 12:44:51.441  1685  1866 W AppOps  : Noting op not finished: uid 10146 pkg com.google.android.gms code 79 startTime of in progress event=1676394842951
02-15 12:44:52.901  1685  1866 W AppOps  : Noting op not finished: uid 10146 pkg com.google.android.gms code 79 startTime of in progress event=1676394842951
02-15 12:44:59.238  1685  1879 D ActivityManager: freezing 3842 com.google.android.googlequicksearchbox:search
02-15 12:44:59.256  1685  1866 W AppOps  : Noting op not finished: uid 10146 pkg com.google.android.gms code 79 startTime of in progress event=1676394842951
02-15 12:44:59.257  1685  1866 W AppOps  : Noting op not finished: uid 10146 pkg com.google.android.gms code 79 startTime of in progress event=1676394842951
02-15 12:44:59.257  1685  1866 W AppOps  : Noting op not finished: uid 10146 pkg com.google.android.gms code 79 startTime of in progress event=1676394842951
02-15 12:44:59.257  1685  1866 W AppOps  : Noting op not finished: uid 10146 pkg com.google.android.gms code 79 startTime of in progress event=1676394842951
02-15 12:44:59.258  1685  1866 W AppOps  : Noting op not finished: uid 10146 pkg com.google.android.gms code 79 startTime of in progress event=1676394842951
02-15 12:44:59.258  1685  1866 W AppOps  : Noting op not finished: uid 10146 pkg com.google.android.gms code 79 startTime of in progress event=1676394842951
02-15 12:44:59.258  1685  1866 W AppOps  : Noting op not finished: uid 10146 pkg com.google.android.gms code 79 startTime of in progress event=1676394842951
02-15 12:45:03.144  1685  1866 W AppOps  : Noting op not finished: uid 10146 pkg com.google.android.gms code 79 startTime of in progress event=1676394842951
02-15 12:45:03.145  1685  1866 W AppOps  : Noting op not finished: uid 10146 pkg com.google.android.gms code 79 startTime of in progress event=1676394842951
02-15 12:45:15.820  1685  1866 W AppOps  : Noting op not finished: uid 10146 pkg com.google.android.gms code 79 startTime of in progress event=1676394842951
02-15 12:45:15.821  1685  1866 W AppOps  : Noting op not finished: uid 10146 pkg com.google.android.gms code 79 startTime of in progress event=1676394842951
02-15 12:45:15.823  1685  1866 W AppOps  : Noting op not finished: uid 10146 pkg com.google.android.gms code 79 startTime of in progress event=1676394842951
02-15 12:45:15.823  1685  1866 W AppOps  : Noting op not finished: uid 10146 pkg com.google.android.gms code 79 startTime of in progress event=1676394842951
02-15 12:45:15.823  1685  1866 W AppOps  : Noting op not finished: uid 10146 pkg com.google.android.gms code 79 startTime of in progress event=1676394842951
02-15 12:45:15.824  1685  1866 W AppOps  : Noting op not finished: uid 10146 pkg com.google.android.gms code 79 startTime of in progress event=1676394842951
02-15 12:45:15.824  1685  1866 W AppOps  : Noting op not finished: uid 10146 pkg com.google.android.gms code 79 startTime of in progress event=1676394842951
02-15 12:45:15.824  1685  1866 W AppOps  : Noting op not finished: uid 10146 pkg com.google.android.gms code 79 startTime of in progress event=1676394842951
02-15 12:45:15.825  1685  1866 W AppOps  : Noting op not finished: uid 10146 pkg com.google.android.gms code 79 startTime of in progress event=1676394842951
02-15 12:45:15.825  1685  1866 W AppOps  : Noting op not finished: uid 10146 pkg com.google.android.gms code 79 startTime of in progress event=1676394842951
02-15 12:45:15.825  1685  1866 W AppOps  : Noting op not finished: uid 10146 pkg com.google.android.gms code 79 startTime of in progress event=1676394842951
02-15 12:45:15.825  1685  1866 W AppOps  : Noting op not finished: uid 10146 pkg com.google.android.gms code 79 startTime of in progress event=1676394842951
02-15 12:45:15.855  1685  1743 W AppOps  : Noting op not finished: uid 10102 pkg com.google.android.apps.scone code 79 startTime of in progress event=1676451263843
02-15 12:45:25.788  1685  1866 W AppOps  : Noting op not finished: uid 10146 pkg com.google.android.gms code 79 startTime of in progress event=1676394842951
02-15 12:45:25.788  1685  1866 W AppOps  : Noting op not finished: uid 10146 pkg com.google.android.gms code 79 startTime of in progress event=1676394842951
02-15 12:45:25.788  1685  1866 W AppOps  : Noting op not finished: uid 10146 pkg com.google.android.gms code 79 startTime of in progress event=1676394842951
02-15 12:45:25.788  1685  1866 W AppOps  : Noting op not finished: uid 10146 pkg com.google.android.gms code 79 startTime of in progress event=1676394842951
02-15 12:45:25.811  1685  2033 D ActivityManager: sync unfroze 22003 com.google.android.apps.messaging
02-15 12:45:25.812  1685  2033 W ProcessStats: Tracking association SourceState{f3d0540 com.google.android.gm/10186 Top #193050} whose proc state 1 is better than process ProcessState{414ec79 com.google.android.gms.persistent/10146 pkg=com.google.android.gms} proc state 2 (19 skipped)
02-15 12:45:35.383  1685  1866 W AppOps  : Noting op not finished: uid 10146 pkg com.google.android.gms code 79 startTime of in progress event=1676394842951
02-15 12:45:35.384  1685  1866 W AppOps  : Noting op not finished: uid 10146 pkg com.google.android.gms code 79 startTime of in progress event=1676394842951
02-15 12:45:35.384  1685  1866 W AppOps  : Noting op not finished: uid 10146 pkg com.google.android.gms code 79 startTime of in progress event=1676394842951
02-15 12:45:35.384  1685  1866 W AppOps  : Noting op not finished: uid 10146 pkg com.google.android.gms code 79 startTime of in progress event=1676394842951
02-15 12:45:35.384  1685  1866 W AppOps  : Noting op not finished: uid 10146 pkg com.google.android.gms code 79 startTime of in progress event=1676394842951
02-15 12:45:35.385  1685  1866 W AppOps  : Noting op not finished: uid 10146 pkg com.google.android.gms code 79 startTime of in progress event=1676394842951
02-15 12:45:35.385  1685  1866 W AppOps  : Noting op not finished: uid 10146 pkg com.google.android.gms code 79 startTime of in progress event=1676394842951
02-15 12:45:35.387  1685  1866 W AppOps  : Noting op not finished: uid 10146 pkg com.google.android.gms code 79 startTime of in progress event=1676394842951
02-15 12:45:35.387  1685  1866 W AppOps  : Noting op not finished: uid 10146 pkg com.google.android.gms code 79 startTime of in progress event=1676394842951
02-15 12:45:35.387  1685  1866 W AppOps  : Noting op not finished: uid 10146 pkg com.google.android.gms code 79 startTime of in progress event=1676394842951
02-15 12:45:35.507  1685  6943 D ActivityManager: sync unfroze 29834 .ShannonImsService
02-15 12:45:35.510  1272  1272 I wificond: Receive notifyCountryCodeChanged
02-15 12:45:35.510  1272  1272 I wificond: UpdateBandInfo
02-15 12:45:35.527  1272  1272 I wificond: 2.4Ghz frequencies: 2412 2417 2422 2427 2432 2437 2442 2447 2452 2457 2462 2467 2472
02-15 12:45:35.527  1272  1272 I wificond: 5Ghz non-DFS frequencies: 5745 5765 5785 5805 5825
02-15 12:45:35.527  1272  1272 I wificond: 5Ghz DFS frequencies: 5180 5200 5220 5240 5260 5280 5300 5320 5500 5520 5540 5560 5580 5600 5620 5640 5660 5680 5700
02-15 12:45:35.527  1272  1272 I wificond: 6Ghz frequencies: 5955 5975 5995 6015 6035 6055 6075 6095 6115 6135 6155 6175 6195 6215 6235 6255 6275 6295 6315 6335 6355 6375 6395 6415
02-15 12:45:35.527  1272  1272 I wificond: 60Ghz frequencies:
02-15 12:45:35.539  1134  1134 D vendor.google.wifi_ext@1.0-service-vendor: SetMacAddress succeeded on wlan0
02-15 12:45:35.596  1272  1272 I wificond: Pno scan started for frequencies: 2412, 2437, 2462, 5180, 5200, 5220, 5260, 5280, 5300, 5320, 5500, 5540, 5560, 5580, 5620, 5640, 5660, 5680, 
02-15 12:45:35.708  1685  2182 W ContextImpl: Calling a method in the system process without a qualified user: android.app.ContextImpl.sendBroadcastMultiplePermissions:1222 com.android.server.TelephonyRegistry.broadcastServiceStateChanged:3085 com.android.server.TelephonyRegistry.notifyServiceStateForPhoneId:1616 com.android.internal.telephony.ITelephonyRegistry$Stub.onTransact:492 android.os.Binder.execTransactInternal:1280 
02-15 12:45:35.709  1685  2182 W ContextImpl: Calling a method in the system process without a qualified user: android.app.ContextImpl.sendBroadcastMultiplePermissions:1272 android.content.Context.sendBroadcastMultiplePermissions:2272 com.android.server.TelephonyRegistry.broadcastServiceStateChanged:3089 com.android.server.TelephonyRegistry.notifyServiceStateForPhoneId:1616 com.android.internal.telephony.ITelephonyRegistry$Stub.onTransact:492 
02-15 12:45:35.709  1685  1783 W BroadcastQueue: Permission Denial: receiving Intent { act=android.intent.action.SERVICE_STATE flg=0x1000010 (has extras) } to ProcessRecord{55b8f08 2127:com.android.systemui/u0a210} (pid=2127, uid=10210) requires android.permission.READ_PHONE_STATE due to sender android (uid 1001)
02-15 12:45:35.709  1685  1783 W BroadcastQueue: Permission Denial: receiving Intent { act=android.intent.action.SERVICE_STATE flg=0x1000010 (has extras) } to ProcessRecord{ed6a6f2 2431:com.shannon.imsservice/u0a191} (pid=2431, uid=10191) requires android.permission.READ_PHONE_STATE due to sender android (uid 1001)
02-15 12:45:35.710  1685  2182 W ContextImpl: Calling a method in the system process without a qualified user: android.app.ContextImpl.sendBroadcastMultiplePermissions:1272 android.content.Context.sendBroadcastMultiplePermissions:2272 com.android.server.TelephonyRegistry.broadcastServiceStateChanged:3096 com.android.server.TelephonyRegistry.notifyServiceStateForPhoneId:1616 com.android.internal.telephony.ITelephonyRegistry$Stub.onTransact:492 
02-15 12:45:35.710  1685  1783 W BroadcastQueue: Permission Denial: receiving Intent { act=android.intent.action.SERVICE_STATE flg=0x1000010 (has extras) } to ProcessRecord{55b8f08 2127:com.android.systemui/u0a210} (pid=2127, uid=10210) requires android.permission.ACCESS_FINE_LOCATION due to sender android (uid 1001)
02-15 12:45:35.710  1685  1783 W BroadcastQueue: Permission Denial: receiving Intent { act=android.intent.action.SERVICE_STATE flg=0x1000010 (has extras) } to com.google.android.cellbroadcastreceiver/com.android.cellbroadcastreceiver.CellBroadcastReceiver requires android.permission.READ_PHONE_STATE due to sender android (uid 1001)
02-15 12:45:35.710  1685  1783 W BroadcastQueue: Permission Denial: receiving Intent { act=android.intent.action.SERVICE_STATE flg=0x1000010 (has extras) } to com.google.android.cellbroadcastreceiver/com.android.cellbroadcastreceiver.CellBroadcastReceiver requires android.permission.ACCESS_FINE_LOCATION due to sender android (uid 1001)
02-15 12:45:35.728  1685  2182 W ContextImpl: Calling a method in the system process without a qualified user: android.app.ContextImpl.sendBroadcastMultiplePermissions:1272 android.content.Context.sendBroadcastMultiplePermissions:2272 com.android.server.TelephonyRegistry.broadcastServiceStateChanged:3100 com.android.server.TelephonyRegistry.notifyServiceStateForPhoneId:1616 com.android.internal.telephony.ITelephonyRegistry$Stub.onTransact:492 
02-15 12:45:35.729  1685  1783 W BroadcastQueue: Permission Denial: receiving Intent { act=android.intent.action.SERVICE_STATE flg=0x1000010 (has extras) } to ProcessRecord{55b8f08 2127:com.android.systemui/u0a210} (pid=2127, uid=10210) requires android.permission.READ_PHONE_STATE due to sender android (uid 1001)
02-15 12:45:35.729  1685  1783 W BroadcastQueue: Permission Denial: receiving Intent { act=android.intent.action.SERVICE_STATE flg=0x1000010 (has extras) } to ProcessRecord{ed6a6f2 2431:com.shannon.imsservice/u0a191} (pid=2431, uid=10191) requires android.permission.READ_PHONE_STATE due to sender android (uid 1001)
02-15 12:45:35.729  1685  1783 W BroadcastQueue: Appop Denial: receiving Intent { act=android.intent.action.SERVICE_STATE flg=0x1000010 (has extras) } to ProcessRecord{ed6a6f2 2431:com.shannon.imsservice/u0a191} (pid=2431, uid=10191) excludes appop android:fine_location due to sender android (uid 1001)
