02-15 12:14:57.576  1685  1783 W BroadcastQueue: Background execution not allowed: receiving Intent { act=android.intent.action.DROPBOX_ENTRY_ADDED flg=0x10 (has extras) } to com.google.android.gms/.chimera.GmsIntentOperationService$PersistentTrustedReceiver
02-15 12:15:02.607  1685  1783 I ActivityManager: Waited long enough for: ServiceRecord{5317205 u0 com.google.android.googlequicksearchbox/com.google.android.apps.gsa.shared.util.keepalive.StandaloneKeepAlive$KeepAliveService}
02-15 12:15:03.512  1685  6948 W ActivityManager: stopServiceToken startId 26 is last, but have 1 remaining args
02-15 12:15:05.880   511   945 I keystore2: keystore2::watchdog: Watchdog thread idle -> terminating. Have a great day.
02-15 12:15:06.285  1685  1868 W ProcessStats: Tracking association SourceState{f3d0540 com.google.android.gm/10186 Top #191255} whose proc state 1 is better than process ProcessState{414ec79 com.google.android.gms.persistent/10146 pkg=com.google.android.gms} proc state 2 (959 skipped)
02-15 12:15:06.305  1685  1868 D CompatibilityChangeReporter: Compat change id reported: 218533173; UID 10269; state: DISABLED
02-15 12:15:06.492  1685  6948 D CompatibilityChangeReporter: Compat change id reported: 168419799; UID 10256; state: DISABLED
02-15 12:15:11.184  1685  5996 I ActivityManager: Killing 30155:com.android.vending:background/u0a130 (adj 975): empty #33
02-15 12:15:15.837  1685  1868 D CompatibilityChangeReporter: Compat change id reported: 218533173; UID 10256; state: ENABLED
02-15 12:15:17.352  1685  3928 W ProcessStats: Tracking association SourceState{f3d0540 com.google.android.gm/10186 Top #191344} whose proc state 1 is better than process ProcessState{414ec79 com.google.android.gms.persistent/10146 pkg=com.google.android.gms} proc state 2 (308 skipped)
02-15 12:15:21.288  1272  1272 I wificond: Receive notifyCountryCodeChanged
02-15 12:15:21.288  1272  1272 I wificond: UpdateBandInfo
02-15 12:15:21.367  1272  1272 I wificond: 2.4Ghz frequencies: 2412 2417 2422 2427 2432 2437 2442 2447 2452 2457 2462 2467 2472
02-15 12:15:21.368  1272  1272 I wificond: 5Ghz non-DFS frequencies: 5745 5765 5785 5805 5825
02-15 12:15:21.368  1272  1272 I wificond: 5Ghz DFS frequencies: 5180 5200 5220 5240 5260 5280 5300 5320 5500 5520 5540 5560 5580 5600 5620 5640 5660 5680 5700
02-15 12:15:21.368  1272  1272 I wificond: 6Ghz frequencies: 5955 5975 5995 6015 6035 6055 6075 6095 6115 6135 6155 6175 6195 6215 6235 6255 6275 6295 6315 6335 6355 6375 6395 6415
02-15 12:15:21.368  1272  1272 I wificond: 60Ghz frequencies:
02-15 12:15:21.375  1685  3928 W ContextImpl: Calling a method in the system process without a qualified user: android.app.ContextImpl.sendBroadcastMultiplePermissions:1222 com.android.server.TelephonyRegistry.broadcastServiceStateChanged:3085 com.android.server.TelephonyRegistry.notifyServiceStateForPhoneId:1616 com.android.internal.telephony.ITelephonyRegistry$Stub.onTransact:492 android.os.Binder.execTransactInternal:1280 
02-15 12:15:21.376  1685  3928 W ContextImpl: Calling a method in the system process without a qualified user: android.app.ContextImpl.sendBroadcastMultiplePermissions:1272 android.content.Context.sendBroadcastMultiplePermissions:2272 com.android.server.TelephonyRegistry.broadcastServiceStateChanged:3089 com.android.server.TelephonyRegistry.notifyServiceStateForPhoneId:1616 com.android.internal.telephony.ITelephonyRegistry$Stub.onTransact:492 
02-15 12:15:21.376  1685  1783 W BroadcastQueue: Permission Denial: receiving Intent { act=android.intent.action.SERVICE_STATE flg=0x1000010 (has extras) } to ProcessRecord{55b8f08 2127:com.android.systemui/u0a210} (pid=2127, uid=10210) requires android.permission.READ_PHONE_STATE due to sender android (uid 1001)
02-15 12:15:21.376  1685  1783 W BroadcastQueue: Permission Denial: receiving Intent { act=android.intent.action.SERVICE_STATE flg=0x1000010 (has extras) } to ProcessRecord{ed6a6f2 2431:com.shannon.imsservice/u0a191} (pid=2431, uid=10191) requires android.permission.READ_PHONE_STATE due to sender android (uid 1001)
02-15 12:15:21.376  1685  1783 W BroadcastQueue: Permission Denial: receiving Intent { act=android.intent.action.SERVICE_STATE flg=0x1000010 (has extras) } to com.google.android.cellbroadcastreceiver/com.android.cellbroadcastreceiver.CellBroadcastReceiver requires android.permission.READ_PHONE_STATE due to sender android (uid 1001)
02-15 12:15:21.376  1685  1783 W BroadcastQueue: Permission Denial: receiving Intent { act=android.intent.action.SERVICE_STATE flg=0x1000010 (has extras) } to ProcessRecord{55b8f08 2127:com.android.systemui/u0a210} (pid=2127, uid=10210) requires android.permission.ACCESS_FINE_LOCATION due to sender android (uid 1001)
02-15 12:15:21.377  1685  3928 W ContextImpl: Calling a method in the system process without a qualified user: android.app.ContextImpl.sendBroadcastMultiplePermissions:1272 android.content.Context.sendBroadcastMultiplePermissions:2272 com.android.server.TelephonyRegistry.broadcastServiceStateChanged:3096 com.android.server.TelephonyRegistry.notifyServiceStateForPhoneId:1616 com.android.internal.telephony.ITelephonyRegistry$Stub.onTransact:492 
02-15 12:15:21.377  1685  1783 W BroadcastQueue: Permission Denial: receiving Intent { act=android.intent.action.SERVICE_STATE flg=0x1000010 (has extras) } to com.google.android.cellbroadcastreceiver/com.android.cellbroadcastreceiver.CellBroadcastReceiver requires android.permission.ACCESS_FINE_LOCATION due to sender android (uid 1001)
02-15 12:15:21.377  1685  3928 W ContextImpl: Calling a method in the system process without a qualified user: android.app.ContextImpl.sendBroadcastMultiplePermissions:1272 android.content.Context.sendBroadcastMultiplePermissions:2272 com.android.server.TelephonyRegistry.broadcastServiceStateChanged:3100 com.android.server.TelephonyRegistry.notifyServiceStateForPhoneId:1616 com.android.internal.telephony.ITelephonyRegistry$Stub.onTransact:492 
02-15 12:15:21.378  1685  1783 W BroadcastQueue: Permission Denial: receiving Intent { act=android.intent.action.SERVICE_STATE flg=0x1000010 (has extras) } to ProcessRecord{55b8f08 2127:com.android.systemui/u0a210} (pid=2127, uid=10210) requires android.permission.READ_PHONE_STATE due to sender android (uid 1001)
02-15 12:15:21.378  1134  1134 D vendor.google.wifi_ext@1.0-service-vendor: SetMacAddress succeeded on wlan0
02-15 12:15:21.378  1685  1783 W BroadcastQueue: Permission Denial: receiving Intent { act=android.intent.action.SERVICE_STATE flg=0x1000010 (has extras) } to ProcessRecord{ed6a6f2 2431:com.shannon.imsservice/u0a191} (pid=2431, uid=10191) requires android.permission.READ_PHONE_STATE due to sender android (uid 1001)
02-15 12:15:21.378  1685  1783 W BroadcastQueue: Appop Denial: receiving Intent { act=android.intent.action.SERVICE_STATE flg=0x1000010 (has extras) } to ProcessRecord{ed6a6f2 2431:com.shannon.imsservice/u0a191} (pid=2431, uid=10191) excludes appop android:fine_location due to sender android (uid 1001)
02-15 12:15:21.378  1685  1783 W BroadcastQueue: Permission Denial: receiving Intent { act=android.intent.action.SERVICE_STATE flg=0x1000010 (has extras) } to com.google.android.cellbroadcastreceiver/com.android.cellbroadcastreceiver.CellBroadcastReceiver requires android.permission.READ_PHONE_STATE due to sender android (uid 1001)
02-15 12:15:21.418  1272  1272 I wificond: Pno scan started for frequencies: 2412, 2437, 2462, 5180, 5200, 5220, 5260, 5280, 5300, 5320, 5500, 5540, 5560, 5580, 5620, 5640, 5660, 5680, 
02-15 12:15:21.465  1685  1980 W ContextImpl: Calling a method in the system process without a qualified user: android.app.ContextImpl.sendStickyBroadcast:1586 com.android.server.ConnectivityService.sendStickyBroadcast:102 com.android.server.ConnectivityService.sendLegacyNetworkBroadcast:156 com.android.server.ConnectivityService$LegacyTypeTracker.remove:49 com.android.server.ConnectivityService$LegacyTypeTracker.remove:6 
02-15 12:15:21.472  1685  1783 W BroadcastQueue: Target SDK mismatch: receiver ActivityInfo{6cabf3a com.google.android.apps.photos.actionqueue.impl.SystemReceiver} targets 33 but delivery restricted to [0, 23] broadcasting Intent { act=android.net.conn.CONNECTIVITY_CHANGE flg=0x4200010 (has extras) } from android (pid=1685, uid=1000) to com.google.android.apps.photos/.actionqueue.impl.SystemReceiver
02-15 12:15:21.472  1685  1783 W BroadcastQueue: Target SDK mismatch: receiver ActivityInfo{b7347eb com.google.android.apps.photos.jobqueue.JobServiceBroadcastReceiver} targets 33 but delivery restricted to [0, 23] broadcasting Intent { act=android.net.conn.CONNECTIVITY_CHANGE flg=0x4200010 (has extras) } from android (pid=1685, uid=1000) to com.google.android.apps.photos/.jobqueue.JobServiceBroadcastReceiver
02-15 12:15:21.472  1685  1783 W BroadcastQueue: Target SDK mismatch: receiver ActivityInfo{ac16948 com.google.android.gms.gcm.ServiceAutoStarter} targets 33 but delivery restricted to [0, 23] broadcasting Intent { act=android.net.conn.CONNECTIVITY_CHANGE flg=0x4200010 (has extras) } from android (pid=1685, uid=1000) to com.google.android.gms/.gcm.ServiceAutoStarter
02-15 12:15:21.472  1685  1783 W BroadcastQueue: Target SDK mismatch: receiver ActivityInfo{81df3e1 com.google.android.apps.photos.actionqueue.impl.SystemReceiver} targets 33 but delivery restricted to [0, 23] broadcasting Intent { act=android.net.conn.CONNECTIVITY_CHANGE flg=0x4200010 (has extras) } from android (pid=1685, uid=1000) to com.google.android.apps.photos/.actionqueue.impl.SystemReceiver
02-15 12:15:21.472  1685  1783 W BroadcastQueue: Target SDK mismatch: receiver ActivityInfo{6159506 com.google.android.apps.photos.jobqueue.JobServiceBroadcastReceiver} targets 33 but delivery restricted to [0, 23] broadcasting Intent { act=android.net.conn.CONNECTIVITY_CHANGE flg=0x4200010 (has extras) } from android (pid=1685, uid=1000) to com.google.android.apps.photos/.jobqueue.JobServiceBroadcastReceiver
02-15 12:15:21.472  1685  1783 W BroadcastQueue: Target SDK mismatch: receiver ActivityInfo{33c77c7 com.google.android.gms.gcm.ServiceAutoStarter} targets 33 but delivery restricted to [0, 23] broadcasting Intent { act=android.net.conn.CONNECTIVITY_CHANGE flg=0x4200010 (has extras) } from android (pid=1685, uid=1000) to com.google.android.gms/.gcm.ServiceAutoStarter
02-15 12:15:21.500  1685  1783 I ActivityManager: Killing 31422:com.shannon.rcsservice:shannonrcsservice/u0a192 (adj 985): empty #33
02-15 12:15:21.500  1685  1783 I ActivityManager: Killing 31450:com.google.android.dialer/u0a110 (adj 985): empty #34
02-15 12:15:21.501  1685  1783 I ActivityManager: Killing 26649:com.google.android.calendar/u0a161 (adj 985): empty #35
02-15 12:15:21.502  1685  1783 I ActivityManager: Killing 30209:com.android.vending:quick_launch/u0a130 (adj 995): empty #36
02-15 12:15:21.509  1061  1142 E NetlinkEvent: NetlinkEvent::FindParam(): Parameter 'INTERFACE' not found
02-15 12:15:21.509  1061  1142 E NetlinkEvent: NetlinkEvent::FindParam(): Parameter 'STATE' not found
02-15 12:15:21.509  1061  1142 E NetlinkEvent: NetlinkEvent::FindParam(): Parameter 'TIME_NS' not found
02-15 12:15:21.509  1061  1142 E NetlinkEvent: NetlinkEvent::FindParam(): Parameter 'UID' not found
02-15 12:15:21.556  1685  1980 W ContextImpl: Calling a method in the system process without a qualified user: android.app.ContextImpl.sendStickyBroadcast:1586 com.android.server.ConnectivityService.sendStickyBroadcast:102 com.android.server.ConnectivityService.sendGeneralBroadcast:4 com.android.server.ConnectivityService.sendConnectedBroadcast:2 com.android.server.ConnectivityService.sendLegacyNetworkBroadcast:25 
02-15 12:15:21.558  1685  1783 W BroadcastQueue: Target SDK mismatch: receiver ActivityInfo{35a01db com.google.android.apps.photos.actionqueue.impl.SystemReceiver} targets 33 but delivery restricted to [0, 23] broadcasting Intent { act=android.net.conn.CONNECTIVITY_CHANGE flg=0x4200010 (has extras) } from android (pid=1685, uid=1000) to com.google.android.apps.photos/.actionqueue.impl.SystemReceiver
02-15 12:15:21.558  1685  1783 W BroadcastQueue: Target SDK mismatch: receiver ActivityInfo{445b478 com.google.android.apps.photos.jobqueue.JobServiceBroadcastReceiver} targets 33 but delivery restricted to [0, 23] broadcasting Intent { act=android.net.conn.CONNECTIVITY_CHANGE flg=0x4200010 (has extras) } from android (pid=1685, uid=1000) to com.google.android.apps.photos/.jobqueue.JobServiceBroadcastReceiver
02-15 12:15:21.558  1685  1783 W BroadcastQueue: Target SDK mismatch: receiver ActivityInfo{b7a9751 com.google.android.gms.gcm.ServiceAutoStarter} targets 33 but delivery restricted to [0, 23] broadcasting Intent { act=android.net.conn.CONNECTIVITY_CHANGE flg=0x4200010 (has extras) } from android (pid=1685, uid=1000) to com.google.android.gms/.gcm.ServiceAutoStarter
02-15 12:15:21.558  1685  1783 W BroadcastQueue: Target SDK mismatch: receiver ActivityInfo{6f34bb6 com.google.android.apps.photos.actionqueue.impl.SystemReceiver} targets 33 but delivery restricted to [0, 23] broadcasting Intent { act=android.net.conn.CONNECTIVITY_CHANGE flg=0x4200010 (has extras) } from android (pid=1685, uid=1000) to com.google.android.apps.photos/.actionqueue.impl.SystemReceiver
02-15 12:15:21.558  1685  1783 W BroadcastQueue: Target SDK mismatch: receiver ActivityInfo{b6ce0b7 com.google.android.apps.photos.jobqueue.JobServiceBroadcastReceiver} targets 33 but delivery restricted to [0, 23] broadcasting Intent { act=android.net.conn.CONNECTIVITY_CHANGE flg=0x4200010 (has extras) } from android (pid=1685, uid=1000) to com.google.android.apps.photos/.jobqueue.JobServiceBroadcastReceiver
02-15 12:15:21.559  1685  1783 W BroadcastQueue: Target SDK mismatch: receiver ActivityInfo{e5da024 com.google.android.gms.gcm.ServiceAutoStarter} targets 33 but delivery restricted to [0, 23] broadcasting Intent { act=android.net.conn.CONNECTIVITY_CHANGE flg=0x4200010 (has extras) } from android (pid=1685, uid=1000) to com.google.android.gms/.gcm.ServiceAutoStarter
02-15 12:15:22.533  1685  6005 D CompatibilityChangeReporter: Compat change id reported: 135634846; UID 10192; state: DISABLED
02-15 12:15:22.533  1685  6005 D CompatibilityChangeReporter: Compat change id reported: 177438394; UID 10192; state: DISABLED
02-15 12:15:22.533  1685  6005 D CompatibilityChangeReporter: Compat change id reported: 135772972; UID 10192; state: DISABLED
02-15 12:15:22.533  1685  6005 D CompatibilityChangeReporter: Compat change id reported: 135754954; UID 10192; state: ENABLED
02-15 12:15:22.536  1685  1784 D CompatibilityChangeReporter: Compat change id reported: 143937733; UID 10192; state: ENABLED
02-15 12:15:22.565  1685  1784 I ActivityManager: Start proc 1090:com.shannon.rcsservice:shannonrcsservice/u0a192 for content provider {com.shannon.rcsservice/com.shannon.rcsservice.configuration.ConfProvider}
02-15 12:15:22.592  1685  5239 D CompatibilityChangeReporter: Compat change id reported: 168419799; UID 10192; state: DISABLED
02-15 12:15:23.204  1685  6005 I ActivityManager: Killing 30494:com.google.android.turboadapter/u0a189 (adj 985): empty #33
02-15 12:15:23.287  1685  6009 I ActivityManager: Killing 29741:com.android.settings/1000 (adj 985): empty #33
02-15 12:15:23.738  1685  1866 W AppOps  : Noting op not finished: uid 10146 pkg com.google.android.gms code 79 startTime of in progress event=1676394842951
02-15 12:15:23.739  1685  1866 W AppOps  : Noting op not finished: uid 10146 pkg com.google.android.gms code 79 startTime of in progress event=1676394842951
02-15 12:15:23.739  1685  1866 W AppOps  : Noting op not finished: uid 10146 pkg com.google.android.gms code 79 startTime of in progress event=1676394842951
02-15 12:15:23.740  1685  1866 W AppOps  : Noting op not finished: uid 10146 pkg com.google.android.gms code 79 startTime of in progress event=1676394842951
02-15 12:15:23.740  1685  1866 W AppOps  : Noting op not finished: uid 10146 pkg com.google.android.gms code 79 startTime of in progress event=1676394842951
02-15 12:15:23.740  1685  1866 W AppOps  : Noting op not finished: uid 10146 pkg com.google.android.gms code 79 startTime of in progress event=1676394842951
02-15 12:15:23.740  1685  1866 W AppOps  : Noting op not finished: uid 10146 pkg com.google.android.gms code 79 startTime of in progress event=1676394842951
02-15 12:15:23.740  1685  1866 W AppOps  : Noting op not finished: uid 10146 pkg com.google.android.gms code 79 startTime of in progress event=1676394842951
02-15 12:15:23.741  1685  1866 W AppOps  : Noting op not finished: uid 10146 pkg com.google.android.gms code 79 startTime of in progress event=1676394842951
02-15 12:15:23.741  1685  1866 W AppOps  : Noting op not finished: uid 10146 pkg com.google.android.gms code 79 startTime of in progress event=1676394842951
02-15 12:15:23.741  1685  1866 W AppOps  : Noting op not finished: uid 10146 pkg com.google.android.gms code 79 startTime of in progress event=1676394842951
02-15 12:15:23.741  1685  1866 W AppOps  : Noting op not finished: uid 10146 pkg com.google.android.gms code 79 startTime of in progress event=1676394842951
02-15 12:15:23.741  1685  1866 W AppOps  : Noting op not finished: uid 10146 pkg com.google.android.gms code 79 startTime of in progress event=1676394842951
02-15 12:15:23.741  1685  1866 W AppOps  : Noting op not finished: uid 10146 pkg com.google.android.gms code 79 startTime of in progress event=1676394842951
02-15 12:15:23.742  1685  1866 W AppOps  : Noting op not finished: uid 10146 pkg com.google.android.gms code 79 startTime of in progress event=1676394842951
02-15 12:15:23.742  1685  1866 W AppOps  : Noting op not finished: uid 10146 pkg com.google.android.gms code 79 startTime of in progress event=1676394842951
02-15 12:15:23.742  1685  1866 W AppOps  : Noting op not finished: uid 10146 pkg com.google.android.gms code 79 startTime of in progress event=1676394842951
02-15 12:15:23.742  1685  1866 W AppOps  : Noting op not finished: uid 10146 pkg com.google.android.gms code 79 startTime of in progress event=1676394842951
02-15 12:15:23.742  1685  1866 W AppOps  : Noting op not finished: uid 10146 pkg com.google.android.gms code 79 startTime of in progress event=1676394842951
02-15 12:15:23.742  1685  1866 W AppOps  : Noting op not finished: uid 10146 pkg com.google.android.gms code 79 startTime of in progress event=1676394842951
02-15 12:15:23.742  1685  1866 W AppOps  : Noting op not finished: uid 10146 pkg com.google.android.gms code 79 startTime of in progress event=1676394842951
02-15 12:15:23.742  1685  1866 W AppOps  : Noting op not finished: uid 10146 pkg com.google.android.gms code 79 startTime of in progress event=1676394842951
02-15 12:15:23.743  1685  1866 W AppOps  : Noting op not finished: uid 10146 pkg com.google.android.gms code 79 startTime of in progress event=1676394842951
02-15 12:15:23.743  1685  1866 W AppOps  : Noting op not finished: uid 10146 pkg com.google.android.gms code 79 startTime of in progress event=1676394842951
02-15 12:15:23.743  1685  1866 W AppOps  : Noting op not finished: uid 10146 pkg com.google.android.gms code 79 startTime of in progress event=1676394842951
02-15 12:15:23.743  1685  1866 W AppOps  : Noting op not finished: uid 10146 pkg com.google.android.gms code 79 startTime of in progress event=1676394842951
02-15 12:15:23.743  1685  1866 W AppOps  : Noting op not finished: uid 10146 pkg com.google.android.gms code 79 startTime of in progress event=1676394842951
02-15 12:15:23.743  1685  1866 W AppOps  : Noting op not finished: uid 10146 pkg com.google.android.gms code 79 startTime of in progress event=1676394842951
02-15 12:15:23.744  1685  1866 W AppOps  : Noting op not finished: uid 10146 pkg com.google.android.gms code 79 startTime of in progress event=1676394842951
02-15 12:15:23.744  1685  1866 W AppOps  : Noting op not finished: uid 10146 pkg com.google.android.gms code 79 startTime of in progress event=1676394842951
02-15 12:15:23.744  1685  1866 W AppOps  : Noting op not finished: uid 10146 pkg com.google.android.gms code 79 startTime of in progress event=1676394842951
02-15 12:15:23.744  1685  1866 W AppOps  : Noting op not finished: uid 10146 pkg com.google.android.gms code 79 startTime of in progress event=1676394842951
02-15 12:15:23.744  1685  1866 W AppOps  : Noting op not finished: uid 10146 pkg com.google.android.gms code 79 startTime of in progress event=1676394842951
02-15 12:15:23.744  1685  1866 W AppOps  : Noting op not finished: uid 10146 pkg com.google.android.gms code 79 startTime of in progress event=1676394842951
02-15 12:15:27.367  1685  1782 W ProcessStats: Tracking association SourceState{f3d0540 com.google.android.gm/10186 Top #191392} whose proc state 1 is better than process ProcessState{414ec79 com.google.android.gms.persistent/10146 pkg=com.google.android.gms} proc state 2 (37 skipped)
02-15 12:15:37.898  1685  2192 W ProcessStats: Tracking association SourceState{f3d0540 com.google.android.gm/10186 Top #191414} whose proc state 1 is better than process ProcessState{414ec79 com.google.android.gms.persistent/10146 pkg=com.google.android.gms} proc state 2 (20 skipped)
02-15 12:15:47.889  1685  2033 I ActivityManager: Killing 25434:com.google.android.flipendo/u0a212 (adj 985): empty #33
02-15 12:15:47.900  1685  2192 W ProcessStats: Tracking association SourceState{f3d0540 com.google.android.gm/10186 Top #191432} whose proc state 1 is better than process ProcessState{414ec79 com.google.android.gms.persistent/10146 pkg=com.google.android.gms} proc state 2 (15 skipped)
02-15 12:15:58.705  1685  1866 W AppOps  : Noting op not finished: uid 10146 pkg com.google.android.gms code 79 startTime of in progress event=1676394842951
02-15 12:15:58.706  1685  1866 W AppOps  : Noting op not finished: uid 10146 pkg com.google.android.gms code 79 startTime of in progress event=1676394842951
02-15 12:15:58.706  1685  1866 W AppOps  : Noting op not finished: uid 10146 pkg com.google.android.gms code 79 startTime of in progress event=1676394842951
02-15 12:15:58.706  1685  1866 W AppOps  : Noting op not finished: uid 10146 pkg com.google.android.gms code 79 startTime of in progress event=1676394842951
02-15 12:15:58.707  1685  1866 W AppOps  : Noting op not finished: uid 10146 pkg com.google.android.gms code 79 startTime of in progress event=1676394842951
02-15 12:15:58.707  1685  1866 W AppOps  : Noting op not finished: uid 10146 pkg com.google.android.gms code 79 startTime of in progress event=1676394842951
02-15 12:15:58.707  1685  1866 W AppOps  : Noting op not finished: uid 10146 pkg com.google.android.gms code 79 startTime of in progress event=1676394842951
02-15 12:15:58.707  1685  1866 W AppOps  : Noting op not finished: uid 10146 pkg com.google.android.gms code 79 startTime of in progress event=1676394842951
02-15 12:15:58.707  1685  1866 W AppOps  : Noting op not finished: uid 10146 pkg com.google.android.gms code 79 startTime of in progress event=1676394842951
02-15 12:15:58.707  1685  1866 W AppOps  : Noting op not finished: uid 10146 pkg com.google.android.gms code 79 startTime of in progress event=1676394842951
02-15 12:15:58.708  1685  1866 W AppOps  : Noting op not finished: uid 10146 pkg com.google.android.gms code 79 startTime of in progress event=1676394842951
02-15 12:15:58.708  1685  1866 W AppOps  : Noting op not finished: uid 10146 pkg com.google.android.gms code 79 startTime of in progress event=1676394842951
02-15 12:15:58.708  1685  1866 W AppOps  : Noting op not finished: uid 10146 pkg com.google.android.gms code 79 startTime of in progress event=1676394842951
02-15 12:15:58.708  1685  1866 W AppOps  : Noting op not finished: uid 10146 pkg com.google.android.gms code 79 startTime of in progress event=1676394842951
02-15 12:15:58.708  1685  1866 W AppOps  : Noting op not finished: uid 10146 pkg com.google.android.gms code 79 startTime of in progress event=1676394842951
02-15 12:15:58.708  1685  1866 W AppOps  : Noting op not finished: uid 10146 pkg com.google.android.gms code 79 startTime of in progress event=1676394842951
02-15 12:15:58.708  1685  1866 W AppOps  : Noting op not finished: uid 10146 pkg com.google.android.gms code 79 startTime of in progress event=1676394842951
02-15 12:15:58.709  1685  1866 W AppOps  : Noting op not finished: uid 10146 pkg com.google.android.gms code 79 startTime of in progress event=1676394842951
02-15 12:15:58.709  1685  1866 W AppOps  : Noting op not finished: uid 10146 pkg com.google.android.gms code 79 startTime of in progress event=1676394842951
02-15 12:15:58.709  1685  1866 W AppOps  : Noting op not finished: uid 10146 pkg com.google.android.gms code 79 startTime of in progress event=1676394842951
02-15 12:15:58.709  1685  1866 W AppOps  : Noting op not finished: uid 10146 pkg com.google.android.gms code 79 startTime of in progress event=1676394842951
02-15 12:15:58.709  1685  1866 W AppOps  : Noting op not finished: uid 10146 pkg com.google.android.gms code 79 startTime of in progress event=1676394842951
02-15 12:15:58.709  1685  1866 W AppOps  : Noting op not finished: uid 10146 pkg com.google.android.gms code 79 startTime of in progress event=1676394842951
02-15 12:15:58.709  1685  1866 W AppOps  : Noting op not finished: uid 10146 pkg com.google.android.gms code 79 startTime of in progress event=1676394842951
02-15 12:15:58.709  1685  1866 W AppOps  : Noting op not finished: uid 10146 pkg com.google.android.gms code 79 startTime of in progress event=1676394842951
02-15 12:15:58.710  1685  1866 W AppOps  : Noting op not finished: uid 10146 pkg com.google.android.gms code 79 startTime of in progress event=1676394842951
02-15 12:15:58.710  1685  1866 W AppOps  : Noting op not finished: uid 10146 pkg com.google.android.gms code 79 startTime of in progress event=1676394842951
02-15 12:15:58.710  1685  1866 W AppOps  : Noting op not finished: uid 10146 pkg com.google.android.gms code 79 startTime of in progress event=1676394842951
02-15 12:15:58.710  1685  1866 W AppOps  : Noting op not finished: uid 10146 pkg com.google.android.gms code 79 startTime of in progress event=1676394842951
02-15 12:15:58.710  1685  1866 W AppOps  : Noting op not finished: uid 10146 pkg com.google.android.gms code 79 startTime of in progress event=1676394842951
02-15 12:15:58.710  1685  1866 W AppOps  : Noting op not finished: uid 10146 pkg com.google.android.gms code 79 startTime of in progress event=1676394842951
02-15 12:15:58.711  1685  1866 W AppOps  : Noting op not finished: uid 10146 pkg com.google.android.gms code 79 startTime of in progress event=1676394842951
02-15 12:15:58.711  1685  1866 W AppOps  : Noting op not finished: uid 10146 pkg com.google.android.gms code 79 startTime of in progress event=1676394842951
02-15 12:15:58.753  1685  1783 I ActivityManager: Killing 32413:com.google.android.apps.turbo:aab/u0a138 (adj 985): empty #33
02-15 12:15:58.753  1685  1783 I ActivityManager: Killing 25482:com.google.android.flipendo/u10a212 (adj 985): empty #34
02-15 12:15:58.776  1685  2033 W AppOps  : Noting op not finished: uid 10146 pkg com.google.android.gms code 113 startTime of in progress event=1676394844743
02-15 12:15:58.807  1685  6005 W AppOps  : Noting op not finished: uid 10168 pkg com.google.android.gms.location.history code 79 startTime of in progress event=1676394841327
02-15 12:15:58.825  1685  6947 W AppOps  : Noting op not finished: uid 10146 pkg com.google.android.gms code 113 startTime of in progress event=1676394836675
02-15 12:15:58.834  1685  5989 W AppOps  : Noting op not finished: uid 10146 pkg com.google.android.gms code 113 startTime of in progress event=1676394836675
02-15 12:15:58.841  1685  6005 W AppOps  : Noting op not finished: uid 10146 pkg com.google.android.gms code 79 startTime of in progress event=1676394842951
02-15 12:16:00.973  1685  5023 I ActivityManager: Killing 32488:org.zwanoo.android.speedtest/u0a269 (adj 985): empty #33
02-15 12:16:01.615  1685  1866 W AppOps  : Noting op not finished: uid 10146 pkg com.google.android.gms code 79 startTime of in progress event=1676394842951
02-15 12:16:01.616  1685  1866 W AppOps  : Noting op not finished: uid 10146 pkg com.google.android.gms code 79 startTime of in progress event=1676394842951
02-15 12:16:17.589  1685  1866 W AppOps  : Noting op not finished: uid 10146 pkg com.google.android.gms code 79 startTime of in progress event=1676394842951
02-15 12:16:17.590  1685  1866 W AppOps  : Noting op not finished: uid 10146 pkg com.google.android.gms code 79 startTime of in progress event=1676394842951
02-15 12:16:17.590  1685  1866 W AppOps  : Noting op not finished: uid 10146 pkg com.google.android.gms code 79 startTime of in progress event=1676394842951
02-15 12:16:17.590  1685  1866 W AppOps  : Noting op not finished: uid 10146 pkg com.google.android.gms code 79 startTime of in progress event=1676394842951
02-15 12:16:17.590  1685  1866 W AppOps  : Noting op not finished: uid 10146 pkg com.google.android.gms code 79 startTime of in progress event=1676394842951
02-15 12:16:17.591  1685  1866 W AppOps  : Noting op not finished: uid 10146 pkg com.google.android.gms code 79 startTime of in progress event=1676394842951
02-15 12:16:17.591  1685  1866 W AppOps  : Noting op not finished: uid 10146 pkg com.google.android.gms code 79 startTime of in progress event=1676394842951
02-15 12:16:17.591  1685  1866 W AppOps  : Noting op not finished: uid 10146 pkg com.google.android.gms code 79 startTime of in progress event=1676394842951
02-15 12:16:17.591  1685  1866 W AppOps  : Noting op not finished: uid 10146 pkg com.google.android.gms code 79 startTime of in progress event=1676394842951
02-15 12:16:17.591  1685  1866 W AppOps  : Noting op not finished: uid 10146 pkg com.google.android.gms code 79 startTime of in progress event=1676394842951
02-15 12:16:17.622  1685  5959 W AppOps  : Noting op not finished: uid 10102 pkg com.google.android.apps.scone code 79 startTime of in progress event=1676451263843
02-15 12:16:17.678  1272  1272 I wificond: Pno scan stopped
02-15 12:16:17.760  1272  1272 I wificond: Pno scan started for frequencies: 2412, 2437, 2462, 5180, 5200, 5220, 5260, 5280, 5300, 5320, 5500, 5540, 5560, 5580, 5620, 5640, 5660, 5680, 
02-15 12:16:19.291  1272  1272 I wificond: Pno scan result ready event
02-15 12:16:19.408  1134  1134 D vendor.google.wifi_ext@1.0-service-vendor: SetMacAddress succeeded on wlan0
02-15 12:16:19.414  1272  1272 W wificond: Scan is not started. Ignore abort request
02-15 12:16:19.431  1272  1272 I wificond: Pno scan stopped
02-15 12:16:20.968  1685  6948 W ProcessStats: Tracking association SourceState{f3d0540 com.google.android.gm/10186 Top #191562} whose proc state 1 is better than process ProcessState{414ec79 com.google.android.gms.persistent/10146 pkg=com.google.android.gms} proc state 2 (114 skipped)
02-15 12:16:24.211  1061  1142 E NetlinkEvent: NetlinkEvent::FindParam(): Parameter 'INTERFACE' not found
02-15 12:16:24.211  1061  1142 E NetlinkEvent: NetlinkEvent::FindParam(): Parameter 'STATE' not found
02-15 12:16:24.211  1061  1142 E NetlinkEvent: NetlinkEvent::FindParam(): Parameter 'TIME_NS' not found
02-15 12:16:24.211  1061  1142 E NetlinkEvent: NetlinkEvent::FindParam(): Parameter 'UID' not found
02-15 12:16:24.253  1685  1980 W ContextImpl: Calling a method in the system process without a qualified user: android.app.ContextImpl.sendStickyBroadcast:1586 com.android.server.ConnectivityService.sendStickyBroadcast:102 com.android.server.ConnectivityService.sendLegacyNetworkBroadcast:156 com.android.server.ConnectivityService$LegacyTypeTracker.remove:49 com.android.server.ConnectivityService.updateLegacyTypeTrackerAndVpnLockdownForRematch:30 
02-15 12:16:24.254  1685  1980 W ContextImpl: Calling a method in the system process without a qualified user: android.app.ContextImpl.sendStickyBroadcast:1586 com.android.server.ConnectivityService.sendStickyBroadcast:102 com.android.server.ConnectivityService.sendGeneralBroadcast:4 com.android.server.ConnectivityService.sendConnectedBroadcast:2 com.android.server.ConnectivityService.sendLegacyNetworkBroadcast:25 
02-15 12:16:24.262  1685  1783 W BroadcastQueue: Target SDK mismatch: receiver ActivityInfo{6876f8 com.google.android.apps.photos.actionqueue.impl.SystemReceiver} targets 33 but delivery restricted to [0, 23] broadcasting Intent { act=android.net.conn.CONNECTIVITY_CHANGE flg=0x4200010 (has extras) } from android (pid=1685, uid=1000) to com.google.android.apps.photos/.actionqueue.impl.SystemReceiver
02-15 12:16:24.263  1685  1783 W BroadcastQueue: Target SDK mismatch: receiver ActivityInfo{c8a67d1 com.google.android.apps.photos.jobqueue.JobServiceBroadcastReceiver} targets 33 but delivery restricted to [0, 23] broadcasting Intent { act=android.net.conn.CONNECTIVITY_CHANGE flg=0x4200010 (has extras) } from android (pid=1685, uid=1000) to com.google.android.apps.photos/.jobqueue.JobServiceBroadcastReceiver
02-15 12:16:24.263  1685  1783 W BroadcastQueue: Target SDK mismatch: receiver ActivityInfo{f361236 com.google.android.gms.gcm.ServiceAutoStarter} targets 33 but delivery restricted to [0, 23] broadcasting Intent { act=android.net.conn.CONNECTIVITY_CHANGE flg=0x4200010 (has extras) } from android (pid=1685, uid=1000) to com.google.android.gms/.gcm.ServiceAutoStarter
02-15 12:16:24.263  1685  1783 W BroadcastQueue: Target SDK mismatch: receiver ActivityInfo{f566537 com.google.android.apps.photos.actionqueue.impl.SystemReceiver} targets 33 but delivery restricted to [0, 23] broadcasting Intent { act=android.net.conn.CONNECTIVITY_CHANGE flg=0x4200010 (has extras) } from android (pid=1685, uid=1000) to com.google.android.apps.photos/.actionqueue.impl.SystemReceiver
02-15 12:16:24.263  1685  1783 W BroadcastQueue: Target SDK mismatch: receiver ActivityInfo{a2a0aa4 com.google.android.apps.photos.jobqueue.JobServiceBroadcastReceiver} targets 33 but delivery restricted to [0, 23] broadcasting Intent { act=android.net.conn.CONNECTIVITY_CHANGE flg=0x4200010 (has extras) } from android (pid=1685, uid=1000) to com.google.android.apps.photos/.jobqueue.JobServiceBroadcastReceiver
02-15 12:16:24.263  1685  1783 W BroadcastQueue: Target SDK mismatch: receiver ActivityInfo{1fcb00d com.google.android.gms.gcm.ServiceAutoStarter} targets 33 but delivery restricted to [0, 23] broadcasting Intent { act=android.net.conn.CONNECTIVITY_CHANGE flg=0x4200010 (has extras) } from android (pid=1685, uid=1000) to com.google.android.gms/.gcm.ServiceAutoStarter
02-15 12:16:24.263  1685  1783 W BroadcastQueue: Target SDK mismatch: receiver ActivityInfo{d491bc2 com.google.android.apps.photos.actionqueue.impl.SystemReceiver} targets 33 but delivery restricted to [0, 23] broadcasting Intent { act=android.net.conn.CONNECTIVITY_CHANGE flg=0x4200010 (has extras) } from android (pid=1685, uid=1000) to com.google.android.apps.photos/.actionqueue.impl.SystemReceiver
02-15 12:16:24.263  1685  1783 W BroadcastQueue: Target SDK mismatch: receiver ActivityInfo{8a21dd3 com.google.android.apps.photos.jobqueue.JobServiceBroadcastReceiver} targets 33 but delivery restricted to [0, 23] broadcasting Intent { act=android.net.conn.CONNECTIVITY_CHANGE flg=0x4200010 (has extras) } from android (pid=1685, uid=1000) to com.google.android.apps.photos/.jobqueue.JobServiceBroadcastReceiver
02-15 12:16:24.263  1685  1783 W BroadcastQueue: Target SDK mismatch: receiver ActivityInfo{64f2d10 com.google.android.gms.gcm.ServiceAutoStarter} targets 33 but delivery restricted to [0, 23] broadcasting Intent { act=android.net.conn.CONNECTIVITY_CHANGE flg=0x4200010 (has extras) } from android (pid=1685, uid=1000) to com.google.android.gms/.gcm.ServiceAutoStarter
02-15 12:16:24.263  1685  1783 W BroadcastQueue: Target SDK mismatch: receiver ActivityInfo{9d14009 com.google.android.apps.photos.actionqueue.impl.SystemReceiver} targets 33 but delivery restricted to [0, 23] broadcasting Intent { act=android.net.conn.CONNECTIVITY_CHANGE flg=0x4200010 (has extras) } from android (pid=1685, uid=1000) to com.google.android.apps.photos/.actionqueue.impl.SystemReceiver
02-15 12:16:24.263  1685  1783 W BroadcastQueue: Target SDK mismatch: receiver ActivityInfo{f91320e com.google.android.apps.photos.jobqueue.JobServiceBroadcastReceiver} targets 33 but delivery restricted to [0, 23] broadcasting Intent { act=android.net.conn.CONNECTIVITY_CHANGE flg=0x4200010 (has extras) } from android (pid=1685, uid=1000) to com.google.android.apps.photos/.jobqueue.JobServiceBroadcastReceiver
02-15 12:16:24.263  1685  1783 W BroadcastQueue: Target SDK mismatch: receiver ActivityInfo{2e6c42f com.google.android.gms.gcm.ServiceAutoStarter} targets 33 but delivery restricted to [0, 23] broadcasting Intent { act=android.net.conn.CONNECTIVITY_CHANGE flg=0x4200010 (has extras) } from android (pid=1685, uid=1000) to com.google.android.gms/.gcm.ServiceAutoStarter
02-15 12:16:24.289  1134  1134 I vendor.google.wifi_ext@1.0-service-vendor: Wifi: Setting SAR Scenario to 3
02-15 12:16:24.333  1685  5998 W ContextImpl: Calling a method in the system process without a qualified user: android.app.ContextImpl.sendBroadcastMultiplePermissions:1222 com.android.server.TelephonyRegistry.broadcastServiceStateChanged:3085 com.android.server.TelephonyRegistry.notifyServiceStateForPhoneId:1616 com.android.internal.telephony.ITelephonyRegistry$Stub.onTransact:492 android.os.Binder.execTransactInternal:1280 
02-15 12:16:24.335  1685  5998 W ContextImpl: Calling a method in the system process without a qualified user: android.app.ContextImpl.sendBroadcastMultiplePermissions:1272 android.content.Context.sendBroadcastMultiplePermissions:2272 com.android.server.TelephonyRegistry.broadcastServiceStateChanged:3089 com.android.server.TelephonyRegistry.notifyServiceStateForPhoneId:1616 com.android.internal.telephony.ITelephonyRegistry$Stub.onTransact:492 
02-15 12:16:24.335  1685  5998 W ContextImpl: Calling a method in the system process without a qualified user: android.app.ContextImpl.sendBroadcastMultiplePermissions:1272 android.content.Context.sendBroadcastMultiplePermissions:2272 com.android.server.TelephonyRegistry.broadcastServiceStateChanged:3096 com.android.server.TelephonyRegistry.notifyServiceStateForPhoneId:1616 com.android.internal.telephony.ITelephonyRegistry$Stub.onTransact:492 
02-15 12:16:24.335  1685  5998 W ContextImpl: Calling a method in the system process without a qualified user: android.app.ContextImpl.sendBroadcastMultiplePermissions:1272 android.content.Context.sendBroadcastMultiplePermissions:2272 com.android.server.TelephonyRegistry.broadcastServiceStateChanged:3100 com.android.server.TelephonyRegistry.notifyServiceStateForPhoneId:1616 com.android.internal.telephony.ITelephonyRegistry$Stub.onTransact:492 
02-15 12:16:24.336  1685  1783 W BroadcastQueue: Permission Denial: receiving Intent { act=android.intent.action.SERVICE_STATE flg=0x1000010 (has extras) } to ProcessRecord{55b8f08 2127:com.android.systemui/u0a210} (pid=2127, uid=10210) requires android.permission.READ_PHONE_STATE due to sender android (uid 1001)
02-15 12:16:24.336  1685  1783 W BroadcastQueue: Permission Denial: receiving Intent { act=android.intent.action.SERVICE_STATE flg=0x1000010 (has extras) } to ProcessRecord{ed6a6f2 2431:com.shannon.imsservice/u0a191} (pid=2431, uid=10191) requires android.permission.READ_PHONE_STATE due to sender android (uid 1001)
02-15 12:16:24.336  1685  1783 W BroadcastQueue: Permission Denial: receiving Intent { act=android.intent.action.SERVICE_STATE flg=0x1000010 (has extras) } to ProcessRecord{55b8f08 2127:com.android.systemui/u0a210} (pid=2127, uid=10210) requires android.permission.ACCESS_FINE_LOCATION due to sender android (uid 1001)
02-15 12:16:24.337  1685  1783 W BroadcastQueue: Permission Denial: receiving Intent { act=android.intent.action.SERVICE_STATE flg=0x1000010 (has extras) } to ProcessRecord{55b8f08 2127:com.android.systemui/u0a210} (pid=2127, uid=10210) requires android.permission.READ_PHONE_STATE due to sender android (uid 1001)
02-15 12:16:24.337  1685  1783 W BroadcastQueue: Permission Denial: receiving Intent { act=android.intent.action.SERVICE_STATE flg=0x1000010 (has extras) } to ProcessRecord{ed6a6f2 2431:com.shannon.imsservice/u0a191} (pid=2431, uid=10191) requires android.permission.READ_PHONE_STATE due to sender android (uid 1001)
02-15 12:16:24.337  1685  1783 W BroadcastQueue: Appop Denial: receiving Intent { act=android.intent.action.SERVICE_STATE flg=0x1000010 (has extras) } to ProcessRecord{ed6a6f2 2431:com.shannon.imsservice/u0a191} (pid=2431, uid=10191) excludes appop android:fine_location due to sender android (uid 1001)
02-15 12:16:24.355  1685  5989 W BroadcastQueue: Permission Denial: receiving Intent { act=android.intent.action.SERVICE_STATE flg=0x1000010 (has extras) } to com.google.android.cellbroadcastreceiver/com.android.cellbroadcastreceiver.CellBroadcastReceiver requires android.permission.READ_PHONE_STATE due to sender android (uid 1001)
02-15 12:16:24.356  1685  1783 W BroadcastQueue: Permission Denial: receiving Intent { act=android.intent.action.SERVICE_STATE flg=0x1000010 (has extras) } to com.google.android.cellbroadcastreceiver/com.android.cellbroadcastreceiver.CellBroadcastReceiver requires android.permission.ACCESS_FINE_LOCATION due to sender android (uid 1001)
02-15 12:16:24.356  1685  1783 W BroadcastQueue: Permission Denial: receiving Intent { act=android.intent.action.SERVICE_STATE flg=0x1000010 (has extras) } to com.google.android.cellbroadcastreceiver/com.android.cellbroadcastreceiver.CellBroadcastReceiver requires android.permission.READ_PHONE_STATE due to sender android (uid 1001)
02-15 12:16:29.395   511  1340 I keystore2: keystore2::watchdog: Watchdog thread idle -> terminating. Have a great day.
02-15 12:16:31.164  1685  6005 W ProcessStats: Tracking association SourceState{4f4e74b com.google.android.gm/10186 Top #191610} whose proc state 1 is better than process ProcessState{414ec79 com.google.android.gms.persistent/10146 pkg=com.google.android.gms} proc state 2 (71 skipped)
02-15 12:16:43.413  1685  6005 W ProcessStats: Tracking association SourceState{f3d0540 com.google.android.gm/10186 Top #191638} whose proc state 1 is better than process ProcessState{414ec79 com.google.android.gms.persistent/10146 pkg=com.google.android.gms} proc state 2 (37 skipped)
02-15 12:16:45.689  1685  6947 W AppOps  : Noting op not finished: uid 10146 pkg com.google.android.gms code 113 startTime of in progress event=1676394844743
02-15 12:16:45.700  1685  6947 W AppOps  : Noting op not finished: uid 10168 pkg com.google.android.gms.location.history code 79 startTime of in progress event=1676394841327
02-15 12:16:45.706  1685  5998 W AppOps  : Noting op not finished: uid 10146 pkg com.google.android.gms code 113 startTime of in progress event=1676394836675
02-15 12:16:45.710  1685  6947 W AppOps  : Noting op not finished: uid 10146 pkg com.google.android.gms code 113 startTime of in progress event=1676394836675
02-15 12:16:45.714  1685  5998 W AppOps  : Noting op not finished: uid 10146 pkg com.google.android.gms code 79 startTime of in progress event=1676394842951
02-15 12:16:52.688  1685  6005 W AppOps  : Noting op not finished: uid 10102 pkg com.google.android.apps.scone code 79 startTime of in progress event=1676451263843
02-15 12:16:52.702  1685  1783 I ActivityManager: Killing 21508:android.process.acore/u10a65 (adj 985): empty #33
02-15 12:16:55.025  1685  6947 W ProcessStats: Tracking association SourceState{f3d0540 com.google.android.gm/10186 Top #191673} whose proc state 1 is better than process ProcessState{414ec79 com.google.android.gms.persistent/10146 pkg=com.google.android.gms} proc state 2 (20 skipped)
02-15 12:17:07.825  1685  6005 W ProcessStats: Tracking association SourceState{f3d0540 com.google.android.gm/10186 Top #191682} whose proc state 1 is better than process ProcessState{414ec79 com.google.android.gms.persistent/10146 pkg=com.google.android.gms} proc state 2 (7 skipped)
02-15 12:17:23.974  1685  1833 W ProcessStats: Tracking association SourceState{4f4e74b com.google.android.gm/10186 Top #191697} whose proc state 1 is better than process ProcessState{414ec79 com.google.android.gms.persistent/10146 pkg=com.google.android.gms} proc state 2 (13 skipped)
02-15 12:17:39.028  1685  5998 W ProcessStats: Tracking association SourceState{f3d0540 com.google.android.gm/10186 Top #191728} whose proc state 1 is better than process ProcessState{414ec79 com.google.android.gms.persistent/10146 pkg=com.google.android.gms} proc state 2 (45 skipped)
02-15 12:17:53.287  1685  6005 W AppOps  : Noting op not finished: uid 10146 pkg com.google.android.gms code 113 startTime of in progress event=1676394844743
02-15 12:17:53.309  1685  5544 W ProcessStats: Tracking association SourceState{f3d0540 com.google.android.gm/10186 Top #191743} whose proc state 1 is better than process ProcessState{414ec79 com.google.android.gms.persistent/10146 pkg=com.google.android.gms} proc state 2 (13 skipped)
02-15 12:17:53.316  1685  6947 W AppOps  : Noting op not finished: uid 10168 pkg com.google.android.gms.location.history code 79 startTime of in progress event=1676394841327
02-15 12:17:53.330  1685  5544 W AppOps  : Noting op not finished: uid 10146 pkg com.google.android.gms code 113 startTime of in progress event=1676394836675
02-15 12:17:53.335  1685  6947 W AppOps  : Noting op not finished: uid 10146 pkg com.google.android.gms code 113 startTime of in progress event=1676394836675
02-15 12:17:53.339  1685  5544 W AppOps  : Noting op not finished: uid 10146 pkg com.google.android.gms code 79 startTime of in progress event=1676394842951
02-15 12:18:08.384  1685  5998 W ProcessStats: Tracking association SourceState{f3d0540 com.google.android.gm/10186 Top #191767} whose proc state 1 is better than process ProcessState{414ec79 com.google.android.gms.persistent/10146 pkg=com.google.android.gms} proc state 2 (15 skipped)
02-15 12:18:19.169  1685  1744 W ProcessStats: Tracking association SourceState{f3d0540 com.google.android.gm/10186 Top #191778} whose proc state 1 is better than process ProcessState{414ec79 com.google.android.gms.persistent/10146 pkg=com.google.android.gms} proc state 2 (9 skipped)
02-15 12:18:19.279  1685  1782 E ShortcutService: Failed to report usage via AppSearch. Couldn't report usage on a nonexistent document: (namespace: 'android$org.telegram.messenger/org.telegram.messenger', uri: 'ndid_477862874')
02-15 12:18:19.301  1685  1771 E ShortcutService: Failed deleting ndid_477862874, error message:Document id '2206' doesn't exist
02-15 12:18:19.429  1685  1782 W UserManagerService: onShortcutChanged for another profile 0 from 10
02-15 12:18:19.511  1685  1685 W NotificationHistory: Attempted to add notif for locked/gone/disabled user 0
02-15 12:18:31.248  1685  5998 W ProcessStats: Tracking association SourceState{4f4e74b com.google.android.gm/10186 Top #191798} whose proc state 1 is better than process ProcessState{414ec79 com.google.android.gms.persistent/10146 pkg=com.google.android.gms} proc state 2 (22 skipped)
02-15 12:18:46.305  1685  6005 W ProcessStats: Tracking association SourceState{f3d0540 com.google.android.gm/10186 Top #191815} whose proc state 1 is better than process ProcessState{414ec79 com.google.android.gms.persistent/10146 pkg=com.google.android.gms} proc state 2 (20 skipped)
02-15 12:18:46.736  1685  1782 E ShortcutService: Failed to report usage via AppSearch. Failed to find DocumentId by key: android$com.google.android.gm/com.google.android.gm, AAAAgAOQp1Y;Key not found 12027157867231710775 in DynamicTrieKeyMapper /data/system_ce/10/appsearch/icing/document_dir/key_mapper_dir/key_mapper.
02-15 12:18:46.793  1685  1771 E ShortcutService: Failed deleting AAAAgAOQp1Y, error message:Failed to delete Document. namespace: android$com.google.android.gm/com.google.android.gm, uri: AAAAgAOQp1Y;Failed to find DocumentId by key: android$com.google.android.gm/com.google.android.gm, AAAAgAOQp1Y;Key not found 12027157867231710775 in DynamicTrieKeyMapper /data/system_ce/10/appsearch/icing/document_dir/key_mapper_dir/key_mapper.
02-15 12:18:47.004  1685  1685 W NotificationHistory: Attempted to add notif for locked/gone/disabled user 10
02-15 12:19:01.249  1685  6005 W ProcessStats: Tracking association SourceState{f3d0540 com.google.android.gm/10186 Top #191850} whose proc state 1 is better than process ProcessState{414ec79 com.google.android.gms.persistent/10146 pkg=com.google.android.gms} proc state 2 (22 skipped)
02-15 12:19:16.298  1685  5544 W ProcessStats: Tracking association SourceState{f3d0540 com.google.android.gm/10186 Top #191868} whose proc state 1 is better than process ProcessState{414ec79 com.google.android.gms.persistent/10146 pkg=com.google.android.gms} proc state 2 (15 skipped)
02-15 12:19:31.267  1685  6005 W ProcessStats: Tracking association SourceState{4f4e74b com.google.android.gm/10186 Top #191878} whose proc state 1 is better than process ProcessState{414ec79 com.google.android.gms.persistent/10146 pkg=com.google.android.gms} proc state 2 (16 skipped)
02-15 12:19:46.356  1685  6947 W ProcessStats: Tracking association SourceState{f3d0540 com.google.android.gm/10186 Top #191895} whose proc state 1 is better than process ProcessState{414ec79 com.google.android.gms.persistent/10146 pkg=com.google.android.gms} proc state 2 (17 skipped)
02-15 12:20:01.302  1685  1744 W ProcessStats: Tracking association SourceState{f3d0540 com.google.android.gm/10186 Top #191902} whose proc state 1 is better than process ProcessState{414ec79 com.google.android.gms.persistent/10146 pkg=com.google.android.gms} proc state 2 (6 skipped)
02-15 12:20:10.549  1685  1685 I ContentCaptureManagerService: Content capture data sharing session terminated successfully for package 'com.google.android.googlequicksearchbox'
02-15 12:20:10.691  1685  1685 I ContentCaptureManagerService: Content capture data sharing session terminated successfully for package 'com.google.android.googlequicksearchbox'
