02-15 11:55:53.896  1685  1866 W AppOps  : Noting op not finished: uid 10146 pkg com.google.android.gms code 79 startTime of in progress event=1676394842951
02-15 11:55:53.896  1685  1866 W AppOps  : Noting op not finished: uid 10146 pkg com.google.android.gms code 79 startTime of in progress event=1676394842951
02-15 11:55:53.896  1685  1866 W AppOps  : Noting op not finished: uid 10146 pkg com.google.android.gms code 79 startTime of in progress event=1676394842951
02-15 11:55:53.896  1685  1866 W AppOps  : Noting op not finished: uid 10146 pkg com.google.android.gms code 79 startTime of in progress event=1676394842951
02-15 11:55:53.896  1685  1866 W AppOps  : Noting op not finished: uid 10146 pkg com.google.android.gms code 79 startTime of in progress event=1676394842951
02-15 11:55:53.896  1685  1866 W AppOps  : Noting op not finished: uid 10146 pkg com.google.android.gms code 79 startTime of in progress event=1676394842951
02-15 11:55:53.896  1685  1866 W AppOps  : Noting op not finished: uid 10146 pkg com.google.android.gms code 79 startTime of in progress event=1676394842951
02-15 11:55:53.897  1685  1866 W AppOps  : Noting op not finished: uid 10146 pkg com.google.android.gms code 79 startTime of in progress event=1676394842951
02-15 11:55:53.897  1685  1866 W AppOps  : Noting op not finished: uid 10146 pkg com.google.android.gms code 79 startTime of in progress event=1676394842951
02-15 11:55:53.897  1685  1866 W AppOps  : Noting op not finished: uid 10146 pkg com.google.android.gms code 79 startTime of in progress event=1676394842951
02-15 11:55:56.552  1685  1866 W AppOps  : Noting op not finished: uid 10146 pkg com.google.android.gms code 79 startTime of in progress event=1676394842951
02-15 11:56:00.270  1685  1866 W AppOps  : Noting op not finished: uid 10146 pkg com.google.android.gms code 79 startTime of in progress event=1676394842951
02-15 11:56:00.271  1685  1866 W AppOps  : Noting op not finished: uid 10146 pkg com.google.android.gms code 79 startTime of in progress event=1676394842951
02-15 11:56:00.271  1685  1866 W AppOps  : Noting op not finished: uid 10146 pkg com.google.android.gms code 79 startTime of in progress event=1676394842951
02-15 11:56:00.271  1685  1866 W AppOps  : Noting op not finished: uid 10146 pkg com.google.android.gms code 79 startTime of in progress event=1676394842951
02-15 11:56:02.784  1685  1866 W AppOps  : Noting op not finished: uid 10146 pkg com.google.android.gms code 79 startTime of in progress event=1676394842951
02-15 11:56:02.785  1685  1866 W AppOps  : Noting op not finished: uid 10146 pkg com.google.android.gms code 79 startTime of in progress event=1676394842951
02-15 11:56:03.575  1685  1866 W AppOps  : Noting op not finished: uid 10146 pkg com.google.android.gms code 79 startTime of in progress event=1676394842951
02-15 11:56:04.588  1685  5239 W ProcessStats: Tracking association SourceState{f3d0540 com.google.android.gm/10186 Top #188912} whose proc state 1 is better than process ProcessState{414ec79 com.google.android.gms.persistent/10146 pkg=com.google.android.gms} proc state 2 (82 skipped)
02-15 11:56:29.215  1685  1866 W AppOps  : Noting op not finished: uid 10146 pkg com.google.android.gms code 79 startTime of in progress event=1676394842951
02-15 11:56:29.215  1685  1866 W AppOps  : Noting op not finished: uid 10146 pkg com.google.android.gms code 79 startTime of in progress event=1676394842951
02-15 11:56:29.215  1685  1866 W AppOps  : Noting op not finished: uid 10146 pkg com.google.android.gms code 79 startTime of in progress event=1676394842951
02-15 11:56:29.215  1685  1866 W AppOps  : Noting op not finished: uid 10146 pkg com.google.android.gms code 79 startTime of in progress event=1676394842951
02-15 11:56:29.215  1685  1866 W AppOps  : Noting op not finished: uid 10146 pkg com.google.android.gms code 79 startTime of in progress event=1676394842951
02-15 11:56:29.216  1685  1866 W AppOps  : Noting op not finished: uid 10146 pkg com.google.android.gms code 79 startTime of in progress event=1676394842951
02-15 11:56:29.216  1685  1866 W AppOps  : Noting op not finished: uid 10146 pkg com.google.android.gms code 79 startTime of in progress event=1676394842951
02-15 11:56:29.216  1685  1866 W AppOps  : Noting op not finished: uid 10146 pkg com.google.android.gms code 79 startTime of in progress event=1676394842951
02-15 11:56:29.216  1685  1866 W AppOps  : Noting op not finished: uid 10146 pkg com.google.android.gms code 79 startTime of in progress event=1676394842951
02-15 11:56:29.216  1685  1866 W AppOps  : Noting op not finished: uid 10146 pkg com.google.android.gms code 79 startTime of in progress event=1676394842951
02-15 11:56:29.216  1685  1866 W AppOps  : Noting op not finished: uid 10146 pkg com.google.android.gms code 79 startTime of in progress event=1676394842951
02-15 11:56:29.216  1685  1866 W AppOps  : Noting op not finished: uid 10146 pkg com.google.android.gms code 79 startTime of in progress event=1676394842951
02-15 11:56:29.216  1685  1866 W AppOps  : Noting op not finished: uid 10146 pkg com.google.android.gms code 79 startTime of in progress event=1676394842951
02-15 11:56:29.217  1685  1866 W AppOps  : Noting op not finished: uid 10146 pkg com.google.android.gms code 79 startTime of in progress event=1676394842951
02-15 11:56:29.217  1685  1866 W AppOps  : Noting op not finished: uid 10146 pkg com.google.android.gms code 79 startTime of in progress event=1676394842951
02-15 11:56:29.217  1685  1866 W AppOps  : Noting op not finished: uid 10146 pkg com.google.android.gms code 79 startTime of in progress event=1676394842951
02-15 11:56:29.217  1685  1866 W AppOps  : Noting op not finished: uid 10146 pkg com.google.android.gms code 79 startTime of in progress event=1676394842951
02-15 11:56:29.217  1685  1866 W AppOps  : Noting op not finished: uid 10146 pkg com.google.android.gms code 79 startTime of in progress event=1676394842951
02-15 11:57:27.442  1685  1866 W AppOps  : Noting op not finished: uid 10146 pkg com.google.android.gms code 79 startTime of in progress event=1676394842951
02-15 11:57:27.442  1685  1866 W AppOps  : Noting op not finished: uid 10146 pkg com.google.android.gms code 79 startTime of in progress event=1676394842951
02-15 11:57:27.442  1685  1866 W AppOps  : Noting op not finished: uid 10146 pkg com.google.android.gms code 79 startTime of in progress event=1676394842951
02-15 11:57:27.442  1685  1866 W AppOps  : Noting op not finished: uid 10146 pkg com.google.android.gms code 79 startTime of in progress event=1676394842951
02-15 11:57:27.443  1685  1866 W AppOps  : Noting op not finished: uid 10146 pkg com.google.android.gms code 79 startTime of in progress event=1676394842951
02-15 11:57:27.443  1685  1866 W AppOps  : Noting op not finished: uid 10146 pkg com.google.android.gms code 79 startTime of in progress event=1676394842951
02-15 11:57:27.443  1685  1866 W AppOps  : Noting op not finished: uid 10146 pkg com.google.android.gms code 79 startTime of in progress event=1676394842951
02-15 11:57:27.443  1685  1866 W AppOps  : Noting op not finished: uid 10146 pkg com.google.android.gms code 79 startTime of in progress event=1676394842951
02-15 11:57:27.443  1685  1866 W AppOps  : Noting op not finished: uid 10146 pkg com.google.android.gms code 79 startTime of in progress event=1676394842951
02-15 11:57:27.444  1685  1866 W AppOps  : Noting op not finished: uid 10146 pkg com.google.android.gms code 79 startTime of in progress event=1676394842951
02-15 11:57:27.444  1685  1866 W AppOps  : Noting op not finished: uid 10146 pkg com.google.android.gms code 79 startTime of in progress event=1676394842951
02-15 11:57:27.444  1685  1866 W AppOps  : Noting op not finished: uid 10146 pkg com.google.android.gms code 79 startTime of in progress event=1676394842951
02-15 11:57:27.444  1685  1866 W AppOps  : Noting op not finished: uid 10146 pkg com.google.android.gms code 79 startTime of in progress event=1676394842951
02-15 11:57:27.444  1685  1866 W AppOps  : Noting op not finished: uid 10146 pkg com.google.android.gms code 79 startTime of in progress event=1676394842951
02-15 11:57:27.444  1685  1866 W AppOps  : Noting op not finished: uid 10146 pkg com.google.android.gms code 79 startTime of in progress event=1676394842951
02-15 11:57:27.445  1685  1866 W AppOps  : Noting op not finished: uid 10146 pkg com.google.android.gms code 79 startTime of in progress event=1676394842951
02-15 11:57:27.445  1685  1866 W AppOps  : Noting op not finished: uid 10146 pkg com.google.android.gms code 79 startTime of in progress event=1676394842951
02-15 11:57:27.445  1685  1866 W AppOps  : Noting op not finished: uid 10146 pkg com.google.android.gms code 79 startTime of in progress event=1676394842951
02-15 11:57:27.446  1685  1866 W AppOps  : Noting op not finished: uid 10146 pkg com.google.android.gms code 79 startTime of in progress event=1676394842951
02-15 11:57:27.446  1685  1866 W AppOps  : Noting op not finished: uid 10146 pkg com.google.android.gms code 79 startTime of in progress event=1676394842951
02-15 11:57:27.446  1685  1866 W AppOps  : Noting op not finished: uid 10146 pkg com.google.android.gms code 79 startTime of in progress event=1676394842951
02-15 11:57:27.446  1685  1866 W AppOps  : Noting op not finished: uid 10146 pkg com.google.android.gms code 79 startTime of in progress event=1676394842951
02-15 11:57:27.447  1685  1866 W AppOps  : Noting op not finished: uid 10146 pkg com.google.android.gms code 79 startTime of in progress event=1676394842951
02-15 11:57:27.447  1685  1866 W AppOps  : Noting op not finished: uid 10146 pkg com.google.android.gms code 79 startTime of in progress event=1676394842951
02-15 11:57:27.447  1685  1866 W AppOps  : Noting op not finished: uid 10146 pkg com.google.android.gms code 79 startTime of in progress event=1676394842951
02-15 11:57:27.447  1685  1866 W AppOps  : Noting op not finished: uid 10146 pkg com.google.android.gms code 79 startTime of in progress event=1676394842951
02-15 11:57:27.447  1685  1866 W AppOps  : Noting op not finished: uid 10146 pkg com.google.android.gms code 79 startTime of in progress event=1676394842951
02-15 11:57:27.448  1685  1866 W AppOps  : Noting op not finished: uid 10146 pkg com.google.android.gms code 79 startTime of in progress event=1676394842951
02-15 11:57:27.448  1685  1866 W AppOps  : Noting op not finished: uid 10146 pkg com.google.android.gms code 79 startTime of in progress event=1676394842951
02-15 11:57:27.448  1685  1866 W AppOps  : Noting op not finished: uid 10146 pkg com.google.android.gms code 79 startTime of in progress event=1676394842951
02-15 11:57:27.448  1685  1866 W AppOps  : Noting op not finished: uid 10146 pkg com.google.android.gms code 79 startTime of in progress event=1676394842951
02-15 11:57:27.448  1685  1866 W AppOps  : Noting op not finished: uid 10146 pkg com.google.android.gms code 79 startTime of in progress event=1676394842951
02-15 11:57:27.449  1685  1866 W AppOps  : Noting op not finished: uid 10146 pkg com.google.android.gms code 79 startTime of in progress event=1676394842951
02-15 11:59:50.287  1685  1866 W AppOps  : Noting op not finished: uid 10146 pkg com.google.android.gms code 79 startTime of in progress event=1676394842951
02-15 11:59:50.288  1685  1866 W AppOps  : Noting op not finished: uid 10146 pkg com.google.android.gms code 79 startTime of in progress event=1676394842951
02-15 11:59:50.288  1685  1866 W AppOps  : Noting op not finished: uid 10146 pkg com.google.android.gms code 79 startTime of in progress event=1676394842951
02-15 11:59:50.288  1685  1866 W AppOps  : Noting op not finished: uid 10146 pkg com.google.android.gms code 79 startTime of in progress event=1676394842951
02-15 11:59:50.288  1685  1866 W AppOps  : Noting op not finished: uid 10146 pkg com.google.android.gms code 79 startTime of in progress event=1676394842951
02-15 11:59:50.289  1685  1866 W AppOps  : Noting op not finished: uid 10146 pkg com.google.android.gms code 79 startTime of in progress event=1676394842951
02-15 11:59:50.289  1685  1866 W AppOps  : Noting op not finished: uid 10146 pkg com.google.android.gms code 79 startTime of in progress event=1676394842951
02-15 11:59:50.289  1685  1866 W AppOps  : Noting op not finished: uid 10146 pkg com.google.android.gms code 79 startTime of in progress event=1676394842951
02-15 11:59:50.289  1685  1866 W AppOps  : Noting op not finished: uid 10146 pkg com.google.android.gms code 79 startTime of in progress event=1676394842951
02-15 11:59:50.289  1685  1866 W AppOps  : Noting op not finished: uid 10146 pkg com.google.android.gms code 79 startTime of in progress event=1676394842951
02-15 11:59:50.289  1685  1866 W AppOps  : Noting op not finished: uid 10146 pkg com.google.android.gms code 79 startTime of in progress event=1676394842951
02-15 11:59:50.289  1685  1866 W AppOps  : Noting op not finished: uid 10146 pkg com.google.android.gms code 79 startTime of in progress event=1676394842951
02-15 11:59:50.290  1685  1866 W AppOps  : Noting op not finished: uid 10146 pkg com.google.android.gms code 79 startTime of in progress event=1676394842951
02-15 11:59:50.290  1685  1866 W AppOps  : Noting op not finished: uid 10146 pkg com.google.android.gms code 79 startTime of in progress event=1676394842951
02-15 11:59:50.290  1685  1866 W AppOps  : Noting op not finished: uid 10146 pkg com.google.android.gms code 79 startTime of in progress event=1676394842951
02-15 11:59:50.290  1685  1866 W AppOps  : Noting op not finished: uid 10146 pkg com.google.android.gms code 79 startTime of in progress event=1676394842951
02-15 11:59:50.290  1685  1866 W AppOps  : Noting op not finished: uid 10146 pkg com.google.android.gms code 79 startTime of in progress event=1676394842951
02-15 11:59:50.290  1685  1866 W AppOps  : Noting op not finished: uid 10146 pkg com.google.android.gms code 79 startTime of in progress event=1676394842951
02-15 11:59:50.291  1685  1866 W AppOps  : Noting op not finished: uid 10146 pkg com.google.android.gms code 79 startTime of in progress event=1676394842951
02-15 11:59:50.291  1685  1866 W AppOps  : Noting op not finished: uid 10146 pkg com.google.android.gms code 79 startTime of in progress event=1676394842951
02-15 11:59:50.292  1685  1866 W AppOps  : Noting op not finished: uid 10146 pkg com.google.android.gms code 79 startTime of in progress event=1676394842951
02-15 11:59:50.292  1685  1866 W AppOps  : Noting op not finished: uid 10146 pkg com.google.android.gms code 79 startTime of in progress event=1676394842951
02-15 11:59:50.292  1685  1866 W AppOps  : Noting op not finished: uid 10146 pkg com.google.android.gms code 79 startTime of in progress event=1676394842951
02-15 11:59:50.293  1685  1866 W AppOps  : Noting op not finished: uid 10146 pkg com.google.android.gms code 79 startTime of in progress event=1676394842951
02-15 11:59:50.293  1685  1866 W AppOps  : Noting op not finished: uid 10146 pkg com.google.android.gms code 79 startTime of in progress event=1676394842951
02-15 11:59:50.293  1685  1866 W AppOps  : Noting op not finished: uid 10146 pkg com.google.android.gms code 79 startTime of in progress event=1676394842951
02-15 11:59:50.293  1685  1866 W AppOps  : Noting op not finished: uid 10146 pkg com.google.android.gms code 79 startTime of in progress event=1676394842951
02-15 11:59:50.293  1685  1866 W AppOps  : Noting op not finished: uid 10146 pkg com.google.android.gms code 79 startTime of in progress event=1676394842951
02-15 11:59:50.294  1685  1866 W AppOps  : Noting op not finished: uid 10146 pkg com.google.android.gms code 79 startTime of in progress event=1676394842951
02-15 11:59:50.294  1685  1866 W AppOps  : Noting op not finished: uid 10146 pkg com.google.android.gms code 79 startTime of in progress event=1676394842951
02-15 11:59:50.294  1685  1866 W AppOps  : Noting op not finished: uid 10146 pkg com.google.android.gms code 79 startTime of in progress event=1676394842951
02-15 11:59:50.294  1685  1866 W AppOps  : Noting op not finished: uid 10146 pkg com.google.android.gms code 79 startTime of in progress event=1676394842951
02-15 11:59:50.294  1685  1866 W AppOps  : Noting op not finished: uid 10146 pkg com.google.android.gms code 79 startTime of in progress event=1676394842951
02-15 12:00:00.426  1685  1866 W AppOps  : Noting op not finished: uid 10146 pkg com.google.android.gms code 79 startTime of in progress event=1676394842951
02-15 12:00:00.427  1685  1866 W AppOps  : Noting op not finished: uid 10146 pkg com.google.android.gms code 79 startTime of in progress event=1676394842951
02-15 12:00:00.427  1685  1866 W AppOps  : Noting op not finished: uid 10146 pkg com.google.android.gms code 79 startTime of in progress event=1676394842951
02-15 12:00:00.427  1685  1866 W AppOps  : Noting op not finished: uid 10146 pkg com.google.android.gms code 79 startTime of in progress event=1676394842951
02-15 12:00:00.428  1685  1866 W AppOps  : Noting op not finished: uid 10146 pkg com.google.android.gms code 79 startTime of in progress event=1676394842951
02-15 12:00:00.428  1685  1866 W AppOps  : Noting op not finished: uid 10146 pkg com.google.android.gms code 79 startTime of in progress event=1676394842951
02-15 12:00:00.428  1685  1866 W AppOps  : Noting op not finished: uid 10146 pkg com.google.android.gms code 79 startTime of in progress event=1676394842951
02-15 12:00:00.429  1685  1866 W AppOps  : Noting op not finished: uid 10146 pkg com.google.android.gms code 79 startTime of in progress event=1676394842951
02-15 12:00:00.429  1685  1866 W AppOps  : Noting op not finished: uid 10146 pkg com.google.android.gms code 79 startTime of in progress event=1676394842951
02-15 12:00:00.443  1685  6948 D CompatibilityChangeReporter: Compat change id reported: 161252188; UID 1000; state: ENABLED
02-15 12:00:19.898  1685  1866 W AppOps  : Noting op not finished: uid 10146 pkg com.google.android.gms code 79 startTime of in progress event=1676394842951
02-15 12:00:19.898  1685  1866 W AppOps  : Noting op not finished: uid 10146 pkg com.google.android.gms code 79 startTime of in progress event=1676394842951
02-15 12:00:19.899  1685  1866 W AppOps  : Noting op not finished: uid 10146 pkg com.google.android.gms code 79 startTime of in progress event=1676394842951
02-15 12:00:19.899  1685  1866 W AppOps  : Noting op not finished: uid 10146 pkg com.google.android.gms code 79 startTime of in progress event=1676394842951
02-15 12:00:19.899  1685  1866 W AppOps  : Noting op not finished: uid 10146 pkg com.google.android.gms code 79 startTime of in progress event=1676394842951
02-15 12:00:19.899  1685  1866 W AppOps  : Noting op not finished: uid 10146 pkg com.google.android.gms code 79 startTime of in progress event=1676394842951
02-15 12:00:19.899  1685  1866 W AppOps  : Noting op not finished: uid 10146 pkg com.google.android.gms code 79 startTime of in progress event=1676394842951
02-15 12:00:19.900  1685  1866 W AppOps  : Noting op not finished: uid 10146 pkg com.google.android.gms code 79 startTime of in progress event=1676394842951
02-15 12:00:19.900  1685  1866 W AppOps  : Noting op not finished: uid 10146 pkg com.google.android.gms code 79 startTime of in progress event=1676394842951
02-15 12:00:19.900  1685  1866 W AppOps  : Noting op not finished: uid 10146 pkg com.google.android.gms code 79 startTime of in progress event=1676394842951
02-15 12:00:19.900  1685  1866 W AppOps  : Noting op not finished: uid 10146 pkg com.google.android.gms code 79 startTime of in progress event=1676394842951
02-15 12:00:19.900  1685  1866 W AppOps  : Noting op not finished: uid 10146 pkg com.google.android.gms code 79 startTime of in progress event=1676394842951
02-15 12:00:19.901  1685  1866 W AppOps  : Noting op not finished: uid 10146 pkg com.google.android.gms code 79 startTime of in progress event=1676394842951
02-15 12:00:19.901  1685  1866 W AppOps  : Noting op not finished: uid 10146 pkg com.google.android.gms code 79 startTime of in progress event=1676394842951
02-15 12:00:19.902  1685  1866 W AppOps  : Noting op not finished: uid 10146 pkg com.google.android.gms code 79 startTime of in progress event=1676394842951
02-15 12:00:19.902  1685  1866 W AppOps  : Noting op not finished: uid 10146 pkg com.google.android.gms code 79 startTime of in progress event=1676394842951
02-15 12:00:19.902  1685  1866 W AppOps  : Noting op not finished: uid 10146 pkg com.google.android.gms code 79 startTime of in progress event=1676394842951
02-15 12:00:19.902  1685  1866 W AppOps  : Noting op not finished: uid 10146 pkg com.google.android.gms code 79 startTime of in progress event=1676394842951
02-15 12:00:19.902  1685  1866 W AppOps  : Noting op not finished: uid 10146 pkg com.google.android.gms code 79 startTime of in progress event=1676394842951
02-15 12:00:19.902  1685  1866 W AppOps  : Noting op not finished: uid 10146 pkg com.google.android.gms code 79 startTime of in progress event=1676394842951
02-15 12:00:19.903  1685  1866 W AppOps  : Noting op not finished: uid 10146 pkg com.google.android.gms code 79 startTime of in progress event=1676394842951
02-15 12:00:19.903  1685  1866 W AppOps  : Noting op not finished: uid 10146 pkg com.google.android.gms code 79 startTime of in progress event=1676394842951
02-15 12:00:19.903  1685  1866 W AppOps  : Noting op not finished: uid 10146 pkg com.google.android.gms code 79 startTime of in progress event=1676394842951
02-15 12:00:19.903  1685  1866 W AppOps  : Noting op not finished: uid 10146 pkg com.google.android.gms code 79 startTime of in progress event=1676394842951
02-15 12:00:19.903  1685  1866 W AppOps  : Noting op not finished: uid 10146 pkg com.google.android.gms code 79 startTime of in progress event=1676394842951
02-15 12:00:47.407  1685  1866 W AppOps  : Noting op not finished: uid 10146 pkg com.google.android.gms code 79 startTime of in progress event=1676394842951
02-15 12:00:47.408  1685  1866 W AppOps  : Noting op not finished: uid 10146 pkg com.google.android.gms code 79 startTime of in progress event=1676394842951
02-15 12:00:47.408  1685  1866 W AppOps  : Noting op not finished: uid 10146 pkg com.google.android.gms code 79 startTime of in progress event=1676394842951
02-15 12:00:47.408  1685  1866 W AppOps  : Noting op not finished: uid 10146 pkg com.google.android.gms code 79 startTime of in progress event=1676394842951
02-15 12:00:47.408  1685  1866 W AppOps  : Noting op not finished: uid 10146 pkg com.google.android.gms code 79 startTime of in progress event=1676394842951
02-15 12:00:47.408  1685  1866 W AppOps  : Noting op not finished: uid 10146 pkg com.google.android.gms code 79 startTime of in progress event=1676394842951
02-15 12:00:47.409  1685  1866 W AppOps  : Noting op not finished: uid 10146 pkg com.google.android.gms code 79 startTime of in progress event=1676394842951
02-15 12:00:47.409  1685  1866 W AppOps  : Noting op not finished: uid 10146 pkg com.google.android.gms code 79 startTime of in progress event=1676394842951
02-15 12:00:47.409  1685  1866 W AppOps  : Noting op not finished: uid 10146 pkg com.google.android.gms code 79 startTime of in progress event=1676394842951
02-15 12:00:47.409  1685  1866 W AppOps  : Noting op not finished: uid 10146 pkg com.google.android.gms code 79 startTime of in progress event=1676394842951
02-15 12:01:51.315  1685  5239 W AppOps  : Noting op not finished: uid 10168 pkg com.google.android.gms.location.history code 79 startTime of in progress event=1676394841327
02-15 12:02:42.268  1685  1868 W ProcessStats: Tracking association SourceState{f3d0540 com.google.android.gm/10186 Top #189016} whose proc state 1 is better than process ProcessState{414ec79 com.google.android.gms.persistent/10146 pkg=com.google.android.gms} proc state 2 (87 skipped)
02-15 12:02:53.882  1685  1866 W AppOps  : Noting op not finished: uid 10146 pkg com.google.android.gms code 79 startTime of in progress event=1676394842951
02-15 12:02:53.883  1685  1866 W AppOps  : Noting op not finished: uid 10146 pkg com.google.android.gms code 79 startTime of in progress event=1676394842951
02-15 12:02:53.883  1685  1866 W AppOps  : Noting op not finished: uid 10146 pkg com.google.android.gms code 79 startTime of in progress event=1676394842951
02-15 12:02:53.883  1685  1866 W AppOps  : Noting op not finished: uid 10146 pkg com.google.android.gms code 79 startTime of in progress event=1676394842951
02-15 12:02:53.885  1685  1889 I PowerGroup: Waking up power group from Dozing (groupId=0, uid=1000, reason=WAKE_REASON_POWER_BUTTON, details=android.policy:POWER)...
02-15 12:02:53.885  1685  1889 I PowerManagerService: Waking up from Dozing (uid=1000, reason=WAKE_REASON_POWER_BUTTON, details=android.policy:POWER)...
02-15 12:02:53.887  1685  1685 E ActivityManager: Cancel pending or running compactions as system is awake
02-15 12:02:53.899  1685  1805 I DreamManagerService: Gently waking up from dream.
02-15 12:02:53.899  1685  1771 I DreamManagerService: Performing gentle wake from dream.
02-15 12:02:53.900  1685  5243 I DreamManagerService: Leaving dreamland.
02-15 12:02:53.901  1685  1685 I FingerprintManager: onPowerPressed
02-15 12:02:53.901  1685  1685 D WindowManager: powerPress: eventTime=22036108 interactive=false count=1 beganFromNonInteractive=true mShortPressOnPowerBehavior=1
02-15 12:02:53.901  1685  1805 I DisplayPowerController[0]: Blocking screen on until initial contents have been drawn.
02-15 12:02:53.902  1685  1771 I DreamManagerService: Performing gentle wake from dream.
02-15 12:02:53.903  1685  1771 I DreamController: Stopping dream: name=ComponentInfo{com.android.systemui/com.android.systemui.doze.DozeService}, isPreviewMode=false, canDoze=true, userId=0, reason='finished self'(from 'requested stopDream')
02-15 12:02:53.907  1685  1805 V DisplayPowerController[0]: Brightness [0.12896983] reason changing to: 'manual', previous reason: 'screen_off'.
02-15 12:02:53.907  1685  1805 I DisplayPowerController[0]: BrightnessEvent: disp=0, physDisp=local:4619827677550801152, brt=0.12896983, initBrt=0.0, rcmdBrt=NaN, preBrt=NaN, lux=NaN, fastAmbientLux=196.25253, slowAmbientLux=200.30121, preLux=NaN, hbmMax=0.62, hbmMode=off, rbcStrength=50, powerFactor=1.0, thrmMax=1.0, flags=invalid_lux , reason=manual, autoBrightness=true
02-15 12:02:53.908  1685  1805 I DisplayPowerController[0]: BrightnessEvent: disp=0, physDisp=local:4619827677550801152, brt=0.12896983, initBrt=0.12896983, rcmdBrt=NaN, preBrt=NaN, lux=NaN, fastAmbientLux=196.25253, slowAmbientLux=200.30121, preLux=NaN, hbmMax=0.62, hbmMode=off, rbcStrength=50, powerFactor=1.0, thrmMax=1.0, flags=invalid_lux , reason=manual, autoBrightness=true
02-15 12:02:53.908  1685  1774 I DisplayDeviceRepository: Display device changed state: "Built-in Screen", ON
02-15 12:02:53.934  1272  1272 I wificond: Pno scan stopped
02-15 12:02:53.984  1685  1743 I SoundTriggerService: deleteSoundModel(): id = 9f6ad62a-1f0b-11e7-87c5-40a8f03d3f15
02-15 12:02:53.984  1685  1743 W SoundTriggerService: error onStop(): Model 9f6ad62a-1f0b-11e7-87c5-40a8f03d3f15 has no stats available
02-15 12:02:54.058  1685  6943 W ContextImpl: Calling a method in the system process without a qualified user: android.app.ContextImpl.sendBroadcastMultiplePermissions:1222 com.android.server.TelephonyRegistry.broadcastServiceStateChanged:3085 com.android.server.TelephonyRegistry.notifyServiceStateForPhoneId:1616 com.android.internal.telephony.ITelephonyRegistry$Stub.onTransact:492 android.os.Binder.execTransactInternal:1280 
02-15 12:02:54.062  1685  6943 W ContextImpl: Calling a method in the system process without a qualified user: android.app.ContextImpl.sendBroadcastMultiplePermissions:1272 android.content.Context.sendBroadcastMultiplePermissions:2272 com.android.server.TelephonyRegistry.broadcastServiceStateChanged:3089 com.android.server.TelephonyRegistry.notifyServiceStateForPhoneId:1616 com.android.internal.telephony.ITelephonyRegistry$Stub.onTransact:492 
02-15 12:02:54.062  1685  1783 W BroadcastQueue: Permission Denial: receiving Intent { act=android.intent.action.SERVICE_STATE flg=0x1000010 (has extras) } to ProcessRecord{55b8f08 2127:com.android.systemui/u0a210} (pid=2127, uid=10210) requires android.permission.READ_PHONE_STATE due to sender android (uid 1001)
02-15 12:02:54.062  1685  1783 W BroadcastQueue: Permission Denial: receiving Intent { act=android.intent.action.SERVICE_STATE flg=0x1000010 (has extras) } to ProcessRecord{ed6a6f2 2431:com.shannon.imsservice/u0a191} (pid=2431, uid=10191) requires android.permission.READ_PHONE_STATE due to sender android (uid 1001)
02-15 12:02:54.063  1685  1783 W BroadcastQueue: Permission Denial: receiving Intent { act=android.intent.action.SERVICE_STATE flg=0x1000010 (has extras) } to com.google.android.cellbroadcastreceiver/com.android.cellbroadcastreceiver.CellBroadcastReceiver requires android.permission.READ_PHONE_STATE due to sender android (uid 1001)
02-15 12:02:54.063  1685  1783 W BroadcastQueue: Permission Denial: receiving Intent { act=android.intent.action.SERVICE_STATE flg=0x1000010 (has extras) } to ProcessRecord{55b8f08 2127:com.android.systemui/u0a210} (pid=2127, uid=10210) requires android.permission.ACCESS_FINE_LOCATION due to sender android (uid 1001)
02-15 12:02:54.063  1685  6943 W ContextImpl: Calling a method in the system process without a qualified user: android.app.ContextImpl.sendBroadcastMultiplePermissions:1272 android.content.Context.sendBroadcastMultiplePermissions:2272 com.android.server.TelephonyRegistry.broadcastServiceStateChanged:3096 com.android.server.TelephonyRegistry.notifyServiceStateForPhoneId:1616 com.android.internal.telephony.ITelephonyRegistry$Stub.onTransact:492 
02-15 12:02:54.063  1685  1783 W BroadcastQueue: Permission Denial: receiving Intent { act=android.intent.action.SERVICE_STATE flg=0x1000010 (has extras) } to com.google.android.cellbroadcastreceiver/com.android.cellbroadcastreceiver.CellBroadcastReceiver requires android.permission.ACCESS_FINE_LOCATION due to sender android (uid 1001)
02-15 12:02:54.064  1685  6943 W ContextImpl: Calling a method in the system process without a qualified user: android.app.ContextImpl.sendBroadcastMultiplePermissions:1272 android.content.Context.sendBroadcastMultiplePermissions:2272 com.android.server.TelephonyRegistry.broadcastServiceStateChanged:3100 com.android.server.TelephonyRegistry.notifyServiceStateForPhoneId:1616 com.android.internal.telephony.ITelephonyRegistry$Stub.onTransact:492 
02-15 12:02:54.064  1685  1783 W BroadcastQueue: Permission Denial: receiving Intent { act=android.intent.action.SERVICE_STATE flg=0x1000010 (has extras) } to ProcessRecord{55b8f08 2127:com.android.systemui/u0a210} (pid=2127, uid=10210) requires android.permission.READ_PHONE_STATE due to sender android (uid 1001)
02-15 12:02:54.064  1685  1783 W BroadcastQueue: Permission Denial: receiving Intent { act=android.intent.action.SERVICE_STATE flg=0x1000010 (has extras) } to ProcessRecord{ed6a6f2 2431:com.shannon.imsservice/u0a191} (pid=2431, uid=10191) requires android.permission.READ_PHONE_STATE due to sender android (uid 1001)
02-15 12:02:54.065  1685  1783 W BroadcastQueue: Appop Denial: receiving Intent { act=android.intent.action.SERVICE_STATE flg=0x1000010 (has extras) } to ProcessRecord{ed6a6f2 2431:com.shannon.imsservice/u0a191} (pid=2431, uid=10191) excludes appop android:fine_location due to sender android (uid 1001)
02-15 12:02:54.065  1685  1783 W BroadcastQueue: Permission Denial: receiving Intent { act=android.intent.action.SERVICE_STATE flg=0x1000010 (has extras) } to com.google.android.cellbroadcastreceiver/com.android.cellbroadcastreceiver.CellBroadcastReceiver requires android.permission.READ_PHONE_STATE due to sender android (uid 1001)
02-15 12:02:54.088  1685  1805 I DisplayPowerController[0]: Unblocked screen on after 187 ms
02-15 12:02:54.090  1685  1805 I DisplayPowerController[0]: BrightnessEvent: disp=0, physDisp=local:4619827677550801152, brt=0.12896983, initBrt=0.12896983, rcmdBrt=NaN, preBrt=NaN, lux=NaN, fastAmbientLux=196.25253, slowAmbientLux=200.30121, preLux=NaN, hbmMax=0.62, hbmMode=off, rbcStrength=50, powerFactor=1.0, thrmMax=1.0, flags=invalid_lux , reason=manual, autoBrightness=true
02-15 12:02:54.090  1685  1805 I DisplayPowerController[0]: BrightnessEvent: disp=0, physDisp=local:4619827677550801152, brt=0.12896983, initBrt=0.12896983, rcmdBrt=NaN, preBrt=NaN, lux=NaN, fastAmbientLux=196.25253, slowAmbientLux=200.30121, preLux=NaN, hbmMax=0.62, hbmMode=off, rbcStrength=50, powerFactor=1.0, thrmMax=1.0, flags=invalid_lux , reason=manual, autoBrightness=true
02-15 12:02:54.091  1685  1805 W PowerManagerService: Screen on took 290 ms
02-15 12:02:54.098  1685  1744 D CompatibilityChangeReporter: Compat change id reported: 171306433; UID 1010146; state: ENABLED
02-15 12:02:54.107  1685  6943 V ALSProbe: Enable ALS: 26928323
02-15 12:02:54.233  1685  1805 V DisplayPowerController[0]: Brightness [0.006549621] reason changing to: 'automatic', previous reason: 'manual'.
02-15 12:02:54.233  1685  1805 I DisplayPowerController[0]: BrightnessEvent: disp=0, physDisp=local:4619827677550801152, brt=0.006549621, initBrt=0.12896983, rcmdBrt=0.006549621, preBrt=NaN, lux=0.0, fastAmbientLux=0.0, slowAmbientLux=0.0, preLux=NaN, hbmMax=0.62, hbmMode=off, rbcStrength=50, powerFactor=1.0, thrmMax=1.0, flags=, reason=automatic, autoBrightness=true
02-15 12:02:54.234  1685  1805 I DisplayPowerController[0]: BrightnessEvent: disp=0, physDisp=local:4619827677550801152, brt=0.006549621, initBrt=0.006549621, rcmdBrt=0.006549621, preBrt=NaN, lux=0.0, fastAmbientLux=0.0, slowAmbientLux=0.0, preLux=NaN, hbmMax=0.62, hbmMode=off, rbcStrength=50, powerFactor=1.0, thrmMax=1.0, flags=, reason=automatic, autoBrightness=true
02-15 12:02:54.235  1685  1685 I BrightnessSynchronizer: [432] New Update 0.006549621(f) set brightness values:  3(i)
02-15 12:02:54.235  1685  1685 I BrightnessSynchronizer: New PendingUpdate: {[433] 0.006549621(f), mUpdatedTypes=0, mConfirmedTypes=0, mTimeUpdated=0}, prev=null
02-15 12:02:54.236  1685  1685 I BrightnessSynchronizer: Swallowing update of 3(i) by update: {[432] 0.006549621(f), mUpdatedTypes=1, mConfirmedTypes=1, mTimeUpdated=22036542}
02-15 12:02:54.236  1685  1685 I BrightnessSynchronizer: Completed Update: {[432] 0.006549621(f), mUpdatedTypes=1, mConfirmedTypes=1, mTimeUpdated=22036542}
02-15 12:02:54.374  1685  2729 W ContextImpl: Calling a method in the system process without a qualified user: android.app.ContextImpl.sendBroadcastMultiplePermissions:1222 com.android.server.TelephonyRegistry.broadcastServiceStateChanged:3085 com.android.server.TelephonyRegistry.notifyServiceStateForPhoneId:1616 com.android.internal.telephony.ITelephonyRegistry$Stub.onTransact:492 android.os.Binder.execTransactInternal:1280 
02-15 12:02:54.375  1685  2729 W ContextImpl: Calling a method in the system process without a qualified user: android.app.ContextImpl.sendBroadcastMultiplePermissions:1272 android.content.Context.sendBroadcastMultiplePermissions:2272 com.android.server.TelephonyRegistry.broadcastServiceStateChanged:3089 com.android.server.TelephonyRegistry.notifyServiceStateForPhoneId:1616 com.android.internal.telephony.ITelephonyRegistry$Stub.onTransact:492 
02-15 12:02:54.375  1685  1783 W BroadcastQueue: Permission Denial: receiving Intent { act=android.intent.action.SERVICE_STATE flg=0x1000010 (has extras) } to ProcessRecord{55b8f08 2127:com.android.systemui/u0a210} (pid=2127, uid=10210) requires android.permission.READ_PHONE_STATE due to sender android (uid 1001)
02-15 12:02:54.375  1685  1783 W BroadcastQueue: Permission Denial: receiving Intent { act=android.intent.action.SERVICE_STATE flg=0x1000010 (has extras) } to ProcessRecord{ed6a6f2 2431:com.shannon.imsservice/u0a191} (pid=2431, uid=10191) requires android.permission.READ_PHONE_STATE due to sender android (uid 1001)
02-15 12:02:54.375  1685  1783 W BroadcastQueue: Permission Denial: receiving Intent { act=android.intent.action.SERVICE_STATE flg=0x1000010 (has extras) } to com.google.android.cellbroadcastreceiver/com.android.cellbroadcastreceiver.CellBroadcastReceiver requires android.permission.READ_PHONE_STATE due to sender android (uid 1001)
02-15 12:02:54.376  1685  1783 W BroadcastQueue: Permission Denial: receiving Intent { act=android.intent.action.SERVICE_STATE flg=0x1000010 (has extras) } to ProcessRecord{55b8f08 2127:com.android.systemui/u0a210} (pid=2127, uid=10210) requires android.permission.ACCESS_FINE_LOCATION due to sender android (uid 1001)
02-15 12:02:54.376  1685  2729 W ContextImpl: Calling a method in the system process without a qualified user: android.app.ContextImpl.sendBroadcastMultiplePermissions:1272 android.content.Context.sendBroadcastMultiplePermissions:2272 com.android.server.TelephonyRegistry.broadcastServiceStateChanged:3096 com.android.server.TelephonyRegistry.notifyServiceStateForPhoneId:1616 com.android.internal.telephony.ITelephonyRegistry$Stub.onTransact:492 
02-15 12:02:54.378  1685  1783 W BroadcastQueue: Permission Denial: receiving Intent { act=android.intent.action.SERVICE_STATE flg=0x1000010 (has extras) } to com.google.android.cellbroadcastreceiver/com.android.cellbroadcastreceiver.CellBroadcastReceiver requires android.permission.ACCESS_FINE_LOCATION due to sender android (uid 1001)
02-15 12:02:54.378  1685  2729 W ContextImpl: Calling a method in the system process without a qualified user: android.app.ContextImpl.sendBroadcastMultiplePermissions:1272 android.content.Context.sendBroadcastMultiplePermissions:2272 com.android.server.TelephonyRegistry.broadcastServiceStateChanged:3100 com.android.server.TelephonyRegistry.notifyServiceStateForPhoneId:1616 com.android.internal.telephony.ITelephonyRegistry$Stub.onTransact:492 
02-15 12:02:54.378  1685  1783 W BroadcastQueue: Permission Denial: receiving Intent { act=android.intent.action.SERVICE_STATE flg=0x1000010 (has extras) } to ProcessRecord{55b8f08 2127:com.android.systemui/u0a210} (pid=2127, uid=10210) requires android.permission.READ_PHONE_STATE due to sender android (uid 1001)
02-15 12:02:54.378  1685  1783 W BroadcastQueue: Permission Denial: receiving Intent { act=android.intent.action.SERVICE_STATE flg=0x1000010 (has extras) } to ProcessRecord{ed6a6f2 2431:com.shannon.imsservice/u0a191} (pid=2431, uid=10191) requires android.permission.READ_PHONE_STATE due to sender android (uid 1001)
02-15 12:02:54.378  1685  1783 W BroadcastQueue: Permission Denial: receiving Intent { act=android.intent.action.SERVICE_STATE flg=0x1000010 (has extras) } to com.google.android.cellbroadcastreceiver/com.android.cellbroadcastreceiver.CellBroadcastReceiver requires android.permission.READ_PHONE_STATE due to sender android (uid 1001)
02-15 12:02:54.380  1685  1783 W BroadcastQueue: Appop Denial: receiving Intent { act=android.intent.action.SERVICE_STATE flg=0x1000010 (has extras) } to ProcessRecord{ed6a6f2 2431:com.shannon.imsservice/u0a191} (pid=2431, uid=10191) excludes appop android:fine_location due to sender android (uid 1001)
02-15 12:02:54.390  1685  6943 W ContextImpl: Calling a method in the system process without a qualified user: android.app.ContextImpl.sendBroadcastMultiplePermissions:1222 com.android.server.TelephonyRegistry.broadcastServiceStateChanged:3085 com.android.server.TelephonyRegistry.notifyServiceStateForPhoneId:1616 com.android.internal.telephony.ITelephonyRegistry$Stub.onTransact:492 android.os.Binder.execTransactInternal:1280 
02-15 12:02:54.390  1685  1783 W BroadcastQueue: Permission Denial: receiving Intent { act=android.intent.action.SERVICE_STATE flg=0x1000010 (has extras) } to ProcessRecord{55b8f08 2127:com.android.systemui/u0a210} (pid=2127, uid=10210) requires android.permission.READ_PHONE_STATE due to sender android (uid 1001)
02-15 12:02:54.390  1685  6943 W ContextImpl: Calling a method in the system process without a qualified user: android.app.ContextImpl.sendBroadcastMultiplePermissions:1272 android.content.Context.sendBroadcastMultiplePermissions:2272 com.android.server.TelephonyRegistry.broadcastServiceStateChanged:3089 com.android.server.TelephonyRegistry.notifyServiceStateForPhoneId:1616 com.android.internal.telephony.ITelephonyRegistry$Stub.onTransact:492 
02-15 12:02:54.390  1685  1783 W BroadcastQueue: Permission Denial: receiving Intent { act=android.intent.action.SERVICE_STATE flg=0x1000010 (has extras) } to ProcessRecord{ed6a6f2 2431:com.shannon.imsservice/u0a191} (pid=2431, uid=10191) requires android.permission.READ_PHONE_STATE due to sender android (uid 1001)
02-15 12:02:54.390  1685  1783 W BroadcastQueue: Permission Denial: receiving Intent { act=android.intent.action.SERVICE_STATE flg=0x1000010 (has extras) } to com.google.android.cellbroadcastreceiver/com.android.cellbroadcastreceiver.CellBroadcastReceiver requires android.permission.READ_PHONE_STATE due to sender android (uid 1001)
02-15 12:02:54.390  1685  1783 W BroadcastQueue: Permission Denial: receiving Intent { act=android.intent.action.SERVICE_STATE flg=0x1000010 (has extras) } to ProcessRecord{55b8f08 2127:com.android.systemui/u0a210} (pid=2127, uid=10210) requires android.permission.ACCESS_FINE_LOCATION due to sender android (uid 1001)
02-15 12:02:54.390  1685  6943 W ContextImpl: Calling a method in the system process without a qualified user: android.app.ContextImpl.sendBroadcastMultiplePermissions:1272 android.content.Context.sendBroadcastMultiplePermissions:2272 com.android.server.TelephonyRegistry.broadcastServiceStateChanged:3096 com.android.server.TelephonyRegistry.notifyServiceStateForPhoneId:1616 com.android.internal.telephony.ITelephonyRegistry$Stub.onTransact:492 
02-15 12:02:54.391  1685  1783 W BroadcastQueue: Permission Denial: receiving Intent { act=android.intent.action.SERVICE_STATE flg=0x1000010 (has extras) } to com.google.android.cellbroadcastreceiver/com.android.cellbroadcastreceiver.CellBroadcastReceiver requires android.permission.ACCESS_FINE_LOCATION due to sender android (uid 1001)
02-15 12:02:54.392  1685  6943 W ContextImpl: Calling a method in the system process without a qualified user: android.app.ContextImpl.sendBroadcastMultiplePermissions:1272 android.content.Context.sendBroadcastMultiplePermissions:2272 com.android.server.TelephonyRegistry.broadcastServiceStateChanged:3100 com.android.server.TelephonyRegistry.notifyServiceStateForPhoneId:1616 com.android.internal.telephony.ITelephonyRegistry$Stub.onTransact:492 
02-15 12:02:54.392  1685  1783 W BroadcastQueue: Permission Denial: receiving Intent { act=android.intent.action.SERVICE_STATE flg=0x1000010 (has extras) } to ProcessRecord{55b8f08 2127:com.android.systemui/u0a210} (pid=2127, uid=10210) requires android.permission.READ_PHONE_STATE due to sender android (uid 1001)
02-15 12:02:54.392  1685  1783 W BroadcastQueue: Permission Denial: receiving Intent { act=android.intent.action.SERVICE_STATE flg=0x1000010 (has extras) } to ProcessRecord{ed6a6f2 2431:com.shannon.imsservice/u0a191} (pid=2431, uid=10191) requires android.permission.READ_PHONE_STATE due to sender android (uid 1001)
02-15 12:02:54.392  1685  1783 W BroadcastQueue: Permission Denial: receiving Intent { act=android.intent.action.SERVICE_STATE flg=0x1000010 (has extras) } to com.google.android.cellbroadcastreceiver/com.android.cellbroadcastreceiver.CellBroadcastReceiver requires android.permission.READ_PHONE_STATE due to sender android (uid 1001)
02-15 12:02:54.393  1685  1783 W BroadcastQueue: Appop Denial: receiving Intent { act=android.intent.action.SERVICE_STATE flg=0x1000010 (has extras) } to ProcessRecord{ed6a6f2 2431:com.shannon.imsservice/u0a191} (pid=2431, uid=10191) excludes appop android:fine_location due to sender android (uid 1001)
02-15 12:02:54.888  1685  1805 I DisplayPowerController[0]: BrightnessEvent: disp=0, physDisp=local:4619827677550801152, brt=0.006549621, initBrt=0.006549621, rcmdBrt=0.006549621, preBrt=NaN, lux=0.0, fastAmbientLux=0.0, slowAmbientLux=0.0, preLux=NaN, hbmMax=0.62, hbmMode=off, rbcStrength=50, powerFactor=1.0, thrmMax=1.0, flags=, reason=automatic, autoBrightness=true
02-15 12:02:55.075  1685  6943 W ContextImpl: Calling a method in the system process without a qualified user: android.app.ContextImpl.sendBroadcastMultiplePermissions:1222 com.android.server.TelephonyRegistry.broadcastServiceStateChanged:3085 com.android.server.TelephonyRegistry.notifyServiceStateForPhoneId:1616 com.android.internal.telephony.ITelephonyRegistry$Stub.onTransact:492 android.os.Binder.execTransactInternal:1280 
02-15 12:02:55.076  1685  6943 W ContextImpl: Calling a method in the system process without a qualified user: android.app.ContextImpl.sendBroadcastMultiplePermissions:1272 android.content.Context.sendBroadcastMultiplePermissions:2272 com.android.server.TelephonyRegistry.broadcastServiceStateChanged:3089 com.android.server.TelephonyRegistry.notifyServiceStateForPhoneId:1616 com.android.internal.telephony.ITelephonyRegistry$Stub.onTransact:492 
02-15 12:02:55.077  1685  1783 W BroadcastQueue: Permission Denial: receiving Intent { act=android.intent.action.SERVICE_STATE flg=0x1000010 (has extras) } to ProcessRecord{55b8f08 2127:com.android.systemui/u0a210} (pid=2127, uid=10210) requires android.permission.READ_PHONE_STATE due to sender android (uid 1001)
02-15 12:02:55.077  1685  6943 W ContextImpl: Calling a method in the system process without a qualified user: android.app.ContextImpl.sendBroadcastMultiplePermissions:1272 android.content.Context.sendBroadcastMultiplePermissions:2272 com.android.server.TelephonyRegistry.broadcastServiceStateChanged:3096 com.android.server.TelephonyRegistry.notifyServiceStateForPhoneId:1616 com.android.internal.telephony.ITelephonyRegistry$Stub.onTransact:492 
02-15 12:02:55.077  1685  1783 W BroadcastQueue: Permission Denial: receiving Intent { act=android.intent.action.SERVICE_STATE flg=0x1000010 (has extras) } to ProcessRecord{ed6a6f2 2431:com.shannon.imsservice/u0a191} (pid=2431, uid=10191) requires android.permission.READ_PHONE_STATE due to sender android (uid 1001)
02-15 12:02:55.077  1685  1783 W BroadcastQueue: Permission Denial: receiving Intent { act=android.intent.action.SERVICE_STATE flg=0x1000010 (has extras) } to ProcessRecord{55b8f08 2127:com.android.systemui/u0a210} (pid=2127, uid=10210) requires android.permission.ACCESS_FINE_LOCATION due to sender android (uid 1001)
02-15 12:02:55.078  1685  1783 W BroadcastQueue: Permission Denial: receiving Intent { act=android.intent.action.SERVICE_STATE flg=0x1000010 (has extras) } to com.google.android.cellbroadcastreceiver/com.android.cellbroadcastreceiver.CellBroadcastReceiver requires android.permission.READ_PHONE_STATE due to sender android (uid 1001)
02-15 12:02:55.078  1685  1783 W BroadcastQueue: Permission Denial: receiving Intent { act=android.intent.action.SERVICE_STATE flg=0x1000010 (has extras) } to com.google.android.cellbroadcastreceiver/com.android.cellbroadcastreceiver.CellBroadcastReceiver requires android.permission.ACCESS_FINE_LOCATION due to sender android (uid 1001)
02-15 12:02:55.085  1685  6943 W ContextImpl: Calling a method in the system process without a qualified user: android.app.ContextImpl.sendBroadcastMultiplePermissions:1272 android.content.Context.sendBroadcastMultiplePermissions:2272 com.android.server.TelephonyRegistry.broadcastServiceStateChanged:3100 com.android.server.TelephonyRegistry.notifyServiceStateForPhoneId:1616 com.android.internal.telephony.ITelephonyRegistry$Stub.onTransact:492 
02-15 12:02:55.085  1685  1783 W BroadcastQueue: Permission Denial: receiving Intent { act=android.intent.action.SERVICE_STATE flg=0x1000010 (has extras) } to ProcessRecord{55b8f08 2127:com.android.systemui/u0a210} (pid=2127, uid=10210) requires android.permission.READ_PHONE_STATE due to sender android (uid 1001)
02-15 12:02:55.086  1685  1783 W BroadcastQueue: Permission Denial: receiving Intent { act=android.intent.action.SERVICE_STATE flg=0x1000010 (has extras) } to ProcessRecord{ed6a6f2 2431:com.shannon.imsservice/u0a191} (pid=2431, uid=10191) requires android.permission.READ_PHONE_STATE due to sender android (uid 1001)
02-15 12:02:55.086  1685  1783 W BroadcastQueue: Permission Denial: receiving Intent { act=android.intent.action.SERVICE_STATE flg=0x1000010 (has extras) } to com.google.android.cellbroadcastreceiver/com.android.cellbroadcastreceiver.CellBroadcastReceiver requires android.permission.READ_PHONE_STATE due to sender android (uid 1001)
02-15 12:02:55.087  1685  1783 W BroadcastQueue: Appop Denial: receiving Intent { act=android.intent.action.SERVICE_STATE flg=0x1000010 (has extras) } to ProcessRecord{ed6a6f2 2431:com.shannon.imsservice/u0a191} (pid=2431, uid=10191) excludes appop android:fine_location due to sender android (uid 1001)
02-15 12:02:55.135  1685  6943 W ContextImpl: Calling a method in the system process without a qualified user: android.app.ContextImpl.sendBroadcastMultiplePermissions:1222 com.android.server.TelephonyRegistry.broadcastServiceStateChanged:3085 com.android.server.TelephonyRegistry.notifyServiceStateForPhoneId:1616 com.android.internal.telephony.ITelephonyRegistry$Stub.onTransact:492 android.os.Binder.execTransactInternal:1280 
02-15 12:02:55.152  1685  1783 W BroadcastQueue: Permission Denial: receiving Intent { act=android.intent.action.SERVICE_STATE flg=0x1000010 (has extras) } to ProcessRecord{55b8f08 2127:com.android.systemui/u0a210} (pid=2127, uid=10210) requires android.permission.READ_PHONE_STATE due to sender android (uid 1001)
02-15 12:02:55.152  1685  1783 W BroadcastQueue: Permission Denial: receiving Intent { act=android.intent.action.SERVICE_STATE flg=0x1000010 (has extras) } to ProcessRecord{ed6a6f2 2431:com.shannon.imsservice/u0a191} (pid=2431, uid=10191) requires android.permission.READ_PHONE_STATE due to sender android (uid 1001)
