02-15 12:09:48.910  1685  1783 W BroadcastQueue: Target SDK mismatch: receiver ActivityInfo{7b99e99 com.google.android.gms.gcm.ServiceAutoStarter} targets 33 but delivery restricted to [0, 23] broadcasting Intent { act=android.net.conn.CONNECTIVITY_CHANGE flg=0x4200010 (has extras) } from android (pid=1685, uid=1000) to com.google.android.gms/.gcm.ServiceAutoStarter
02-15 12:09:48.910  1685  1783 W BroadcastQueue: Target SDK mismatch: receiver ActivityInfo{bb1555e com.google.android.apps.photos.actionqueue.impl.SystemReceiver} targets 33 but delivery restricted to [0, 23] broadcasting Intent { act=android.net.conn.CONNECTIVITY_CHANGE flg=0x4200010 (has extras) } from android (pid=1685, uid=1000) to com.google.android.apps.photos/.actionqueue.impl.SystemReceiver
02-15 12:09:48.910  1685  1783 W BroadcastQueue: Target SDK mismatch: receiver ActivityInfo{7382d3f com.google.android.apps.photos.jobqueue.JobServiceBroadcastReceiver} targets 33 but delivery restricted to [0, 23] broadcasting Intent { act=android.net.conn.CONNECTIVITY_CHANGE flg=0x4200010 (has extras) } from android (pid=1685, uid=1000) to com.google.android.apps.photos/.jobqueue.JobServiceBroadcastReceiver
02-15 12:09:48.910  1685  1783 W BroadcastQueue: Target SDK mismatch: receiver ActivityInfo{e6ea60c com.google.android.gms.gcm.ServiceAutoStarter} targets 33 but delivery restricted to [0, 23] broadcasting Intent { act=android.net.conn.CONNECTIVITY_CHANGE flg=0x4200010 (has extras) } from android (pid=1685, uid=1000) to com.google.android.gms/.gcm.ServiceAutoStarter
02-15 12:09:48.936  1134  1134 I vendor.google.wifi_ext@1.0-service-vendor: Wifi: Setting SAR Scenario to 3
02-15 12:09:48.978  1685  2637 W ContextImpl: Calling a method in the system process without a qualified user: android.app.ContextImpl.sendBroadcastMultiplePermissions:1222 com.android.server.TelephonyRegistry.broadcastServiceStateChanged:3085 com.android.server.TelephonyRegistry.notifyServiceStateForPhoneId:1616 com.android.internal.telephony.ITelephonyRegistry$Stub.onTransact:492 android.os.Binder.execTransactInternal:1280 
02-15 12:09:48.978  1685  1783 W BroadcastQueue: Permission Denial: receiving Intent { act=android.intent.action.SERVICE_STATE flg=0x1000010 (has extras) } to ProcessRecord{55b8f08 2127:com.android.systemui/u0a210} (pid=2127, uid=10210) requires android.permission.READ_PHONE_STATE due to sender android (uid 1001)
02-15 12:09:48.978  1685  1783 W BroadcastQueue: Permission Denial: receiving Intent { act=android.intent.action.SERVICE_STATE flg=0x1000010 (has extras) } to ProcessRecord{ed6a6f2 2431:com.shannon.imsservice/u0a191} (pid=2431, uid=10191) requires android.permission.READ_PHONE_STATE due to sender android (uid 1001)
02-15 12:09:48.978  1685  1783 W BroadcastQueue: Permission Denial: receiving Intent { act=android.intent.action.SERVICE_STATE flg=0x1000010 (has extras) } to com.google.android.cellbroadcastreceiver/com.android.cellbroadcastreceiver.CellBroadcastReceiver requires android.permission.READ_PHONE_STATE due to sender android (uid 1001)
02-15 12:09:48.979  1685  2637 W ContextImpl: Calling a method in the system process without a qualified user: android.app.ContextImpl.sendBroadcastMultiplePermissions:1272 android.content.Context.sendBroadcastMultiplePermissions:2272 com.android.server.TelephonyRegistry.broadcastServiceStateChanged:3089 com.android.server.TelephonyRegistry.notifyServiceStateForPhoneId:1616 com.android.internal.telephony.ITelephonyRegistry$Stub.onTransact:492 
02-15 12:09:48.979  1685  1783 W BroadcastQueue: Permission Denial: receiving Intent { act=android.intent.action.SERVICE_STATE flg=0x1000010 (has extras) } to ProcessRecord{55b8f08 2127:com.android.systemui/u0a210} (pid=2127, uid=10210) requires android.permission.ACCESS_FINE_LOCATION due to sender android (uid 1001)
02-15 12:09:48.979  1685  1783 W BroadcastQueue: Permission Denial: receiving Intent { act=android.intent.action.SERVICE_STATE flg=0x1000010 (has extras) } to com.google.android.cellbroadcastreceiver/com.android.cellbroadcastreceiver.CellBroadcastReceiver requires android.permission.ACCESS_FINE_LOCATION due to sender android (uid 1001)
02-15 12:09:48.980  1685  2637 W ContextImpl: Calling a method in the system process without a qualified user: android.app.ContextImpl.sendBroadcastMultiplePermissions:1272 android.content.Context.sendBroadcastMultiplePermissions:2272 com.android.server.TelephonyRegistry.broadcastServiceStateChanged:3096 com.android.server.TelephonyRegistry.notifyServiceStateForPhoneId:1616 com.android.internal.telephony.ITelephonyRegistry$Stub.onTransact:492 
02-15 12:09:48.980  1685  1783 W BroadcastQueue: Permission Denial: receiving Intent { act=android.intent.action.SERVICE_STATE flg=0x1000010 (has extras) } to ProcessRecord{55b8f08 2127:com.android.systemui/u0a210} (pid=2127, uid=10210) requires android.permission.READ_PHONE_STATE due to sender android (uid 1001)
02-15 12:09:48.980  1685  1783 W BroadcastQueue: Permission Denial: receiving Intent { act=android.intent.action.SERVICE_STATE flg=0x1000010 (has extras) } to ProcessRecord{ed6a6f2 2431:com.shannon.imsservice/u0a191} (pid=2431, uid=10191) requires android.permission.READ_PHONE_STATE due to sender android (uid 1001)
02-15 12:09:48.980  1685  1783 W BroadcastQueue: Permission Denial: receiving Intent { act=android.intent.action.SERVICE_STATE flg=0x1000010 (has extras) } to com.google.android.cellbroadcastreceiver/com.android.cellbroadcastreceiver.CellBroadcastReceiver requires android.permission.READ_PHONE_STATE due to sender android (uid 1001)
02-15 12:09:48.981  1685  2637 W ContextImpl: Calling a method in the system process without a qualified user: android.app.ContextImpl.sendBroadcastMultiplePermissions:1272 android.content.Context.sendBroadcastMultiplePermissions:2272 com.android.server.TelephonyRegistry.broadcastServiceStateChanged:3100 com.android.server.TelephonyRegistry.notifyServiceStateForPhoneId:1616 com.android.internal.telephony.ITelephonyRegistry$Stub.onTransact:492 
02-15 12:09:48.981  1685  1783 W BroadcastQueue: Appop Denial: receiving Intent { act=android.intent.action.SERVICE_STATE flg=0x1000010 (has extras) } to ProcessRecord{ed6a6f2 2431:com.shannon.imsservice/u0a191} (pid=2431, uid=10191) excludes appop android:fine_location due to sender android (uid 1001)
02-15 12:09:49.137   511 32104 I keystore2: keystore2::watchdog: Watchdog thread idle -> terminating. Have a great day.
02-15 12:09:49.884  1685  1879 D ActivityManager: freezing 29092 com.google.android.apps.fitness
02-15 12:09:53.903  1685  5023 W ProcessStats: Tracking association SourceState{f3d0540 com.google.android.gm/10186 Top #189592} whose proc state 1 is better than process ProcessState{414ec79 com.google.android.gms.persistent/10146 pkg=com.google.android.gms} proc state 2 (20 skipped)
02-15 12:09:57.849  1685  1783 I DropBoxManagerService: add tag=system_server_wtf isTagEnabled=true flags=0x6
02-15 12:09:59.861  1685  1783 W BroadcastQueue: Background execution not allowed: receiving Intent { act=android.intent.action.DROPBOX_ENTRY_ADDED flg=0x10 (has extras) } to com.google.android.gms/.stats.service.DropBoxEntryAddedReceiver
02-15 12:09:59.861  1685  1783 W BroadcastQueue: Background execution not allowed: receiving Intent { act=android.intent.action.DROPBOX_ENTRY_ADDED flg=0x10 (has extras) } to com.google.android.gms/.chimera.GmsIntentOperationService$PersistentTrustedReceiver
02-15 12:09:59.861  1685  1783 W BroadcastQueue: Background execution not allowed: receiving Intent { act=android.intent.action.DROPBOX_ENTRY_ADDED flg=0x10 (has extras) } to com.google.android.gms/.stats.service.DropBoxEntryAddedReceiver
02-15 12:09:59.861  1685  1783 W BroadcastQueue: Background execution not allowed: receiving Intent { act=android.intent.action.DROPBOX_ENTRY_ADDED flg=0x10 (has extras) } to com.google.android.gms/.chimera.GmsIntentOperationService$PersistentTrustedReceiver
02-15 12:09:59.961  1685  6005 I DropBoxManagerService: add tag=platform_stats_bookmark isTagEnabled=true flags=0x2
02-15 12:09:59.963  1685  1783 W BroadcastQueue: Background execution not allowed: receiving Intent { act=android.intent.action.DROPBOX_ENTRY_ADDED flg=0x10 (has extras) } to com.google.android.gms/.stats.service.DropBoxEntryAddedReceiver
02-15 12:09:59.964  1685  1783 W BroadcastQueue: Background execution not allowed: receiving Intent { act=android.intent.action.DROPBOX_ENTRY_ADDED flg=0x10 (has extras) } to com.google.android.gms/.chimera.GmsIntentOperationService$PersistentTrustedReceiver
02-15 12:09:59.964  1685  1783 W BroadcastQueue: Background execution not allowed: receiving Intent { act=android.intent.action.DROPBOX_ENTRY_ADDED flg=0x10 (has extras) } to com.google.android.gms/.stats.service.DropBoxEntryAddedReceiver
02-15 12:09:59.964  1685  1783 W BroadcastQueue: Background execution not allowed: receiving Intent { act=android.intent.action.DROPBOX_ENTRY_ADDED flg=0x10 (has extras) } to com.google.android.gms/.chimera.GmsIntentOperationService$PersistentTrustedReceiver
02-15 12:10:04.148  1685  6005 W ProcessStats: Tracking association SourceState{f3d0540 com.google.android.gm/10186 Top #189654} whose proc state 1 is better than process ProcessState{414ec79 com.google.android.gms.persistent/10146 pkg=com.google.android.gms} proc state 2 (43 skipped)
02-15 12:10:04.956  1685  1879 D ActivityManager: freezing 29454 com.google.android.apps.healthdata
02-15 12:10:14.975  1685  5243 W ProcessStats: Tracking association SourceState{f3d0540 com.google.android.gm/10186 Top #189670} whose proc state 1 is better than process ProcessState{414ec79 com.google.android.gms.persistent/10146 pkg=com.google.android.gms} proc state 2 (11 skipped)
02-15 12:10:19.238  1685  1879 D ActivityManager: freezing 22551 com.google.android.calendar
02-15 12:10:19.261  1685  1879 D ActivityManager: freezing 22580 com.android.providers.calendar
02-15 12:10:28.726  1685  6947 W ProcessStats: Tracking association SourceState{f3d0540 com.google.android.gm/10186 Top #189685} whose proc state 1 is better than process ProcessState{414ec79 com.google.android.gms.persistent/10146 pkg=com.google.android.gms} proc state 2 (13 skipped)
02-15 12:10:38.841  1685  5243 W ProcessStats: Tracking association SourceState{f3d0540 com.google.android.gm/10186 Top #189699} whose proc state 1 is better than process ProcessState{414ec79 com.google.android.gms.persistent/10146 pkg=com.google.android.gms} proc state 2 (10 skipped)
02-15 12:10:43.063  1685  1783 W ActivityManager: Stopping service due to app idle: u0a60 -2h16m53s72ms org.telegram.messenger/.NotificationsService
02-15 12:10:43.074  1685  1783 W BroadcastQueue: Background execution not allowed: receiving Intent { act=org.telegram.start flg=0x10 } to org.telegram.messenger/.AppStartReceiver
02-15 12:10:48.909  1685  5243 W ProcessStats: Tracking association SourceState{f3d0540 com.google.android.gm/10186 Top #189713} whose proc state 1 is better than process ProcessState{414ec79 com.google.android.gms.persistent/10146 pkg=com.google.android.gms} proc state 2 (12 skipped)
02-15 12:10:49.546  1685  1866 W AppOps  : Noting op not finished: uid 10146 pkg com.google.android.gms code 79 startTime of in progress event=1676394842951
02-15 12:10:49.548  1685  1866 W AppOps  : Noting op not finished: uid 10146 pkg com.google.android.gms code 79 startTime of in progress event=1676394842951
02-15 12:10:49.548  1685  1866 W AppOps  : Noting op not finished: uid 10146 pkg com.google.android.gms code 79 startTime of in progress event=1676394842951
02-15 12:10:49.549  1685  1866 W AppOps  : Noting op not finished: uid 10146 pkg com.google.android.gms code 79 startTime of in progress event=1676394842951
02-15 12:10:49.549  1685  1866 W AppOps  : Noting op not finished: uid 10146 pkg com.google.android.gms code 79 startTime of in progress event=1676394842951
02-15 12:10:49.549  1685  1866 W AppOps  : Noting op not finished: uid 10146 pkg com.google.android.gms code 79 startTime of in progress event=1676394842951
02-15 12:10:49.549  1685  1866 W AppOps  : Noting op not finished: uid 10146 pkg com.google.android.gms code 79 startTime of in progress event=1676394842951
02-15 12:10:49.550  1685  1866 W AppOps  : Noting op not finished: uid 10146 pkg com.google.android.gms code 79 startTime of in progress event=1676394842951
02-15 12:10:49.550  1685  1866 W AppOps  : Noting op not finished: uid 10146 pkg com.google.android.gms code 79 startTime of in progress event=1676394842951
02-15 12:10:49.550  1685  1866 W AppOps  : Noting op not finished: uid 10146 pkg com.google.android.gms code 79 startTime of in progress event=1676394842951
02-15 12:10:49.551  1685  1866 W AppOps  : Noting op not finished: uid 10146 pkg com.google.android.gms code 79 startTime of in progress event=1676394842951
02-15 12:10:49.551  1685  1866 W AppOps  : Noting op not finished: uid 10146 pkg com.google.android.gms code 79 startTime of in progress event=1676394842951
02-15 12:10:49.552  1685  1866 W AppOps  : Noting op not finished: uid 10146 pkg com.google.android.gms code 79 startTime of in progress event=1676394842951
02-15 12:10:49.552  1685  1866 W AppOps  : Noting op not finished: uid 10146 pkg com.google.android.gms code 79 startTime of in progress event=1676394842951
02-15 12:10:49.552  1685  1866 W AppOps  : Noting op not finished: uid 10146 pkg com.google.android.gms code 79 startTime of in progress event=1676394842951
02-15 12:10:49.553  1685  1866 W AppOps  : Noting op not finished: uid 10146 pkg com.google.android.gms code 79 startTime of in progress event=1676394842951
02-15 12:10:49.553  1685  1866 W AppOps  : Noting op not finished: uid 10146 pkg com.google.android.gms code 79 startTime of in progress event=1676394842951
02-15 12:10:49.553  1685  1866 W AppOps  : Noting op not finished: uid 10146 pkg com.google.android.gms code 79 startTime of in progress event=1676394842951
02-15 12:10:49.553  1685  1866 W AppOps  : Noting op not finished: uid 10146 pkg com.google.android.gms code 79 startTime of in progress event=1676394842951
02-15 12:10:49.554  1685  1866 W AppOps  : Noting op not finished: uid 10146 pkg com.google.android.gms code 79 startTime of in progress event=1676394842951
02-15 12:10:49.554  1685  1866 W AppOps  : Noting op not finished: uid 10146 pkg com.google.android.gms code 79 startTime of in progress event=1676394842951
02-15 12:10:49.554  1685  1866 W AppOps  : Noting op not finished: uid 10146 pkg com.google.android.gms code 79 startTime of in progress event=1676394842951
02-15 12:10:49.554  1685  1866 W AppOps  : Noting op not finished: uid 10146 pkg com.google.android.gms code 79 startTime of in progress event=1676394842951
02-15 12:10:49.555  1685  1866 W AppOps  : Noting op not finished: uid 10146 pkg com.google.android.gms code 79 startTime of in progress event=1676394842951
02-15 12:10:49.555  1685  1866 W AppOps  : Noting op not finished: uid 10146 pkg com.google.android.gms code 79 startTime of in progress event=1676394842951
02-15 12:10:59.928  1685  6947 W ProcessStats: Tracking association SourceState{f3d0540 com.google.android.gm/10186 Top #189721} whose proc state 1 is better than process ProcessState{414ec79 com.google.android.gms.persistent/10146 pkg=com.google.android.gms} proc state 2 (7 skipped)
02-15 12:11:09.937  1685  6947 W ProcessStats: Tracking association SourceState{f3d0540 com.google.android.gm/10186 Top #189732} whose proc state 1 is better than process ProcessState{414ec79 com.google.android.gms.persistent/10146 pkg=com.google.android.gms} proc state 2 (9 skipped)
02-15 12:11:16.293  1685  1879 D ActivityManager: freezing 29373 com.google.android.apps.internal.betterbug
02-15 12:11:16.314  1685  1879 D ActivityManager: freezing 29318 com.google.android.apps.internal.betterbug
02-15 12:11:23.961  1685  5243 W ProcessStats: Tracking association SourceState{f3d0540 com.google.android.gm/10186 Top #189742} whose proc state 1 is better than process ProcessState{414ec79 com.google.android.gms.persistent/10146 pkg=com.google.android.gms} proc state 2 (8 skipped)
02-15 12:11:34.550  1685  6947 W ProcessStats: Tracking association SourceState{f3d0540 com.google.android.gm/10186 Top #189749} whose proc state 1 is better than process ProcessState{414ec79 com.google.android.gms.persistent/10146 pkg=com.google.android.gms} proc state 2 (6 skipped)
02-15 12:11:47.645  1685  6947 W ProcessStats: Tracking association SourceState{f3d0540 com.google.android.gm/10186 Top #189755} whose proc state 1 is better than process ProcessState{414ec79 com.google.android.gms.persistent/10146 pkg=com.google.android.gms} proc state 2 (4 skipped)
02-15 12:11:58.919  1685  6947 W ProcessStats: Tracking association SourceState{f3d0540 com.google.android.gm/10186 Top #189764} whose proc state 1 is better than process ProcessState{414ec79 com.google.android.gms.persistent/10146 pkg=com.google.android.gms} proc state 2 (7 skipped)
02-15 12:12:08.938  1685  6948 W ProcessStats: Tracking association SourceState{f3d0540 com.google.android.gm/10186 Top #189770} whose proc state 1 is better than process ProcessState{414ec79 com.google.android.gms.persistent/10146 pkg=com.google.android.gms} proc state 2 (5 skipped)
02-15 12:12:13.354  1685  1879 D ActivityManager: freezing 25434 com.google.android.flipendo
02-15 12:12:13.367  1685  1879 D ActivityManager: freezing 25482 com.google.android.flipendo
02-15 12:12:19.356  1685  6948 W ProcessStats: Tracking association SourceState{f3d0540 com.google.android.gm/10186 Top #189784} whose proc state 1 is better than process ProcessState{414ec79 com.google.android.gms.persistent/10146 pkg=com.google.android.gms} proc state 2 (11 skipped)
02-15 12:12:30.233  1685  6948 W ProcessStats: Tracking association SourceState{f3d0540 com.google.android.gm/10186 Top #189788} whose proc state 1 is better than process ProcessState{414ec79 com.google.android.gms.persistent/10146 pkg=com.google.android.gms} proc state 2 (3 skipped)
02-15 12:12:41.409  1685  1879 D ActivityManager: freezing 25427 com.google.android.turboadapter
02-15 12:12:41.432  1685  1879 D ActivityManager: freezing 30494 com.google.android.turboadapter
02-15 12:12:47.687  1685  5243 W ProcessStats: Tracking association SourceState{f3d0540 com.google.android.gm/10186 Top #189799} whose proc state 1 is better than process ProcessState{414ec79 com.google.android.gms.persistent/10146 pkg=com.google.android.gms} proc state 2 (9 skipped)
02-15 12:12:58.933  1685  6947 W ProcessStats: Tracking association SourceState{f3d0540 com.google.android.gm/10186 Top #189808} whose proc state 1 is better than process ProcessState{414ec79 com.google.android.gms.persistent/10146 pkg=com.google.android.gms} proc state 2 (7 skipped)
02-15 12:13:08.989  1685  6946 W ProcessStats: Tracking association SourceState{f3d0540 com.google.android.gm/10186 Top #189814} whose proc state 1 is better than process ProcessState{414ec79 com.google.android.gms.persistent/10146 pkg=com.google.android.gms} proc state 2 (5 skipped)
02-15 12:13:19.270  1685  6947 W ProcessStats: Tracking association SourceState{f3d0540 com.google.android.gm/10186 Top #189837} whose proc state 1 is better than process ProcessState{414ec79 com.google.android.gms.persistent/10146 pkg=com.google.android.gms} proc state 2 (15 skipped)
02-15 12:13:32.833  1685  6948 W ProcessStats: Tracking association SourceState{f3d0540 com.google.android.gm/10186 Top #189841} whose proc state 1 is better than process ProcessState{414ec79 com.google.android.gms.persistent/10146 pkg=com.google.android.gms} proc state 2 (3 skipped)
02-15 12:13:39.810  1685  1866 W AppOps  : Noting op not finished: uid 10146 pkg com.google.android.gms code 79 startTime of in progress event=1676394842951
02-15 12:13:39.812  1685  1866 W AppOps  : Noting op not finished: uid 10146 pkg com.google.android.gms code 79 startTime of in progress event=1676394842951
02-15 12:13:39.812  1685  1866 W AppOps  : Noting op not finished: uid 10146 pkg com.google.android.gms code 79 startTime of in progress event=1676394842951
02-15 12:13:39.813  1685  1866 W AppOps  : Noting op not finished: uid 10146 pkg com.google.android.gms code 79 startTime of in progress event=1676394842951
02-15 12:13:39.813  1685  1866 W AppOps  : Noting op not finished: uid 10146 pkg com.google.android.gms code 79 startTime of in progress event=1676394842951
02-15 12:13:39.813  1685  1866 W AppOps  : Noting op not finished: uid 10146 pkg com.google.android.gms code 79 startTime of in progress event=1676394842951
02-15 12:13:39.813  1685  1866 W AppOps  : Noting op not finished: uid 10146 pkg com.google.android.gms code 79 startTime of in progress event=1676394842951
02-15 12:13:47.750  1685  6948 W ProcessStats: Tracking association SourceState{f3d0540 com.google.android.gm/10186 Top #189853} whose proc state 1 is better than process ProcessState{414ec79 com.google.android.gms.persistent/10146 pkg=com.google.android.gms} proc state 2 (10 skipped)
02-15 12:13:58.940  1685  2637 W ProcessStats: Tracking association SourceState{f3d0540 com.google.android.gm/10186 Top #189862} whose proc state 1 is better than process ProcessState{414ec79 com.google.android.gms.persistent/10146 pkg=com.google.android.gms} proc state 2 (7 skipped)
02-15 12:14:03.685  1685  1879 D ActivityManager: freezing 26649 com.google.android.calendar
02-15 12:14:09.021  1685  6948 W ProcessStats: Tracking association SourceState{f3d0540 com.google.android.gm/10186 Top #189872} whose proc state 1 is better than process ProcessState{414ec79 com.google.android.gms.persistent/10146 pkg=com.google.android.gms} proc state 2 (7 skipped)
02-15 12:14:19.837  1685  2637 W ProcessStats: Tracking association SourceState{f3d0540 com.google.android.gm/10186 Top #189885} whose proc state 1 is better than process ProcessState{414ec79 com.google.android.gms.persistent/10146 pkg=com.google.android.gms} proc state 2 (10 skipped)
02-15 12:14:23.846  1685  1879 D ActivityManager: freezing 21508 android.process.acore
02-15 12:14:23.856  1685  1879 D ActivityManager: freezing 26182 com.google.process.gapps
02-15 12:14:31.022  1685  6948 W ProcessStats: Tracking association SourceState{f3d0540 com.google.android.gm/10186 Top #189889} whose proc state 1 is better than process ProcessState{414ec79 com.google.android.gms.persistent/10146 pkg=com.google.android.gms} proc state 2 (3 skipped)
02-15 12:14:45.493  1685  1883 W ProcessStats: Tracking association SourceState{f3d0540 com.google.android.gm/10186 Top #189917} whose proc state 1 is better than process ProcessState{414ec79 com.google.android.gms.persistent/10146 pkg=com.google.android.gms} proc state 2 (16 skipped)
02-15 12:14:45.530  1685  1783 I ActivityManager: Killing 22580:com.android.providers.calendar/u10a74 (adj 985): empty #33
02-15 12:14:45.532  1685  1783 I ActivityManager: Killing 29092:com.google.android.apps.fitness/u0a256 (adj 985): empty #34
02-15 12:14:45.586  1685  2637 D CompatibilityChangeReporter: Compat change id reported: 201794303; UID 10146; state: ENABLED
02-15 12:14:45.637  1685  1685 D CompatibilityChangeReporter: Compat change id reported: 135634846; UID 10138; state: DISABLED
02-15 12:14:45.637  1685  1685 D CompatibilityChangeReporter: Compat change id reported: 177438394; UID 10138; state: DISABLED
02-15 12:14:45.638  1685  1685 D CompatibilityChangeReporter: Compat change id reported: 135772972; UID 10138; state: DISABLED
02-15 12:14:45.638  1685  1685 D CompatibilityChangeReporter: Compat change id reported: 135754954; UID 10138; state: ENABLED
02-15 12:14:45.638  1685  1784 D CompatibilityChangeReporter: Compat change id reported: 143937733; UID 10138; state: ENABLED
02-15 12:14:45.640  1685  5239 W AppOps  : Noting op not finished: uid 10146 pkg com.google.android.gms code 113 startTime of in progress event=1676394844743
02-15 12:14:45.648  1685  5959 W AppOps  : Noting op not finished: uid 10168 pkg com.google.android.gms.location.history code 79 startTime of in progress event=1676394841327
02-15 12:14:45.654  1685  1784 I ActivityManager: Start proc 32413:com.google.android.apps.turbo:aab/u0a138 for service {com.google.android.apps.turbo/com.google.android.libraries.smartbattery.appusage.library.InferAppBucketsJob}
02-15 12:14:45.656  1685  5239 W AppOps  : Noting op not finished: uid 10146 pkg com.google.android.gms code 113 startTime of in progress event=1676394836675
02-15 12:14:45.684  1685  5243 W AppOps  : Noting op not finished: uid 10146 pkg com.google.android.gms code 113 startTime of in progress event=1676394836675
02-15 12:14:45.685  1685  3928 D CompatibilityChangeReporter: Compat change id reported: 161145287; UID 10138; state: DISABLED
02-15 12:14:45.691  1685  5959 W AppOps  : Noting op not finished: uid 10146 pkg com.google.android.gms code 79 startTime of in progress event=1676394842951
02-15 12:14:45.821  1685  5239 D CompatibilityChangeReporter: Compat change id reported: 161252188; UID 10189; state: ENABLED
02-15 12:14:45.823  1685  5239 D ActivityManager: sync unfroze 30494 com.google.android.turboadapter
02-15 12:14:45.825  1685  5239 D CompatibilityChangeReporter: Compat change id reported: 168419799; UID 10189; state: DISABLED
02-15 12:14:45.905  1685  5239 E JobScheduler.JobStatus: App com.google.android.inputmethod.latin became active but still in NEVER bucket
02-15 12:14:45.916  1685  6948 E JobScheduler.JobStatus: App com.google.android.inputmethod.latin became active but still in NEVER bucket
02-15 12:14:46.101  1685  5996 W JobScheduler: Job didn't exist in JobStore: f130d0e #u0a167/10 com.google.android.inputmethod.latin/com.google.android.apps.inputmethod.libs.dataservice.superpacks.SuperpacksBackgroundJobService
02-15 12:14:46.163  1685  1783 I DropBoxManagerService: add tag=system_server_wtf isTagEnabled=true flags=0x6
02-15 12:14:46.266  1685  1783 I DropBoxManagerService: add tag=system_server_wtf isTagEnabled=true flags=0x6
02-15 12:14:46.274  1685  1783 D CompatibilityChangeReporter: Compat change id reported: 135634846; UID 10269; state: DISABLED
02-15 12:14:46.274  1685  1783 D CompatibilityChangeReporter: Compat change id reported: 177438394; UID 10269; state: DISABLED
02-15 12:14:46.274  1685  1783 D CompatibilityChangeReporter: Compat change id reported: 135772972; UID 10269; state: DISABLED
02-15 12:14:46.275  1685  1784 D CompatibilityChangeReporter: Compat change id reported: 143937733; UID 10269; state: ENABLED
02-15 12:14:46.289  1685  1784 I ActivityManager: Start proc 32488:org.zwanoo.android.speedtest/u0a269 for broadcast {org.zwanoo.android.speedtest/com.google.firebase.iid.FirebaseInstanceIdReceiver}
02-15 12:14:46.312  1685  6005 D CompatibilityChangeReporter: Compat change id reported: 168419799; UID 10269; state: DISABLED
02-15 12:14:46.487  1685  5998 D CompatibilityChangeReporter: Compat change id reported: 161145287; UID 10269; state: DISABLED
02-15 12:14:46.700  1685  3928 I DropBoxManagerService: add tag=event_data isTagEnabled=true flags=0x2
02-15 12:14:46.732  1685  5959 D ActivityManager: sync unfroze 25434 com.google.android.flipendo
02-15 12:14:46.756  1685  5959 D ActivityManager: sync unfroze 25482 com.google.android.flipendo
02-15 12:14:46.828  1685  5242 I DropBoxManagerService: add tag=dumpsys:account isTagEnabled=true flags=0x2
02-15 12:14:46.864  1685  5959 D CompatibilityChangeReporter: Compat change id reported: 218533173; UID 10060; state: DISABLED
02-15 12:14:46.864  1685  5959 D CompatibilityChangeReporter: Compat change id reported: 218533173; UID 10110; state: ENABLED
02-15 12:14:46.966  1685  5242 D CompatibilityChangeReporter: Compat change id reported: 194532703; UID 10138; state: ENABLED
02-15 12:14:47.128  1685  5242 D CompatibilityChangeReporter: Compat change id reported: 183164979; UID 10269; state: ENABLED
02-15 12:14:47.317  1685  5242 D CompatibilityChangeReporter: Compat change id reported: 168419799; UID 10269; state: DISABLED
02-15 12:14:47.619  1685  1685 I ActivityManager: com.android.vending is exempt from freezer
02-15 12:14:47.619  1685  1685 D CompatibilityChangeReporter: Compat change id reported: 135634846; UID 1010130; state: DISABLED
02-15 12:14:47.619  1685  1685 D CompatibilityChangeReporter: Compat change id reported: 177438394; UID 1010130; state: DISABLED
02-15 12:14:47.619  1685  1685 D CompatibilityChangeReporter: Compat change id reported: 135772972; UID 1010130; state: DISABLED
02-15 12:14:47.619  1685  1685 D CompatibilityChangeReporter: Compat change id reported: 135754954; UID 1010130; state: ENABLED
02-15 12:14:47.620  1685  1784 D CompatibilityChangeReporter: Compat change id reported: 143937733; UID 1010130; state: ENABLED
02-15 12:14:47.631  1685  5959 W JobScheduler: Job didn't exist in JobStore: a6b00b8 #u0a162/555003483 com.google.android.apps.photos/androidx.work.impl.background.systemjob.SystemJobService
02-15 12:14:47.640  1685  1784 I ActivityManager: Start proc 32666:com.android.vending:background/u10a130 for service {com.android.vending/com.google.android.finsky.scheduler.process.backgroundimpl.PhoneskyJobServiceBackground}
02-15 12:14:47.860  1685  3928 D CompatibilityChangeReporter: Compat change id reported: 161145287; UID 1010130; state: DISABLED
02-15 12:14:48.158  1685  3956 W JobScheduler: Job didn't exist in JobStore: 8d10d80 #u10a130/10163 com.android.vending/com.google.android.finsky.scheduler.process.backgroundimpl.PhoneskyJobServiceBackground
02-15 12:14:48.182  1685  1987 D ActivityManager: sync unfroze 21508 android.process.acore
02-15 12:14:48.198  1685  5996 D CompatibilityChangeReporter: Compat change id reported: 194532703; UID 1010130; state: ENABLED
02-15 12:14:48.253  1685  3377 D ActivityManager: sync unfroze 26182 com.google.process.gapps
02-15 12:14:48.266  1685  1685 W NotificationHistory: Attempted to add notif for locked/gone/disabled user 10
02-15 12:14:48.476  1685  5998 I ContentCaptureManagerService: Data share request accepted by Content Capture service
02-15 12:14:48.584  1685  1685 D CompatibilityChangeReporter: Compat change id reported: 135634846; UID 10100; state: DISABLED
02-15 12:14:48.584  1685  1685 D CompatibilityChangeReporter: Compat change id reported: 177438394; UID 10100; state: DISABLED
02-15 12:14:48.584  1685  1685 D CompatibilityChangeReporter: Compat change id reported: 135772972; UID 10100; state: DISABLED
02-15 12:14:48.584  1685  1685 D CompatibilityChangeReporter: Compat change id reported: 135754954; UID 10100; state: ENABLED
02-15 12:14:48.585  1685  1784 D CompatibilityChangeReporter: Compat change id reported: 143937733; UID 10100; state: ENABLED
02-15 12:14:48.598  1685  1784 I ActivityManager: Start proc 32749:com.google.android.partnersetup/u0a100 for service {com.google.android.partnersetup/com.google.android.partnersetup.InstalledAppJobService}
02-15 12:14:48.608  1685  2637 W JobScheduler: Job didn't exist in JobStore: f41afff #u0a162/1034 com.google.android.apps.photos/com.google.android.libraries.social.mediamonitor.MediaMonitorJobSchedulerService
02-15 12:14:48.610  1685  2637 D CompatibilityChangeReporter: Compat change id reported: 135634846; UID 1010100; state: DISABLED
02-15 12:14:48.610  1685  2637 D CompatibilityChangeReporter: Compat change id reported: 177438394; UID 1010100; state: DISABLED
02-15 12:14:48.610  1685  2637 D CompatibilityChangeReporter: Compat change id reported: 135772972; UID 1010100; state: DISABLED
02-15 12:14:48.610  1685  2637 D CompatibilityChangeReporter: Compat change id reported: 135754954; UID 1010100; state: ENABLED
02-15 12:14:48.611  1685  1784 D CompatibilityChangeReporter: Compat change id reported: 143937733; UID 1010100; state: ENABLED
02-15 12:14:48.618  1685  3956 I ContentCaptureManagerService: Data share request accepted by Content Capture service
02-15 12:14:48.620  1685  3377 D CompatibilityChangeReporter: Compat change id reported: 168419799; UID 10100; state: DISABLED
02-15 12:14:48.630  1685  1784 I ActivityManager: Start proc 302:com.google.android.partnersetup/u10a100 for service {com.google.android.partnersetup/com.google.android.partnersetup.InstalledAppJobService}
02-15 12:14:48.631  1685  3956 W UriGrantsManagerService: No permission grants found for com.google.android.apps.photos
02-15 12:14:48.636  1685  3377 W UriGrantsManagerService: No permission grants found for com.google.android.apps.photos
02-15 12:14:48.645  1685  3956 D CompatibilityChangeReporter: Compat change id reported: 168419799; UID 1010100; state: DISABLED
02-15 12:14:48.743  1685  5996 D CompatibilityChangeReporter: Compat change id reported: 194532703; UID 1010100; state: ENABLED
02-15 12:14:48.746  1685  2637 W JobScheduler: Job didn't exist in JobStore: 22a3d4c #u10a100/4096 com.google.android.partnersetup/.InstalledAppJobService
02-15 12:14:48.748  1685  2637 D CompatibilityChangeReporter: Compat change id reported: 135634846; UID 10171; state: DISABLED
02-15 12:14:48.748  1685  2637 D CompatibilityChangeReporter: Compat change id reported: 177438394; UID 10171; state: DISABLED
02-15 12:14:48.748  1685  2637 D CompatibilityChangeReporter: Compat change id reported: 135772972; UID 10171; state: DISABLED
02-15 12:14:48.748  1685  2637 D CompatibilityChangeReporter: Compat change id reported: 135754954; UID 10171; state: ENABLED
02-15 12:14:48.748  1685  1784 D CompatibilityChangeReporter: Compat change id reported: 143937733; UID 10171; state: ENABLED
02-15 12:14:48.758  1685  3377 D CompatibilityChangeReporter: Compat change id reported: 135634846; UID 10105; state: DISABLED
02-15 12:14:48.758  1685  3377 D CompatibilityChangeReporter: Compat change id reported: 177438394; UID 10105; state: DISABLED
02-15 12:14:48.758  1685  3377 D CompatibilityChangeReporter: Compat change id reported: 135772972; UID 10105; state: DISABLED
02-15 12:14:48.758  1685  3377 D CompatibilityChangeReporter: Compat change id reported: 135754954; UID 10105; state: ENABLED
02-15 12:14:48.762  1685  1784 I ActivityManager: Start proc 414:com.google.android.apps.work.clouddpc/u0a171 for service {com.google.android.apps.work.clouddpc/com.google.android.apps.work.clouddpc.base.services.HealthCheckJobService}
02-15 12:14:48.762  1685  1784 D CompatibilityChangeReporter: Compat change id reported: 143937733; UID 10105; state: ENABLED
02-15 12:14:48.773  1685  1784 I ActivityManager: Start proc 439:com.google.android.apps.wellbeing/u0a105 for service {com.google.android.apps.wellbeing/androidx.work.impl.background.systemjob.SystemJobService}
02-15 12:14:48.806  1685  3956 D CompatibilityChangeReporter: Compat change id reported: 194532703; UID 10100; state: ENABLED
02-15 12:14:48.814  1685  3956 W JobScheduler: Job didn't exist in JobStore: a5e6233 #u0a100/4096 com.google.android.partnersetup/.InstalledAppJobService
02-15 12:14:48.816  1685  3956 D CompatibilityChangeReporter: Compat change id reported: 135634846; UID 1010138; state: DISABLED
02-15 12:14:48.816  1685  3956 D CompatibilityChangeReporter: Compat change id reported: 177438394; UID 1010138; state: DISABLED
02-15 12:14:48.816  1685  3956 D CompatibilityChangeReporter: Compat change id reported: 135772972; UID 1010138; state: DISABLED
02-15 12:14:48.816  1685  3956 D CompatibilityChangeReporter: Compat change id reported: 135754954; UID 1010138; state: ENABLED
02-15 12:14:48.816  1685  1784 D CompatibilityChangeReporter: Compat change id reported: 143937733; UID 1010138; state: ENABLED
02-15 12:14:48.828  1685  1784 I ActivityManager: Start proc 528:com.google.android.apps.turbo:aab/u10a138 for service {com.google.android.apps.turbo/com.google.android.libraries.smartbattery.appusage.library.InferAppBucketsJob}
02-15 12:14:48.900  1685  1685 D ActivityManager: sync unfroze 29373 com.google.android.apps.internal.betterbug
02-15 12:14:48.917  1685  5242 D ActivityManager: sync unfroze 29318 com.google.android.apps.internal.betterbug
02-15 12:14:48.922  1685  5242 W DevicePolicyManager: Only owner/system user is allowed to set storage encryption. User 10 is not permitted.
02-15 12:14:48.945  1685  5242 W JobScheduler: Job didn't exist in JobStore: cd66d07 #u0a102/201471527 com.google.android.apps.scone/.awareness.OosObserver
02-15 12:14:48.985  1685  5023 W JobScheduler: Job didn't exist in JobStore: d0c5f55 #u0a162/555003484 com.google.android.apps.photos/androidx.work.impl.background.systemjob.SystemJobService
02-15 12:14:48.998  1685  5023 D ActivityManager: sync unfroze 25427 com.google.android.turboadapter
02-15 12:14:49.073  1685  6948 D CompatibilityChangeReporter: Compat change id reported: 161145287; UID 1010138; state: DISABLED
02-15 12:14:49.117  1685  5242 D CompatibilityChangeReporter: Compat change id reported: 168419799; UID 10060; state: DISABLED
02-15 12:14:49.283  1685  3377 D CompatibilityChangeReporter: Compat change id reported: 135634846; UID 1001000; state: DISABLED
02-15 12:14:49.283  1685  3377 D CompatibilityChangeReporter: Compat change id reported: 177438394; UID 1001000; state: DISABLED
02-15 12:14:49.283  1685  3377 D CompatibilityChangeReporter: Compat change id reported: 135772972; UID 1001000; state: DISABLED
02-15 12:14:49.283  1685  3377 D CompatibilityChangeReporter: Compat change id reported: 135754954; UID 1001000; state: ENABLED
02-15 12:14:49.285  1685  6948 W BroadcastQueue: Background execution not allowed: receiving Intent { act=android.intent.action.DROPBOX_ENTRY_ADDED flg=0x10 (has extras) } to com.google.android.gms/.stats.service.DropBoxEntryAddedReceiver
02-15 12:14:49.286  1685  1783 W BroadcastQueue: Background execution not allowed: receiving Intent { act=android.intent.action.DROPBOX_ENTRY_ADDED flg=0x10 (has extras) } to com.google.android.gms/.chimera.GmsIntentOperationService$PersistentTrustedReceiver
02-15 12:14:49.287  1685  1783 W BroadcastQueue: Background execution not allowed: receiving Intent { act=android.intent.action.DROPBOX_ENTRY_ADDED flg=0x10 (has extras) } to com.google.android.gms/.stats.service.DropBoxEntryAddedReceiver
02-15 12:14:49.287  1685  1783 W BroadcastQueue: Background execution not allowed: receiving Intent { act=android.intent.action.DROPBOX_ENTRY_ADDED flg=0x10 (has extras) } to com.google.android.gms/.chimera.GmsIntentOperationService$PersistentTrustedReceiver
02-15 12:14:49.287  1685  1783 W BroadcastQueue: Background execution not allowed: receiving Intent { act=android.intent.action.DROPBOX_ENTRY_ADDED flg=0x10 (has extras) } to com.google.android.gms/.stats.service.DropBoxEntryAddedReceiver
02-15 12:14:49.287  1685  1783 W BroadcastQueue: Background execution not allowed: receiving Intent { act=android.intent.action.DROPBOX_ENTRY_ADDED flg=0x10 (has extras) } to com.google.android.gms/.chimera.GmsIntentOperationService$PersistentTrustedReceiver
02-15 12:14:49.287  1685  1783 W BroadcastQueue: Background execution not allowed: receiving Intent { act=android.intent.action.DROPBOX_ENTRY_ADDED flg=0x10 (has extras) } to com.google.android.gms/.stats.service.DropBoxEntryAddedReceiver
02-15 12:14:49.287  1685  1783 W BroadcastQueue: Background execution not allowed: receiving Intent { act=android.intent.action.DROPBOX_ENTRY_ADDED flg=0x10 (has extras) } to com.google.android.gms/.chimera.GmsIntentOperationService$PersistentTrustedReceiver
02-15 12:14:49.287  1685  5996 D CompatibilityChangeReporter: Compat change id reported: 135634846; UID 10074; state: DISABLED
02-15 12:14:49.287  1685  5996 D CompatibilityChangeReporter: Compat change id reported: 177438394; UID 10074; state: DISABLED
02-15 12:14:49.287  1685  5996 D CompatibilityChangeReporter: Compat change id reported: 135772972; UID 10074; state: DISABLED
02-15 12:14:49.287  1685  5996 D CompatibilityChangeReporter: Compat change id reported: 135754954; UID 10074; state: ENABLED
02-15 12:14:49.303  1685  1784 I ActivityManager: Start proc 784:com.android.keychain/u10s1000 for service {com.android.keychain/com.android.keychain.KeyChainService}
02-15 12:14:49.303  1685  1784 D CompatibilityChangeReporter: Compat change id reported: 143937733; UID 10074; state: ENABLED
02-15 12:14:49.318  1685  1784 I ActivityManager: Start proc 799:com.android.providers.calendar/u0a74 for content provider {com.android.providers.calendar/com.android.providers.calendar.CalendarProvider2}
02-15 12:14:49.323  1685  5242 D CompatibilityChangeReporter: Compat change id reported: 168419799; UID 1001000; state: DISABLED
02-15 12:14:49.333  1685  5023 D CompatibilityChangeReporter: Compat change id reported: 168419799; UID 10074; state: DISABLED
02-15 12:14:49.419  1685  6948 D CompatibilityChangeReporter: Compat change id reported: 161145287; UID 10074; state: DISABLED
02-15 12:14:49.427  1685  5996 W BroadcastQueue: Background execution not allowed: receiving Intent { act=android.intent.action.DROPBOX_ENTRY_ADDED flg=0x10 (has extras) } to com.google.android.gms/.stats.service.DropBoxEntryAddedReceiver
02-15 12:14:49.428  1685  1783 W BroadcastQueue: Background execution not allowed: receiving Intent { act=android.intent.action.DROPBOX_ENTRY_ADDED flg=0x10 (has extras) } to com.google.android.gms/.chimera.GmsIntentOperationService$PersistentTrustedReceiver
02-15 12:14:49.428  1685  1783 W BroadcastQueue: Background execution not allowed: receiving Intent { act=android.intent.action.DROPBOX_ENTRY_ADDED flg=0x10 (has extras) } to com.google.android.gms/.stats.service.DropBoxEntryAddedReceiver
02-15 12:14:49.428  1685  1783 W BroadcastQueue: Background execution not allowed: receiving Intent { act=android.intent.action.DROPBOX_ENTRY_ADDED flg=0x10 (has extras) } to com.google.android.gms/.chimera.GmsIntentOperationService$PersistentTrustedReceiver
02-15 12:14:49.502  1685  1783 W BroadcastQueue: Background execution not allowed: receiving Intent { act=android.app.action.SYSTEM_UPDATE_POLICY_CHANGED flg=0x10 } to com.google.android.gms/.chimera.GmsIntentOperationService$GmsExternalReceiver
02-15 12:14:49.503  1685  1783 W BroadcastQueue: Background execution not allowed: receiving Intent { act=android.app.action.SYSTEM_UPDATE_POLICY_CHANGED flg=0x10 } to com.google.android.gms/.chimera.GmsIntentOperationService$PersistentTrustedReceiver
02-15 12:14:49.572  1685  5996 W UriGrantsManagerService: No permission grants found for com.google.android.apps.photos
02-15 12:14:49.577  1685  5998 D CompatibilityChangeReporter: Compat change id reported: 194532703; UID 10171; state: ENABLED
02-15 12:14:49.580  1685  5996 W UriGrantsManagerService: No permission grants found for com.google.android.apps.photos
02-15 12:14:49.586  1685  3956 D CompatibilityChangeReporter: Compat change id reported: 143231523; UID 10074; state: DISABLED
02-15 12:14:49.593  1685  5242 W UriGrantsManagerService: No permission grants found for com.google.android.apps.photos
02-15 12:14:49.616  1685  5998 W UriGrantsManagerService: No permission grants found for com.google.android.apps.photos
02-15 12:14:49.779  1685  5023 W UriGrantsManagerService: No permission grants found for com.google.android.apps.photos
02-15 12:14:49.796  1685  5023 D CompatibilityChangeReporter: Compat change id reported: 194532703; UID 10105; state: ENABLED
02-15 12:14:49.797  1685  2637 W UriGrantsManagerService: No permission grants found for com.google.android.apps.photos
02-15 12:14:49.819  1685  5242 I BackupManagerService: Making backup active
02-15 12:14:49.819  1685  5242 I BackupManagerService: userId 10 already started, so not starting again
02-15 12:14:49.841  1685  5998 W JobScheduler: Job didn't exist in JobStore: f2954bc #u0a105/4325 com.google.android.apps.wellbeing/androidx.work.impl.background.systemjob.SystemJobService
02-15 12:14:49.906  1685  5242 D CompatibilityChangeReporter: Compat change id reported: 161145287; UID 10105; state: DISABLED
02-15 12:14:50.020  1685  1685 W NotificationHistory: Attempted to add notif for locked/gone/disabled user 0
02-15 12:14:50.026  1685  5996 D DevicePolicyManager: updateNetworkPreferenceForUser to [ProfileNetworkPreference{mPreference=0mIncludedUids=[]mExcludedUids=[]mPreferenceEnterpriseId=0}]
02-15 12:14:50.079  1685  5998 W DevicePolicyManager: Only owner/system user is allowed to set storage encryption. User 10 is not permitted.
02-15 12:14:50.152  1685  5998 D CompatibilityChangeReporter: Compat change id reported: 168419799; UID 10105; state: DISABLED
02-15 12:14:50.223  1685  6948 I ContentCaptureManagerService: Data share request accepted by Content Capture service
02-15 12:14:50.344  1685  5998 D CompatibilityChangeReporter: Compat change id reported: 218533173; UID 1010154; state: ENABLED
02-15 12:14:50.397  1685  5023 D CompatibilityChangeReporter: Compat change id reported: 194532703; UID 1010138; state: ENABLED
02-15 12:14:50.523  1685  5023 I DevicePolicyManager: Profile off deadline alarm is removed.
02-15 12:14:53.353  1685  2729 W DevicePolicyManager: Only owner/system user is allowed to set storage encryption. User 10 is not permitted.
02-15 12:14:53.512  1685  2729 D CompatibilityChangeReporter: Compat change id reported: 168419799; UID 1001000; state: DISABLED
02-15 12:14:53.606  1685  1783 W BroadcastQueue: Background execution not allowed: receiving Intent { act=android.app.action.SYSTEM_UPDATE_POLICY_CHANGED flg=0x10 } to com.google.android.gms/.chimera.GmsIntentOperationService$GmsExternalReceiver
02-15 12:14:53.606  1685  1783 W BroadcastQueue: Background execution not allowed: receiving Intent { act=android.app.action.SYSTEM_UPDATE_POLICY_CHANGED flg=0x10 } to com.google.android.gms/.chimera.GmsIntentOperationService$PersistentTrustedReceiver
02-15 12:14:53.804  1685  5998 I BackupManagerService: Making backup active
02-15 12:14:53.804  1685  5998 I BackupManagerService: userId 10 already started, so not starting again
02-15 12:14:53.939  1685  3956 D DevicePolicyManager: updateNetworkPreferenceForUser to [ProfileNetworkPreference{mPreference=0mIncludedUids=[]mExcludedUids=[]mPreferenceEnterpriseId=0}]
02-15 12:14:53.993  1685  3956 W DevicePolicyManager: Only owner/system user is allowed to set storage encryption. User 10 is not permitted.
02-15 12:14:54.315  1685  5242 D CompatibilityChangeReporter: Compat change id reported: 149924527; UID 1010146; state: ENABLED
02-15 12:14:54.315  1685  5242 D CompatibilityChangeReporter: Compat change id reported: 132649864; UID 1010146; state: DISABLED
02-15 12:14:54.316  1685  2729 D CompatibilityChangeReporter: Compat change id reported: 182734110; UID 1010146; state: ENABLED
02-15 12:14:54.359  1685  5242 I DevicePolicyManager: Profile off deadline alarm is removed.
02-15 12:14:54.388  1685  5242 D CompatibilityChangeReporter: Compat change id reported: 161252188; UID 1010186; state: ENABLED
02-15 12:14:54.397  1685  5242 D CompatibilityChangeReporter: Compat change id reported: 161252188; UID 1010154; state: ENABLED
02-15 12:14:55.850  1685  5242 W ProcessStats: Tracking association SourceState{1c442af com.google.android.gm/10186 Top #190964} whose proc state 1 is better than process ProcessState{f3be6bc com.google.android.gms/10146 pkg=com.google.android.gms} proc state 7 (1467 skipped)
02-15 12:14:55.915  1685  1783 D CompatibilityChangeReporter: Compat change id reported: 135634846; UID 10256; state: DISABLED
02-15 12:14:55.915  1685  1783 D CompatibilityChangeReporter: Compat change id reported: 177438394; UID 10256; state: DISABLED
02-15 12:14:55.915  1685  1783 D CompatibilityChangeReporter: Compat change id reported: 135772972; UID 10256; state: DISABLED
02-15 12:14:55.915  1685  1783 D CompatibilityChangeReporter: Compat change id reported: 135754954; UID 10256; state: ENABLED
02-15 12:14:55.917  1685  1784 D CompatibilityChangeReporter: Compat change id reported: 143937733; UID 10256; state: ENABLED
02-15 12:14:55.932  1685  1784 I ActivityManager: Start proc 947:com.google.android.apps.fitness/u0a256 for broadcast {com.google.android.apps.fitness/com.google.android.apps.fitness.shared.sync.receiver.PlatformSyncListener_Receiver}
02-15 12:14:56.037  1685  3956 D CompatibilityChangeReporter: Compat change id reported: 149924527; UID 10146; state: ENABLED
02-15 12:14:56.038  1685  3956 D CompatibilityChangeReporter: Compat change id reported: 132649864; UID 10146; state: DISABLED
02-15 12:14:56.038  1685  5998 D CompatibilityChangeReporter: Compat change id reported: 182734110; UID 10146; state: ENABLED
02-15 12:14:56.109  1685  3956 D CompatibilityChangeReporter: Compat change id reported: 161252188; UID 10110; state: ENABLED
02-15 12:14:56.125  1685  3377 D CompatibilityChangeReporter: Compat change id reported: 161252188; UID 10186; state: ENABLED
02-15 12:14:56.145  1685  5998 D CompatibilityChangeReporter: Compat change id reported: 161145287; UID 10256; state: DISABLED
02-15 12:14:56.293  1685  5998 D CompatibilityChangeReporter: Compat change id reported: 194532703; UID 10256; state: ENABLED
02-15 12:14:56.433  1685  3377 D CompatibilityChangeReporter: Compat change id reported: 161145287; UID 10171; state: DISABLED
02-15 12:14:56.454  1685  3377 I DropBoxManagerService: add tag=platform_stats_bookmark isTagEnabled=true flags=0x2
02-15 12:14:56.538  1685  6948 D ActivityManager: sync unfroze 29454 com.google.android.apps.healthdata
02-15 12:14:56.539  1685  6948 D CompatibilityChangeReporter: Compat change id reported: 168419799; UID 10271; state: DISABLED
02-15 12:14:57.572  1685  3956 W BroadcastQueue: Background execution not allowed: receiving Intent { act=android.intent.action.DROPBOX_ENTRY_ADDED flg=0x10 (has extras) } to com.google.android.gms/.stats.service.DropBoxEntryAddedReceiver
02-15 12:14:57.576  1685  1783 W BroadcastQueue: Background execution not allowed: receiving Intent { act=android.intent.action.DROPBOX_ENTRY_ADDED flg=0x10 (has extras) } to com.google.android.gms/.chimera.GmsIntentOperationService$PersistentTrustedReceiver
02-15 12:14:57.576  1685  1783 W BroadcastQueue: Background execution not allowed: receiving Intent { act=android.intent.action.DROPBOX_ENTRY_ADDED flg=0x10 (has extras) } to com.google.android.gms/.stats.service.DropBoxEntryAddedReceiver
